ARM Linker, 5.03 [Build 76] [MDK-ARM Standard]

==============================================================================

Section Cross References

    main.o(.text) refers to boot.o(.text) for boot
    main.o(.text) refers to imu.o(.text) for imu
    main.o(.text) refers to referee.o(.text) for send_odm_msg
    main.o(.text) refers to main.o(.bss) for Send_data
    delay.o(.text) refers to misc.o(.text) for SysTick_CLKSourceConfig
    delay.o(.text) refers to delay.o(.data) for fac_us
    boot.o(.text) refers to delay.o(.text) for delay_init
    boot.o(.text) refers to referee.o(.text) for refereeConfig
    boot.o(.text) refers to communication.o(.text) for can2Config
    boot.o(.text) refers to i2c.o(.text) for I2C_INIT
    boot.o(.text) refers to 6050.o(.text) for InitMPU6050
    boot.o(.text) refers to clock.o(.text) for sysConfig
    clock.o(.text) refers to stm32f4xx_rcc.o(.text) for RCC_APB1PeriphClockCmd
    clock.o(.text) refers to stm32f4xx_tim.o(.text) for TIM_ARRPreloadConfig
    clock.o(.text) refers to misc.o(.text) for NVIC_PriorityGroupConfig
    clock.o(.text) refers to controltask.o(.text) for runControl
    clock.o(.text) refers to controltask.o(.data) for sys
    clock.o(.text) refers to clock.o(.data) for clock_count
    communication.o(.text) refers to stm32f4xx_rcc.o(.text) for RCC_AHB1PeriphClockCmd
    communication.o(.text) refers to stm32f4xx_gpio.o(.text) for GPIO_Init
    communication.o(.text) refers to stm32f4xx_can.o(.text) for CAN_Init
    communication.o(.text) refers to misc.o(.text) for NVIC_Init
    communication.o(.text) refers to stm32f4xx_usart.o(.text) for USART_DeInit
    communication.o(.text) refers to stm32f4xx_dma.o(.text) for DMA_DeInit
    communication.o(.text) refers to comunicatetask.o(.text) for readRemote
    communication.o(.text) refers to communication.o(.bss) for sbus_rx_buffer
    communication.o(.text) refers to communication.o(.data) for this_time_rx_len
    communication.o(.text) refers to comunicatetask.o(.bss) for remote
    communication.o(.text) refers to comunicatetask.o(.data) for can1Recieve
    communication.o(.text) refers to holder.o(.bss) for motor
    communication.o(.text) refers to chassistask.o(.bss) for wheelInfo
    iwdg.o(.text) refers to stm32f4xx_iwdg.o(.text) for IWDG_WriteAccessCmd
    6050.o(.text) refers to i2c.o(.text) for Single_Write
    6050.o(.text) refers to delay.o(.text) for delay_ms
    6050.o(.text) refers to 6050.o(.data) for TAddr
    6050.o(.text) refers to 6050.o(.bss) for mpu6050_buffer
    i2c.o(.text) refers to stm32f4xx_rcc.o(.text) for RCC_AHB1PeriphClockCmd
    i2c.o(.text) refers to stm32f4xx_gpio.o(.text) for GPIO_Init
    imu.o(.text) refers to clock.o(.text) for Get_Time_Micros
    imu.o(.text) refers to f2d.o(.text) for __aeabi_f2d
    imu.o(.text) refers to imu.o(.data) for q0
    imu.o(.text) refers to atan2.o(i.__hardfp_atan2) for __hardfp_atan2
    imu.o(.text) refers to dmul.o(.text) for __aeabi_dmul
    imu.o(.text) refers to d2f.o(.text) for __aeabi_d2f
    imu.o(.text) refers to asin.o(i.__hardfp_asin) for __hardfp_asin
    imu.o(.text) refers to dadd.o(.text) for __aeabi_dadd
    imu.o(.text) refers to ddiv.o(.text) for __aeabi_ddiv
    imu.o(.text) refers to imu.o(.bss) for angle
    imu.o(.text) refers to 6050.o(.text) for MPU6050_Read
    imu.o(.text) refers to dflti.o(.text) for __aeabi_i2d
    imu.o(.text) refers to dfixi.o(.text) for __aeabi_d2iz
    imu.o(.text) refers to 6050.o(.bss) for mpu6050_buffer
    controltask.o(.text) refers to chassistask.o(.text) for allParaInit
    controltask.o(.text) refers to holder.o(.text) for holder_Init
    controltask.o(.text) refers to comunicatetask.o(.text) for commuiModeChange
    controltask.o(.text) refers to controltask.o(.data) for key_press_flag
    controltask.o(.text) refers to relay.o(.data) for relay_flag
    controltask.o(.text) refers to 6050.o(.bss) for sensor
    controltask.o(.text) refers to chassistask.o(.bss) for chassisPara
    controltask.o(.text) refers to comunicatetask.o(.bss) for remote
    comunicatetask.o(.text) refers to f2d.o(.text) for __aeabi_f2d
    comunicatetask.o(.text) refers to exp.o(i.__hardfp_exp) for __hardfp_exp
    comunicatetask.o(.text) refers to d2f.o(.text) for __aeabi_d2f
    comunicatetask.o(.text) refers to comunicatetask.o(.bss) for key
    comunicatetask.o(.text) refers to comunicatetask.o(.data) for speed
    comunicatetask.o(.text) refers to myfunc.o(.text) for amplitudeLimiting
    comunicatetask.o(.text) refers to chassistask.o(.text) for Lidar_Func
    comunicatetask.o(.text) refers to stm32f4xx_can.o(.text) for CAN_Transmit
    comunicatetask.o(.text) refers to relay.o(.data) for relay_flag
    comunicatetask.o(.text) refers to referee.o(.bss) for lidar
    holder.o(.text) refers to memcpya.o(.text) for __aeabi_memcpy4
    holder.o(.text) refers to pidtask.o(.text) for pidGet
    holder.o(.text) refers to holder.o(.data) for pitch_init
[...]
    Removing stm32f4xx_dma.o(.revsh_text), (4 bytes).
    Removing dneg.o(.text), (6 bytes).

73 unused section(s) (total 8482 bytes) removed from the image.

==============================================================================

Image Symbol Table

    Local Symbols

    Symbol Name                              Value     Ov Type        Size  Object(Section)

    ../clib/../cmprslib/zerorunl2.c          0x00000000   Number         0  __dczerorl2.o ABSOLUTE
    ../clib/microlib/errno.c                 0x00000000   Number         0  errno.o ABSOLUTE
    ../clib/microlib/init/entry.s            0x00000000   Number         0  entry.o ABSOLUTE
    ../clib/microlib/init/entry.s            0x00000000   Number         0  entry11b.o ABSOLUTE
    ../clib/microlib/init/entry.s            0x00000000   Number         0  entry10b.o ABSOLUTE
    ../clib/microlib/init/entry.s            0x00000000   Number         0  entry10a.o ABSOLUTE
    ../clib/microlib/init/entry.s            0x00000000   Number         0  entry9b.o ABSOLUTE
    ../clib/microlib/init/entry.s            0x00000000   Number         0  entry9a.o ABSOLUTE
    ../clib/microlib/init/entry.s            0x00000000   Number         0  entry8b.o ABSOLUTE
    ../clib/microlib/init/entry.s            0x00000000   Number         0  entry8a.o ABSOLUTE
    ../clib/microlib/init/entry.s            0x00000000   Number         0  entry7b.o ABSOLUTE
    ../clib/microlib/init/entry.s            0x00000000   Number         0  entry7a.o ABSOLUTE
    ../clib/microlib/init/entry.s            0x00000000   Number         0  entry5.o ABSOLUTE
    ../clib/microlib/init/entry.s            0x00000000   Number         0  entry2.o ABSOLUTE
    ../clib/microlib/init/entry.s            0x00000000   Number         0  entry11a.o ABSOLUTE
    ../clib/microlib/longlong.c              0x00000000   Number         0  llsshr.o ABSOLUTE
    ../clib/microlib/longlong.c              0x00000000   Number         0  llushr.o ABSOLUTE
    ../clib/microlib/longlong.c              0x00000000   Number         0  llshl.o ABSOLUTE
    ../clib/microlib/string/memcpy.c         0x00000000   Number         0  memcpyb.o ABSOLUTE
    ../clib/microlib/string/memcpy.c         0x00000000   Number         0  memcpya.o ABSOLUTE
    ../clib/microlib/stubs.s                 0x00000000   Number         0  iusefp.o ABSOLUTE
    ../fplib/microlib/d2f.c                  0x00000000   Number         0  d2f.o ABSOLUTE
    ../fplib/microlib/f2d.c                  0x00000000   Number         0  f2d.o ABSOLUTE
    ../fplib/microlib/fpadd.c                0x00000000   Number         0  dadd.o ABSOLUTE
    ../fplib/microlib/fpdiv.c                0x00000000   Number         0  ddiv.o ABSOLUTE
    ../fplib/microlib/fpepilogue.c           0x00000000   Number         0  depilogue.o ABSOLUTE
    ../fplib/microlib/fpepilogue.c           0x00000000   Number         0  fepilogue.o ABSOLUTE
    ../fplib/microlib/fpfix.c                0x00000000   Number         0  dfixi.o ABSOLUTE
    ../fplib/microlib/fpflt.c                0x00000000   Number         0  dflti.o ABSOLUTE
    ../fplib/microlib/fpmul.c                0x00000000   Number         0  dmul.o ABSOLUTE
    ../fplib/microlib/fpneg.c                0x00000000   Number         0  dneg.o ABSOLUTE
    ../fplib/microlib/fpsqrt.c               0x00000000   Number         0  dsqrt.o ABSOLUTE
    ../mathlib/asin.c                        0x00000000   Number         0  asin.o ABSOLUTE
    ../mathlib/asin.c                        0x00000000   Number         0  asin_x.o ABSOLUTE
    ../mathlib/atan.c                        0x00000000   Number         0  atan_x.o ABSOLUTE
    ../mathlib/atan.c                        0x00000000   Number         0  atan.o ABSOLUTE
    ../mathlib/atan2.c                       0x00000000   Number         0  atan2.o ABSOLUTE
    ../mathlib/atan2.c                       0x00000000   Number         0  atan2_x.o ABSOLUTE
    ../mathlib/dunder.c                      0x00000000   Number         0  dunder.o ABSOLUTE
    ../mathlib/exp.c                         0x00000000   Number         0  exp.o ABSOLUTE
    ../mathlib/exp.c                         0x00000000   Number         0  exp_x.o ABSOLUTE
    ../mathlib/fabs.c                        0x00000000   Number         0  fabs.o ABSOLUTE
    ../mathlib/fpclassify.c                  0x00000000   Number         0  fpclassify.o ABSOLUTE
    ../mathlib/poly.c                        0x00000000   Number         0  poly.o ABSOLUTE
    ../mathlib/qnan.c                        0x00000000   Number         0  qnan.o ABSOLUTE
    ../mathlib/sqrt.c                        0x00000000   Number         0  sqrt.o ABSOLUTE
    ../mathlib/sqrt.c                        0x00000000   Number         0  sqrt_x.o ABSOLUTE
    ..\Libraries\misc.c                      0x00000000   Number         0  misc.o ABSOLUTE
    ..\Libraries\startup_stm32f40_41xxx.s    0x00000000   Number         0  startup_stm32f40_41xxx.o ABSOLUTE
    ..\Libraries\stm32f4xx_adc.c             0x00000000   Number         0  stm32f4xx_adc.o ABSOLUTE
    ..\Libraries\stm32f4xx_can.c             0x00000000   Number         0  stm32f4xx_can.o ABSOLUTE
    ..\Libraries\stm32f4xx_dma.c             0x00000000   Number         0  stm32f4xx_dma.o ABSOLUTE
    ..\Libraries\stm32f4xx_gpio.c            0x00000000   Number         0  stm32f4xx_gpio.o ABSOLUTE
    ..\Libraries\stm32f4xx_i2c.c             0x00000000   Number         0  stm32f4xx_i2c.o ABSOLUTE
    ..\Libraries\stm32f4xx_iwdg.c            0x00000000   Number         0  stm32f4xx_iwdg.o ABSOLUTE
    ..\Libraries\stm32f4xx_pwr.c             0x00000000   Number         0  stm32f4xx_pwr.o ABSOLUTE
    ..\Libraries\stm32f4xx_rcc.c             0x00000000   Number         0  stm32f4xx_rcc.o ABSOLUTE
    ..\Libraries\stm32f4xx_rtc.c             0x00000000   Number         0  stm32f4xx_rtc.o ABSOLUTE
    ..\Libraries\stm32f4xx_tim.c             0x00000000   Number         0  stm32f4xx_tim.o ABSOLUTE
    ..\Libraries\stm32f4xx_usart.c           0x00000000   Number         0  stm32f4xx_usart.o ABSOLUTE
    ..\Libraries\system_stm32f4xx.c          0x00000000   Number         0  system_stm32f4xx.o ABSOLUTE
    ..\User\Src\BSP\Boot.c                   0x00000000   Number         0  boot.o ABSOLUTE
    ..\User\Src\BSP\Clock.c                  0x00000000   Number         0  clock.o ABSOLUTE
    ..\User\Src\BSP\Communication.c          0x00000000   Number         0  communication.o ABSOLUTE
    ..\User\Src\BSP\IWDG.c                   0x00000000   Number         0  iwdg.o ABSOLUTE
    ..\User\Src\BSP\MyFunc.c                 0x00000000   Number         0  myfunc.o ABSOLUTE
    ..\User\Src\BSP\delay.c                  0x00000000   Number         0  delay.o ABSOLUTE
    ..\User\Src\BSP\sys.c                    0x00000000   Number         0  sys.o ABSOLUTE
    ..\User\Src\IMU\6050.c                   0x00000000   Number         0  6050.o ABSOLUTE
    ..\User\Src\IMU\I2C.c                    0x00000000   Number         0  i2c.o ABSOLUTE
    ..\User\Src\IMU\Imu.c                    0x00000000   Number         0  imu.o ABSOLUTE
    ..\User\Src\Referee\Referee.c            0x00000000   Number         0  referee.o ABSOLUTE
    ..\User\Src\Task\ChassisTask.c           0x00000000   Number         0  chassistask.o ABSOLUTE
    ..\User\Src\Task\ComunicateTask.c        0x00000000   Number         0  comunicatetask.o ABSOLUTE
    ..\User\Src\Task\ControlTask.c           0x00000000   Number         0  controltask.o ABSOLUTE
    ..\User\Src\Task\PidTask.c               0x00000000   Number         0  pidtask.o ABSOLUTE
    ..\User\Src\Task\Relay.c                 0x00000000   Number         0  relay.o ABSOLUTE
    ..\User\Src\Task\holder.c                0x00000000   Number         0  holder.o ABSOLUTE
    ..\User\Src\main.c                       0x00000000   Number         0  main.o ABSOLUTE
    ..\\Libraries\\misc.c                    0x00000000   Number         0  misc.o ABSOLUTE
    ..\\Libraries\\stm32f4xx_adc.c           0x00000000   Number         0  stm32f4xx_adc.o ABSOLUTE
    ..\\Libraries\\stm32f4xx_can.c           0x00000000   Number         0  stm32f4xx_can.o ABSOLUTE
    ..\\Libraries\\stm32f4xx_dma.c           0x00000000   Number         0  stm32f4xx_dma.o ABSOLUTE
    ..\\Libraries\\stm32f4xx_gpio.c          0x00000000   Number         0  stm32f4xx_gpio.o ABSOLUTE
    ..\\Libraries\\stm32f4xx_i2c.c           0x00000000   Number         0  stm32f4xx_i2c.o ABSOLUTE
    ..\\Libraries\\stm32f4xx_iwdg.c          0x00000000   Number         0  stm32f4xx_iwdg.o ABSOLUTE
    ..\\Libraries\\stm32f4xx_pwr.c           0x00000000   Number         0  stm32f4xx_pwr.o ABSOLUTE
    ..\\Libraries\\stm32f4xx_rcc.c           0x00000000   Number         0  stm32f4xx_rcc.o ABSOLUTE
    ..\\Libraries\\stm32f4xx_rtc.c           0x00000000   Number         0  stm32f4xx_rtc.o ABSOLUTE
    ..\\Libraries\\stm32f4xx_tim.c           0x00000000   Number         0  stm32f4xx_tim.o ABSOLUTE
    ..\\Libraries\\stm32f4xx_usart.c         0x00000000   Number         0  stm32f4xx_usart.o ABSOLUTE
    ..\\Libraries\\system_stm32f4xx.c        0x00000000   Number         0  system_stm32f4xx.o ABSOLUTE
    ..\\User\\Src\\BSP\\Boot.c               0x00000000   Number         0  boot.o ABSOLUTE
    ..\\User\\Src\\BSP\\Clock.c              0x00000000   Number         0  clock.o ABSOLUTE
    ..\\User\\Src\\BSP\\Communication.c      0x00000000   Number         0  communication.o ABSOLUTE
    ..\\User\\Src\\BSP\\IWDG.c               0x00000000   Number         0  iwdg.o ABSOLUTE
    ..\\User\\Src\\BSP\\MyFunc.c             0x00000000   Number         0  myfunc.o ABSOLUTE
    ..\\User\\Src\\BSP\\delay.c              0x00000000   Number         0  delay.o ABSOLUTE
    ..\\User\\Src\\BSP\\sys.c                0x00000000   Number         0  sys.o ABSOLUTE
    ..\\User\\Src\\IMU\\6050.c               0x00000000   Number         0  6050.o ABSOLUTE
    ..\\User\\Src\\IMU\\I2C.c                0x00000000   Number         0  i2c.o ABSOLUTE
    ..\\User\\Src\\IMU\\Imu.c                0x00000000   Number         0  imu.o ABSOLUTE
    ..\\User\\Src\\Referee\\Referee.c        0x00000000   Number         0  referee.o ABSOLUTE
    ..\\User\\Src\\Task\\ChassisTask.c       0x00000000   Number         0  chassistask.o ABSOLUTE
    ..\\User\\Src\\Task\\ComunicateTask.c    0x00000000   Number         0  comunicatetask.o ABSOLUTE
    ..\\User\\Src\\Task\\ControlTask.c       0x00000000   Number         0  controltask.o ABSOLUTE
    ..\\User\\Src\\Task\\PidTask.c           0x00000000   Number         0  pidtask.o ABSOLUTE
    ..\\User\\Src\\Task\\Relay.c             0x00000000   Number         0  relay.o ABSOLUTE
    ..\\User\\Src\\Task\\holder.c            0x00000000   Number         0  holder.o ABSOLUTE
    ..\\User\\Src\\main.c                    0x00000000   Number         0  main.o ABSOLUTE
    cdcmple.s                                0x00000000   Number         0  cdcmple.o ABSOLUTE
    cdrcmple.s                               0x00000000   Number         0  cdrcmple.o ABSOLUTE
    dc.s                                     0x00000000   Number         0  dc.o ABSOLUTE
    handlers.s                               0x00000000   Number         0  handlers.o ABSOLUTE
    init.s                                   0x00000000   Number         0  init.o ABSOLUTE
    RESET                                    0x08000000   Section      392  startup_stm32f40_41xxx.o(RESET)
    .ARM.Collect$$$$00000000                 0x08000188   Section        0  entry.o(.ARM.Collect$$$$00000000)
    .ARM.Collect$$$$00000001                 0x08000188   Section        4  entry2.o(.ARM.Collect$$$$00000001)
    .ARM.Collect$$$$00000004                 0x0800018c   Section        4  entry5.o(.ARM.Collect$$$$00000004)
    .ARM.Collect$$$$00000008                 0x08000190   Section        0  entry7b.o(.ARM.Collect$$$$00000008)
    .ARM.Collect$$$$0000000A                 0x08000190   Section        0  entry8b.o(.ARM.Collect$$$$0000000A)
    .ARM.Collect$$$$0000000B                 0x08000190   Section        8  entry9a.o(.ARM.Collect$$$$0000000B)
    .ARM.Collect$$$$0000000D                 0x08000198   Section        0  entry10a.o(.ARM.Collect$$$$0000000D)
    .ARM.Collect$$$$0000000F                 0x08000198   Section        0  entry11a.o(.ARM.Collect$$$$0000000F)
    .ARM.Collect$$$$00002712                 0x08000198   Section        4  entry2.o(.ARM.Collect$$$$00002712)
    __lit__00000000                          0x08000198   Data           4  entry2.o(.ARM.Collect$$$$00002712)
    .text                                    0x0800019c   Section        0  main.o(.text)
    .text                                    0x080001c0   Section        0  delay.o(.text)
    .text                                    0x080002c0   Section        0  boot.o(.text)
    .text                                    0x080002f8   Section        0  clock.o(.text)
    .text                                    0x080003dc   Section        0  communication.o(.text)
    .text                                    0x080008a8   Section        0  myfunc.o(.text)
    .text                                    0x08000a34   Section        0  6050.o(.text)
    .text                                    0x08000c78   Section        0  i2c.o(.text)
    .text                                    0x08000fdc   Section        0  imu.o(.text)
    KalmanFilter_z                           0x080015d9   Thumb Code   304  imu.o(.text)
    KalmanFilter_y                           0x08001709   Thumb Code   356  imu.o(.text)
    KalmanFilter_x                           0x0800186d   Thumb Code   304  imu.o(.text)
    KalmanFilter_speed                       0x08001c33   Thumb Code   362  imu.o(.text)
    .text                                    0x08001dac   Section        0  controltask.o(.text)
    .text                                    0x08001f8c   Section        0  comunicatetask.o(.text)
    .text                                    0x08002720   Section        0  holder.o(.text)
    .text                                    0x08002798   Section        0  chassistask.o(.text)
    .text                                    0x08002b3c   Section        0  pidtask.o(.text)
    .text                                    0x08002d48   Section        0  referee.o(.text)
    .text                                    0x080036b4   Section       36  startup_stm32f40_41xxx.o(.text)
    $v0                                      0x080036b4   Number         0  startup_stm32f40_41xxx.o(.text)
    .text                                    0x080036d8   Section        0  misc.o(.text)
    .text                                    0x080037bc   Section        0  stm32f4xx_can.o(.text)
    CheckITStatus                            0x08003fbf   Thumb Code    16  stm32f4xx_can.o(.text)
    .text                                    0x080041a8   Section        0  stm32f4xx_usart.o(.text)
    .text                                    0x080045fc   Section        0  system_stm32f4xx.o(.text)
    SetSysClock                              0x080045fd   Thumb Code   218  system_stm32f4xx.o(.text)
    .text                                    0x0800480c   Section        0  stm32f4xx_gpio.o(.text)
    .text                                    0x08004aa0   Section        0  stm32f4xx_rcc.o(.text)
    .text                                    0x080050fc   Section        0  stm32f4xx_tim.o(.text)
    TI4_Config                               0x0800589b   Thumb Code    80  stm32f4xx_tim.o(.text)
    TI3_Config                               0x080058fd   Thumb Code    72  stm32f4xx_tim.o(.text)
    TI2_Config                               0x0800595f   Thumb Code    90  stm32f4xx_tim.o(.text)
    TI1_Config                               0x080059cb   Thumb Code    58  stm32f4xx_tim.o(.text)
    .text                                    0x08005da0   Section        0  stm32f4xx_dma.o(.text)
    .text                                    0x08006144   Section        0  memcpya.o(.text)
    .text                                    0x08006168   Section        0  dadd.o(.text)
    .text                                    0x080062b6   Section        0  dmul.o(.text)
    .text                                    0x0800639a   Section        0  ddiv.o(.text)
    .text                                    0x08006478   Section        0  dflti.o(.text)
    .text                                    0x0800649a   Section        0  dfixi.o(.text)
    .text                                    0x080064d8   Section        0  f2d.o(.text)
    .text                                    0x080064fe   Section        0  d2f.o(.text)
    .text                                    0x08006536   Section        0  llshl.o(.text)
    .text                                    0x08006554   Section        0  llushr.o(.text)
    .text                                    0x08006574   Section        0  llsshr.o(.text)
    .text                                    0x08006598   Section        0  iusefp.o(.text)
    .text                                    0x08006598   Section        0  fepilogue.o(.text)
    .text                                    0x08006604   Section        0  depilogue.o(.text)
    .text                                    0x080066c4   Section       40  cdcmple.o(.text)
    .text                                    0x080066ec   Section       40  cdrcmple.o(.text)
    .text                                    0x08006714   Section       36  init.o(.text)
    .text                                    0x08006738   Section        0  dsqrt.o(.text)
    .text                                    0x080067da   Section        0  __dczerorl2.o(.text)
    i.__ARM_fpclassify                       0x08006836   Section        0  fpclassify.o(i.__ARM_fpclassify)
    i.__hardfp_asin                          0x08006868   Section        0  asin.o(i.__hardfp_asin)
    i.__hardfp_atan                          0x08006bd8   Section        0  atan.o(i.__hardfp_atan)
    i.__hardfp_atan2                         0x08006ec0   Section        0  atan2.o(i.__hardfp_atan2)
    i.__hardfp_exp                           0x080070a0   Section        0  exp.o(i.__hardfp_exp)
    i.__kernel_poly                          0x08007408   Section        0  poly.o(i.__kernel_poly)
    i.__mathlib_dbl_underflow                0x08007500   Section        0  dunder.o(i.__mathlib_dbl_underflow)
    i.__scatterload_copy                     0x08007520   Section       14  handlers.o(i.__scatterload_copy)
    i.__scatterload_null                     0x0800752e   Section        2  handlers.o(i.__scatterload_null)
    i.__scatterload_zeroinit                 0x08007530   Section       14  handlers.o(i.__scatterload_zeroinit)
    i.__set_errno                            0x08007540   Section        0  errno.o(i.__set_errno)
    i.atan                                   0x0800754c   Section        0  atan.o(i.atan)
    i.fabs                                   0x0800755c   Section        0  fabs.o(i.fabs)
    i.sqrt                                   0x0800757c   Section        0  sqrt.o(i.sqrt)
    .constdata                               0x080075ec   Section       64  chassistask.o(.constdata)
    .constdata                               0x0800762c   Section      770  referee.o(.constdata)
    .constdata                               0x08007930   Section       80  asin.o(.constdata)
    pS                                       0x08007930   Data          48  asin.o(.constdata)
    qS                                       0x08007960   Data          32  asin.o(.constdata)
    .constdata                               0x08007980   Section       88  exp.o(.constdata)
    halF                                     0x08007980   Data          16  exp.o(.constdata)
    ln2HI                                    0x08007990   Data          16  exp.o(.constdata)
    ln2LO                                    0x080079a0   Data          16  exp.o(.constdata)
    P                                        0x080079b0   Data          40  exp.o(.constdata)
    .constdata                               0x080079d8   Section      152  atan.o(.constdata)
    atanhi                                   0x080079d8   Data          32  atan.o(.constdata)
    atanlo                                   0x080079f8   Data          32  atan.o(.constdata)
    aTodd                                    0x08007a18   Data          40  atan.o(.constdata)
    aTeven                                   0x08007a40   Data          48  atan.o(.constdata)
    .constdata                               0x08007a70   Section        8  qnan.o(.constdata)
    .data                                    0x20000000   Section        4  delay.o(.data)
    fac_us                                   0x20000000   Data           1  delay.o(.data)
    fac_ms                                   0x20000002   Data           2  delay.o(.data)
    .data                                    0x20000004   Section        4  clock.o(.data)
    .data                                    0x20000008   Section        4  communication.o(.data)
    this_time_rx_len                         0x20000008   Data           4  communication.o(.data)
    .data                                    0x2000000c   Section        1  6050.o(.data)
    .data                                    0x20000010   Section      112  imu.o(.data)
    gyro_filter_cnt                          0x20000035   Data           1  imu.o(.data)
    x_last                                   0x20000038   Data           8  imu.o(.data)
    p_last                                   0x20000040   Data           8  imu.o(.data)
    x_last                                   0x20000048   Data           8  imu.o(.data)
    p_last                                   0x20000050   Data           8  imu.o(.data)
    x_last                                   0x20000058   Data           8  imu.o(.data)
    p_last                                   0x20000060   Data           8  imu.o(.data)
    x_last                                   0x20000068   Data           8  imu.o(.data)
    p_last                                   0x20000070   Data           8  imu.o(.data)
    .data                                    0x20000080   Section       28  controltask.o(.data)
    key_press_flag                           0x20000094   Data           1  controltask.o(.data)
    key                                      0x20000096   Data           2  controltask.o(.data)
    count                                    0x20000098   Data           4  controltask.o(.data)
    .data                                    0x2000009c   Section       16  comunicatetask.o(.data)
    key_press_flag                           0x200000a6   Data           1  comunicatetask.o(.data)
    count                                    0x200000a8   Data           4  comunicatetask.o(.data)
    .data                                    0x200000ac   Section       56  holder.o(.data)
    .data                                    0x200000e4   Section       90  chassistask.o(.data)
    lidar_flag                               0x2000013c   Data           1  chassistask.o(.data)
    .data                                    0x20000140   Section       40  pidtask.o(.data)
    .data                                    0x20000168   Section        7  relay.o(.data)
    .data                                    0x20000170   Section       64  referee.o(.data)
    this_time_rx_len                         0x20000180   Data           4  referee.o(.data)
    this_time_rx_len                         0x20000184   Data           4  referee.o(.data)
    .data                                    0x200001b0   Section       20  system_stm32f4xx.o(.data)
    .data                                    0x200001c4   Section       16  stm32f4xx_rcc.o(.data)
    APBAHBPrescTable                         0x200001c4   Data          16  stm32f4xx_rcc.o(.data)
    .data                                    0x200001d4   Section        4  errno.o(.data)
    _errno                                   0x200001d4   Data           4  errno.o(.data)
    .bss                                     0x200001d8   Section       20  main.o(.bss)
    .bss                                     0x200001ec   Section       18  communication.o(.bss)
    .bss                                     0x20000200   Section      160  6050.o(.bss)
    .bss                                     0x200002a0   Section      132  imu.o(.bss)
    .bss                                     0x20000324   Section      156  comunicatetask.o(.bss)
    .bss                                     0x200003c0   Section      148  holder.o(.bss)
    .bss                                     0x20000454   Section      436  chassistask.o(.bss)
    .bss                                     0x20000608   Section      224  referee.o(.bss)
    STACK                                    0x200006e8   Section     2048  startup_stm32f40_41xxx.o(STACK)

    Global Symbols

    Symbol Name                              Value     Ov Type        Size  Object(Section)

    BuildAttributes$$THM_ISAv4$E$P$D$K$B$S$7EM$VFPi3$EXTD16$VFPS$VFMA$PE$A:L22UL41UL21$X:L11$S22US41US21$IEEE1$IW$USESV6$~STKCKD$USESV7$~SHL$OTIME$ROPI$IEEEX$EBA8$MICROLIB$REQ8$PRES8$EABIv2 0x00000000   Number         0  anon$$obj.o ABSOLUTE
    __ARM_use_no_argv                        0x00000000   Number         0  main.o ABSOLUTE
    __cpp_initialize__aeabi_                  - Undefined Weak Reference
    __cxa_finalize                            - Undefined Weak Reference
    _clock_init                               - Undefined Weak Reference
    _microlib_exit                            - Undefined Weak Reference
    __Vectors_Size                           0x00000188   Number         0  startup_stm32f40_41xxx.o ABSOLUTE
    __Vectors                                0x08000000   Data           4  startup_stm32f40_41xxx.o(RESET)
    __Vectors_End                            0x08000188   Data           0  startup_stm32f40_41xxx.o(RESET)
    __main                                   0x08000189   Thumb Code     0  entry.o(.ARM.Collect$$$$00000000)
    _main_stk                                0x08000189   Thumb Code     0  entry2.o(.ARM.Collect$$$$00000001)
    _main_scatterload                        0x0800018d   Thumb Code     0  entry5.o(.ARM.Collect$$$$00000004)
    __main_after_scatterload                 0x08000191   Thumb Code     0  entry5.o(.ARM.Collect$$$$00000004)
    _main_clock                              0x08000191   Thumb Code     0  entry7b.o(.ARM.Collect$$$$00000008)
    _main_cpp_init                           0x08000191   Thumb Code     0  entry8b.o(.ARM.Collect$$$$0000000A)
    _main_init                               0x08000191   Thumb Code     0  entry9a.o(.ARM.Collect$$$$0000000B)
    __rt_final_cpp                           0x08000199   Thumb Code     0  entry10a.o(.ARM.Collect$$$$0000000D)
    __rt_final_exit                          0x08000199   Thumb Code     0  entry11a.o(.ARM.Collect$$$$0000000F)
    main                                     0x0800019d   Thumb Code    32  main.o(.text)
    delay_init                               0x080001c1   Thumb Code    52  delay.o(.text)
    delay_us                                 0x080001f5   Thumb Code    70  delay.o(.text)
    delay_xms                                0x0800023b   Thumb Code    70  delay.o(.text)
    delay_ms                                 0x08000281   Thumb Code    56  delay.o(.text)
    boot                                     0x080002c1   Thumb Code    54  boot.o(.text)
    sysConfig                                0x080002f9   Thumb Code    58  clock.o(.text)
    clockConfig                              0x08000333   Thumb Code    96  clock.o(.text)
    TIM8_BRK_TIM12_IRQHandler                0x08000393   Thumb Code    48  clock.o(.text)
    Get_Time_Micros                          0x080003c3   Thumb Code     8  clock.o(.text)
    can1Config                               0x080003dd   Thumb Code   240  communication.o(.text)
    can2Config                               0x080004cd   Thumb Code   232  communication.o(.text)
    remoteConfig                             0x080005b5   Thumb Code   266  communication.o(.text)
    USART1_IRQHandler                        0x080006bf   Thumb Code    98  communication.o(.text)
    CAN1_TX_IRQHandler                       0x08000721   Thumb Code    22  communication.o(.text)
    CAN1_RX0_IRQHandler                      0x08000737   Thumb Code    52  communication.o(.text)
    CAN2_TX_IRQHandler                       0x0800076b   Thumb Code    22  communication.o(.text)
    CAN2_RX0_IRQHandler                      0x08000781   Thumb Code   278  communication.o(.text)
    my_min                                   0x080008a9   Thumb Code    26  myfunc.o(.text)
    my_max                                   0x080008c3   Thumb Code    26  myfunc.o(.text)
    amplitudeLimiting                        0x080008dd   Thumb Code    54  myfunc.o(.text)
    Subsection_PID                           0x08000913   Thumb Code   126  myfunc.o(.text)
    Subsection_PID_v2                        0x08000991   Thumb Code   164  myfunc.o(.text)
    InitMPU6050                              0x08000a35   Thumb Code   164  6050.o(.text)
    MPU6050_Read                             0x08000ad9   Thumb Code   148  6050.o(.text)
    Gyro_OFFEST                              0x08000b6d   Thumb Code   248  6050.o(.text)
    I2C_INIT                                 0x08000c79   Thumb Code    82  i2c.o(.text)
    I2C_delay                                0x08000ccb   Thumb Code    14  i2c.o(.text)
    delay5ms                                 0x08000cd9   Thumb Code    14  i2c.o(.text)
    I2C_Start                                0x08000ce7   Thumb Code    90  i2c.o(.text)
    I2C_Stop                                 0x08000d41   Thumb Code    60  i2c.o(.text)
    I2C_Ack                                  0x08000d7d   Thumb Code    60  i2c.o(.text)
    I2C_NoAck                                0x08000db9   Thumb Code    60  i2c.o(.text)
    I2C_WaitAck                              0x08000df5   Thumb Code    92  i2c.o(.text)
    I2C_SendByte                             0x08000e51   Thumb Code    94  i2c.o(.text)
    I2C_RadeByte                             0x08000eaf   Thumb Code    88  i2c.o(.text)
    Single_Write                             0x08000f07   Thumb Code    70  i2c.o(.text)
    Single_Write_MS5611                      0x08000f4d   Thumb Code    58  i2c.o(.text)
    Single_Read                              0x08000f87   Thumb Code    80  i2c.o(.text)
    invSqrt                                  0x08000fdd   Thumb Code    56  imu.o(.text)
    IMUupdate                                0x08001015   Thumb Code  1476  imu.o(.text)
    readIMU                                  0x0800199d   Thumb Code   566  imu.o(.text)
    imu                                      0x08001bd3   Thumb Code    96  imu.o(.text)
    Key_detect                               0x08001dad   Thumb Code   170  controltask.o(.text)
    angle_update                             0x08001e57   Thumb Code   102  controltask.o(.text)
    runControl                               0x08001ebd   Thumb Code   156  controltask.o(.text)
    RampCal                                  0x08001f8d   Thumb Code   150  comunicatetask.o(.text)
    computerControl                          0x08002023   Thumb Code   496  comunicatetask.o(.text)
    remoteControl                            0x08002213   Thumb Code   538  comunicatetask.o(.text)
    commuiModeChange                         0x0800242d   Thumb Code   218  comunicatetask.o(.text)
    readRemote                               0x08002507   Thumb Code   146  comunicatetask.o(.text)
    transferType                             0x08002599   Thumb Code   228  comunicatetask.o(.text)
    canTrans                                 0x0800267d   Thumb Code    68  comunicatetask.o(.text)
    can1Trans                                0x080026c1   Thumb Code    60  comunicatetask.o(.text)
    holder_Init                              0x08002721   Thumb Code    28  holder.o(.text)
    holder_Control                           0x0800273d   Thumb Code    78  holder.o(.text)
    allParaInit                              0x08002799   Thumb Code    88  chassistask.o(.text)
    wheelSolute                              0x080027f1   Thumb Code   226  chassistask.o(.text)
    chassisControl                           0x080028d3   Thumb Code   262  chassistask.o(.text)
    Lidar_Func                               0x080029d9   Thumb Code   294  chassistask.o(.text)
    pidGet                                   0x08002b3d   Thumb Code   494  pidtask.o(.text)
    refereeConfig                            0x08002d49   Thumb Code   440  referee.o(.text)
    mainfoldConfig                           0x08002f01   Thumb Code   314  referee.o(.text)
    DMA1_Stream6_IRQHandler                  0x0800303b   Thumb Code    42  referee.o(.text)
    New_Send_Data                            0x08003065   Thumb Code    54  referee.o(.text)
    send_odm_msg                             0x0800309b   Thumb Code   190  referee.o(.text)
    send_check                               0x08003159   Thumb Code    80  referee.o(.text)
    USART3_IRQHandler                        0x080031a9   Thumb Code   188  referee.o(.text)
    USART2_IRQHandler                        0x08003265   Thumb Code   696  referee.o(.text)
    Get_CRC16_Check_Sum                      0x0800351d   Thumb Code    46  referee.o(.text)
    Append_CRC16_Check_Sum                   0x0800354b   Thumb Code    44  referee.o(.text)
    Get_CRC8_Check_Sum                       0x08003577   Thumb Code   126  referee.o(.text)
    Append_CRC8_Check_Sum                    0x080035f5   Thumb Code    36  referee.o(.text)
    SendtoReferee                            0x08003619   Thumb Code    46  referee.o(.text)
    Verify_CRC8_Check_Sum                    0x08003647   Thumb Code    46  referee.o(.text)
    Verify_CRC16_Check_Sum                   0x08003675   Thumb Code    60  referee.o(.text)
    Reset_Handler                            0x080036b5   Thumb Code     8  startup_stm32f40_41xxx.o(.text)
    NMI_Handler                              0x080036bd   Thumb Code     2  startup_stm32f40_41xxx.o(.text)
    HardFault_Handler                        0x080036bf   Thumb Code     2  startup_stm32f40_41xxx.o(.text)
    MemManage_Handler                        0x080036c1   Thumb Code     2  startup_stm32f40_41xxx.o(.text)
    BusFault_Handler                         0x080036c3   Thumb Code     2  startup_stm32f40_41xxx.o(.text)
    UsageFault_Handler                       0x080036c5   Thumb Code     2  startup_stm32f40_41xxx.o(.text)
    SVC_Handler                              0x080036c7   Thumb Code     2  startup_stm32f40_41xxx.o(.text)
    DebugMon_Handler                         0x080036c9   Thumb Code     2  startup_stm32f40_41xxx.o(.text)
    PendSV_Handler                           0x080036cb   Thumb Code     2  startup_stm32f40_41xxx.o(.text)
    SysTick_Handler                          0x080036cd   Thumb Code     2  startup_stm32f40_41xxx.o(.text)
    ADC_IRQHandler                           0x080036cf   Thumb Code     0  startup_stm32f40_41xxx.o(.text)
    CAN1_RX1_IRQHandler                      0x080036cf   Thumb Code     0  startup_stm32f40_41xxx.o(.text)
    CAN1_SCE_IRQHandler                      0x080036cf   Thumb Code     0  startup_stm32f40_41xxx.o(.text)
    CAN2_RX1_IRQHandler                      0x080036cf   Thumb Code     0  startup_stm32f40_41xxx.o(.text)
    CAN2_SCE_IRQHandler                      0x080036cf   Thumb Code     0  startup_stm32f40_41xxx.o(.text)
    CRYP_IRQHandler                          0x080036cf   Thumb Code     0  startup_stm32f40_41xxx.o(.text)
    DCMI_IRQHandler                          0x080036cf   Thumb Code     0  startup_stm32f40_41xxx.o(.text)
    DMA1_Stream0_IRQHandler                  0x080036cf   Thumb Code     0  startup_stm32f40_41xxx.o(.text)
    DMA1_Stream1_IRQHandler                  0x080036cf   Thumb Code     0  startup_stm32f40_41xxx.o(.text)
    DMA1_Stream2_IRQHandler                  0x080036cf   Thumb Code     0  startup_stm32f40_41xxx.o(.text)
    DMA1_Stream3_IRQHandler                  0x080036cf   Thumb Code     0  startup_stm32f40_41xxx.o(.text)
    DMA1_Stream4_IRQHandler                  0x080036cf   Thumb Code     0  startup_stm32f40_41xxx.o(.text)
    DMA1_Stream5_IRQHandler                  0x080036cf   Thumb Code     0  startup_stm32f40_41xxx.o(.text)
    DMA1_Stream7_IRQHandler                  0x080036cf   Thumb Code     0  startup_stm32f40_41xxx.o(.text)
    DMA2_Stream0_IRQHandler                  0x080036cf   Thumb Code     0  startup_stm32f40_41xxx.o(.text)
    DMA2_Stream1_IRQHandler                  0x080036cf   Thumb Code     0  startup_stm32f40_41xxx.o(.text)
    DMA2_Stream2_IRQHandler                  0x080036cf   Thumb Code     0  startup_stm32f40_41xxx.o(.text)
    DMA2_Stream3_IRQHandler                  0x080036cf   Thumb Code     0  startup_stm32f40_41xxx.o(.text)
    DMA2_Stream4_IRQHandler                  0x080036cf   Thumb Code     0  startup_stm32f40_41xxx.o(.text)
    DMA2_Stream5_IRQHandler                  0x080036cf   Thumb Code     0  startup_stm32f40_41xxx.o(.text)
    DMA2_Stream6_IRQHandler                  0x080036cf   Thumb Code     0  startup_stm32f40_41xxx.o(.text)
    DMA2_Stream7_IRQHandler                  0x080036cf   Thumb Code     0  startup_stm32f40_41xxx.o(.text)
    ETH_IRQHandler                           0x080036cf   Thumb Code     0  startup_stm32f40_41xxx.o(.text)
    ETH_WKUP_IRQHandler                      0x080036cf   Thumb Code     0  startup_stm32f40_41xxx.o(.text)
    EXTI0_IRQHandler                         0x080036cf   Thumb Code     0  startup_stm32f40_41xxx.o(.text)
    EXTI15_10_IRQHandler                     0x080036cf   Thumb Code     0  startup_stm32f40_41xxx.o(.text)
    EXTI1_IRQHandler                         0x080036cf   Thumb Code     0  startup_stm32f40_41xxx.o(.text)
    EXTI2_IRQHandler                         0x080036cf   Thumb Code     0  startup_stm32f40_41xxx.o(.text)
    EXTI3_IRQHandler                         0x080036cf   Thumb Code     0  startup_stm32f40_41xxx.o(.text)
    EXTI4_IRQHandler                         0x080036cf   Thumb Code     0  startup_stm32f40_41xxx.o(.text)
    EXTI9_5_IRQHandler                       0x080036cf   Thumb Code     0  startup_stm32f40_41xxx.o(.text)
    FLASH_IRQHandler                         0x080036cf   Thumb Code     0  startup_stm32f40_41xxx.o(.text)
    FPU_IRQHandler                           0x080036cf   Thumb Code     0  startup_stm32f40_41xxx.o(.text)
    FSMC_IRQHandler                          0x080036cf   Thumb Code     0  startup_stm32f40_41xxx.o(.text)
    HASH_RNG_IRQHandler                      0x080036cf   Thumb Code     0  startup_stm32f40_41xxx.o(.text)
    I2C1_ER_IRQHandler                       0x080036cf   Thumb Code     0  startup_stm32f40_41xxx.o(.text)
    I2C1_EV_IRQHandler                       0x080036cf   Thumb Code     0  startup_stm32f40_41xxx.o(.text)
    I2C2_ER_IRQHandler                       0x080036cf   Thumb Code     0  startup_stm32f40_41xxx.o(.text)
    I2C2_EV_IRQHandler                       0x080036cf   Thumb Code     0  startup_stm32f40_41xxx.o(.text)
    I2C3_ER_IRQHandler                       0x080036cf   Thumb Code     0  startup_stm32f40_41xxx.o(.text)
    I2C3_EV_IRQHandler                       0x080036cf   Thumb Code     0  startup_stm32f40_41xxx.o(.text)
    OTG_FS_IRQHandler                        0x080036cf   Thumb Code     0  startup_stm32f40_41xxx.o(.text)
    OTG_FS_WKUP_IRQHandler                   0x080036cf   Thumb Code     0  startup_stm32f40_41xxx.o(.text)
    OTG_HS_EP1_IN_IRQHandler                 0x080036cf   Thumb Code     0  startup_stm32f40_41xxx.o(.text)
    OTG_HS_EP1_OUT_IRQHandler                0x080036cf   Thumb Code     0  startup_stm32f40_41xxx.o(.text)
    OTG_HS_IRQHandler                        0x080036cf   Thumb Code     0  startup_stm32f40_41xxx.o(.text)
    OTG_HS_WKUP_IRQHandler                   0x080036cf   Thumb Code     0  startup_stm32f40_41xxx.o(.text)
    PVD_IRQHandler                           0x080036cf   Thumb Code     0  startup_stm32f40_41xxx.o(.text)
    RCC_IRQHandler                           0x080036cf   Thumb Code     0  startup_stm32f40_41xxx.o(.text)
    RTC_Alarm_IRQHandler                     0x080036cf   Thumb Code     0  startup_stm32f40_41xxx.o(.text)
    RTC_WKUP_IRQHandler                      0x080036cf   Thumb Code     0  startup_stm32f40_41xxx.o(.text)
    SDIO_IRQHandler                          0x080036cf   Thumb Code     0  startup_stm32f40_41xxx.o(.text)
    SPI1_IRQHandler                          0x080036cf   Thumb Code     0  startup_stm32f40_41xxx.o(.text)
    SPI2_IRQHandler                          0x080036cf   Thumb Code     0  startup_stm32f40_41xxx.o(.text)
    SPI3_IRQHandler                          0x080036cf   Thumb Code     0  startup_stm32f40_41xxx.o(.text)
    TAMP_STAMP_IRQHandler                    0x080036cf   Thumb Code     0  startup_stm32f40_41xxx.o(.text)
    TIM1_BRK_TIM9_IRQHandler                 0x080036cf   Thumb Code     0  startup_stm32f40_41xxx.o(.text)
    TIM1_CC_IRQHandler                       0x080036cf   Thumb Code     0  startup_stm32f40_41xxx.o(.text)
    TIM1_TRG_COM_TIM11_IRQHandler            0x080036cf   Thumb Code     0  startup_stm32f40_41xxx.o(.text)
    TIM1_UP_TIM10_IRQHandler                 0x080036cf   Thumb Code     0  startup_stm32f40_41xxx.o(.text)
    TIM2_IRQHandler                          0x080036cf   Thumb Code     0  startup_stm32f40_41xxx.o(.text)
    TIM3_IRQHandler                          0x080036cf   Thumb Code     0  startup_stm32f40_41xxx.o(.text)
    TIM4_IRQHandler                          0x080036cf   Thumb Code     0  startup_stm32f40_41xxx.o(.text)
    TIM5_IRQHandler                          0x080036cf   Thumb Code     0  startup_stm32f40_41xxx.o(.text)
    TIM6_DAC_IRQHandler                      0x080036cf   Thumb Code     0  startup_stm32f40_41xxx.o(.text)
    TIM7_IRQHandler                          0x080036cf   Thumb Code     0  startup_stm32f40_41xxx.o(.text)
    TIM8_CC_IRQHandler                       0x080036cf   Thumb Code     0  startup_stm32f40_41xxx.o(.text)
    TIM8_TRG_COM_TIM14_IRQHandler            0x080036cf   Thumb Code     0  startup_stm32f40_41xxx.o(.text)
    TIM8_UP_TIM13_IRQHandler                 0x080036cf   Thumb Code     0  startup_stm32f40_41xxx.o(.text)
    UART4_IRQHandler                         0x080036cf   Thumb Code     0  startup_stm32f40_41xxx.o(.text)
    UART5_IRQHandler                         0x080036cf   Thumb Code     0  startup_stm32f40_41xxx.o(.text)
    USART6_IRQHandler                        0x080036cf   Thumb Code     0  startup_stm32f40_41xxx.o(.text)
    WWDG_IRQHandler                          0x080036cf   Thumb Code     0  startup_stm32f40_41xxx.o(.text)
    NVIC_PriorityGroupConfig                 0x080036d9   Thumb Code    10  misc.o(.text)
    NVIC_Init                                0x080036e3   Thumb Code   108  misc.o(.text)
    NVIC_SetVectorTable                      0x0800374f   Thumb Code    14  misc.o(.text)
    NVIC_SystemLPConfig                      0x0800375d   Thumb Code    34  misc.o(.text)
    SysTick_CLKSourceConfig                  0x0800377f   Thumb Code    40  misc.o(.text)
    CAN_DeInit                               0x080037bd   Thumb Code    50  stm32f4xx_can.o(.text)
    CAN_Init                                 0x080037ef   Thumb Code   276  stm32f4xx_can.o(.text)
    CAN_FilterInit                           0x08003903   Thumb Code   258  stm32f4xx_can.o(.text)
    CAN_StructInit                           0x08003a05   Thumb Code    32  stm32f4xx_can.o(.text)
    CAN_SlaveStartBank                       0x08003a25   Thumb Code    48  stm32f4xx_can.o(.text)
    CAN_DBGFreeze                            0x08003a55   Thumb Code    22  stm32f4xx_can.o(.text)
    CAN_TTComModeCmd                         0x08003a6b   Thumb Code   118  stm32f4xx_can.o(.text)
    CAN_Transmit                             0x08003ae1   Thumb Code   304  stm32f4xx_can.o(.text)
    CAN_TransmitStatus                       0x08003c11   Thumb Code   138  stm32f4xx_can.o(.text)
    CAN_CancelTransmit                       0x08003c9b   Thumb Code    48  stm32f4xx_can.o(.text)
    CAN_Receive                              0x08003ccb   Thumb Code   240  stm32f4xx_can.o(.text)
    CAN_FIFORelease                          0x08003dbb   Thumb Code    22  stm32f4xx_can.o(.text)
    CAN_MessagePending                       0x08003dd1   Thumb Code    30  stm32f4xx_can.o(.text)
    CAN_OperatingModeRequest                 0x08003def   Thumb Code   162  stm32f4xx_can.o(.text)
    CAN_Sleep                                0x08003e91   Thumb Code    30  stm32f4xx_can.o(.text)
    CAN_WakeUp                               0x08003eaf   Thumb Code    48  stm32f4xx_can.o(.text)
    CAN_GetLastErrorCode                     0x08003edf   Thumb Code    12  stm32f4xx_can.o(.text)
    CAN_GetReceiveErrorCounter               0x08003eeb   Thumb Code    10  stm32f4xx_can.o(.text)
    CAN_GetLSBTransmitErrorCounter           0x08003ef5   Thumb Code    12  stm32f4xx_can.o(.text)
    CAN_ITConfig                             0x08003f01   Thumb Code    18  stm32f4xx_can.o(.text)
    CAN_GetFlagStatus                        0x08003f13   Thumb Code   120  stm32f4xx_can.o(.text)
    CAN_ClearFlag                            0x08003f8b   Thumb Code    52  stm32f4xx_can.o(.text)
    CAN_GetITStatus                          0x08003fcf   Thumb Code   308  stm32f4xx_can.o(.text)
    CAN_ClearITPendingBit                    0x08004103   Thumb Code   162  stm32f4xx_can.o(.text)
    USART_DeInit                             0x080041a9   Thumb Code   206  stm32f4xx_usart.o(.text)
    USART_Init                               0x08004277   Thumb Code   204  stm32f4xx_usart.o(.text)
    USART_StructInit                         0x08004343   Thumb Code    24  stm32f4xx_usart.o(.text)
    USART_ClockInit                          0x0800435b   Thumb Code    32  stm32f4xx_usart.o(.text)
    USART_ClockStructInit                    0x0800437b   Thumb Code    12  stm32f4xx_usart.o(.text)
    USART_Cmd                                0x08004387   Thumb Code    24  stm32f4xx_usart.o(.text)
    USART_SetPrescaler                       0x0800439f   Thumb Code    16  stm32f4xx_usart.o(.text)
    USART_OverSampling8Cmd                   0x080043af   Thumb Code    22  stm32f4xx_usart.o(.text)
    USART_OneBitMethodCmd                    0x080043c5   Thumb Code    24  stm32f4xx_usart.o(.text)
    USART_SendData                           0x080043dd   Thumb Code     8  stm32f4xx_usart.o(.text)
    USART_ReceiveData                        0x080043e5   Thumb Code    10  stm32f4xx_usart.o(.text)
    USART_SetAddress                         0x080043ef   Thumb Code    18  stm32f4xx_usart.o(.text)
    USART_ReceiverWakeUpCmd                  0x08004401   Thumb Code    24  stm32f4xx_usart.o(.text)
    USART_WakeUpConfig                       0x08004419   Thumb Code    18  stm32f4xx_usart.o(.text)
    USART_LINBreakDetectLengthConfig         0x0800442b   Thumb Code    18  stm32f4xx_usart.o(.text)
    USART_LINCmd                             0x0800443d   Thumb Code    24  stm32f4xx_usart.o(.text)
    USART_SendBreak                          0x08004455   Thumb Code    10  stm32f4xx_usart.o(.text)
    USART_HalfDuplexCmd                      0x0800445f   Thumb Code    24  stm32f4xx_usart.o(.text)
    USART_SetGuardTime                       0x08004477   Thumb Code    16  stm32f4xx_usart.o(.text)
    USART_SmartCardCmd                       0x08004487   Thumb Code    24  stm32f4xx_usart.o(.text)
    USART_SmartCardNACKCmd                   0x0800449f   Thumb Code    24  stm32f4xx_usart.o(.text)
    USART_IrDAConfig                         0x080044b7   Thumb Code    18  stm32f4xx_usart.o(.text)
    USART_IrDACmd                            0x080044c9   Thumb Code    24  stm32f4xx_usart.o(.text)
    USART_DMACmd                             0x080044e1   Thumb Code    18  stm32f4xx_usart.o(.text)
    USART_ITConfig                           0x080044f3   Thumb Code    74  stm32f4xx_usart.o(.text)
    USART_GetFlagStatus                      0x0800453d   Thumb Code    26  stm32f4xx_usart.o(.text)
    USART_ClearFlag                          0x08004557   Thumb Code    18  stm32f4xx_usart.o(.text)
    USART_GetITStatus                        0x08004569   Thumb Code   118  stm32f4xx_usart.o(.text)
    USART_ClearITPendingBit                  0x080045df   Thumb Code    30  stm32f4xx_usart.o(.text)
    SystemInit                               0x080046d7   Thumb Code    90  system_stm32f4xx.o(.text)
    SystemCoreClockUpdate                    0x08004731   Thumb Code   174  system_stm32f4xx.o(.text)
    GPIO_DeInit                              0x0800480d   Thumb Code   268  stm32f4xx_gpio.o(.text)
    GPIO_Init                                0x08004919   Thumb Code   144  stm32f4xx_gpio.o(.text)
    GPIO_StructInit                          0x080049a9   Thumb Code    18  stm32f4xx_gpio.o(.text)
    GPIO_PinLockConfig                       0x080049bb   Thumb Code    34  stm32f4xx_gpio.o(.text)
    GPIO_ReadInputDataBit                    0x080049dd   Thumb Code    18  stm32f4xx_gpio.o(.text)
    GPIO_ReadInputData                       0x080049ef   Thumb Code     8  stm32f4xx_gpio.o(.text)
    GPIO_ReadOutputDataBit                   0x080049f7   Thumb Code    18  stm32f4xx_gpio.o(.text)
    GPIO_ReadOutputData                      0x08004a09   Thumb Code     8  stm32f4xx_gpio.o(.text)
    GPIO_SetBits                             0x08004a11   Thumb Code     4  stm32f4xx_gpio.o(.text)
    GPIO_ResetBits                           0x08004a15   Thumb Code     4  stm32f4xx_gpio.o(.text)
    GPIO_WriteBit                            0x08004a19   Thumb Code    10  stm32f4xx_gpio.o(.text)
    GPIO_Write                               0x08004a23   Thumb Code     4  stm32f4xx_gpio.o(.text)
    GPIO_ToggleBits                          0x08004a27   Thumb Code     8  stm32f4xx_gpio.o(.text)
    GPIO_PinAFConfig                         0x08004a2f   Thumb Code    70  stm32f4xx_gpio.o(.text)
    RCC_DeInit                               0x08004aa1   Thumb Code    82  stm32f4xx_rcc.o(.text)
    RCC_HSEConfig                            0x08004af3   Thumb Code    14  stm32f4xx_rcc.o(.text)
    RCC_GetFlagStatus                        0x08004b01   Thumb Code    60  stm32f4xx_rcc.o(.text)
    RCC_WaitForHSEStartUp                    0x08004b3d   Thumb Code    56  stm32f4xx_rcc.o(.text)
    RCC_AdjustHSICalibrationValue            0x08004b75   Thumb Code    20  stm32f4xx_rcc.o(.text)
    RCC_HSICmd                               0x08004b89   Thumb Code     6  stm32f4xx_rcc.o(.text)
    RCC_LSEConfig                            0x08004b8f   Thumb Code    46  stm32f4xx_rcc.o(.text)
    RCC_LSICmd                               0x08004bbd   Thumb Code     6  stm32f4xx_rcc.o(.text)
    RCC_PLLConfig                            0x08004bc3   Thumb Code    32  stm32f4xx_rcc.o(.text)
    RCC_PLLCmd                               0x08004be3   Thumb Code     6  stm32f4xx_rcc.o(.text)
    RCC_PLLI2SConfig                         0x08004be9   Thumb Code    14  stm32f4xx_rcc.o(.text)
    RCC_PLLI2SCmd                            0x08004bf7   Thumb Code     6  stm32f4xx_rcc.o(.text)
    RCC_PLLSAIConfig                         0x08004bfd   Thumb Code    20  stm32f4xx_rcc.o(.text)
    RCC_PLLSAICmd                            0x08004c11   Thumb Code     6  stm32f4xx_rcc.o(.text)
    RCC_ClockSecuritySystemCmd               0x08004c17   Thumb Code     6  stm32f4xx_rcc.o(.text)
    RCC_MCO1Config                           0x08004c1d   Thumb Code    28  stm32f4xx_rcc.o(.text)
    RCC_MCO2Config                           0x08004c39   Thumb Code    28  stm32f4xx_rcc.o(.text)
    RCC_SYSCLKConfig                         0x08004c55   Thumb Code    20  stm32f4xx_rcc.o(.text)
    RCC_GetSYSCLKSource                      0x08004c69   Thumb Code    12  stm32f4xx_rcc.o(.text)
    RCC_HCLKConfig                           0x08004c75   Thumb Code    20  stm32f4xx_rcc.o(.text)
    RCC_PCLK1Config                          0x08004c89   Thumb Code    20  stm32f4xx_rcc.o(.text)
    RCC_PCLK2Config                          0x08004c9d   Thumb Code    22  stm32f4xx_rcc.o(.text)
    RCC_GetClocksFreq                        0x08004cb3   Thumb Code   222  stm32f4xx_rcc.o(.text)
    RCC_RTCCLKConfig                         0x08004d91   Thumb Code    54  stm32f4xx_rcc.o(.text)
    RCC_RTCCLKCmd                            0x08004dc7   Thumb Code     8  stm32f4xx_rcc.o(.text)
    RCC_BackupResetCmd                       0x08004dcf   Thumb Code     8  stm32f4xx_rcc.o(.text)
    RCC_I2SCLKConfig                         0x08004dd7   Thumb Code     6  stm32f4xx_rcc.o(.text)
    RCC_SAIPLLI2SClkDivConfig                0x08004ddd   Thumb Code    26  stm32f4xx_rcc.o(.text)
    RCC_SAIPLLSAIClkDivConfig                0x08004df7   Thumb Code    28  stm32f4xx_rcc.o(.text)
    RCC_SAIBlockACLKConfig                   0x08004e13   Thumb Code    20  stm32f4xx_rcc.o(.text)
    RCC_SAIBlockBCLKConfig                   0x08004e27   Thumb Code    20  stm32f4xx_rcc.o(.text)
    RCC_LTDCCLKDivConfig                     0x08004e3b   Thumb Code    20  stm32f4xx_rcc.o(.text)
    RCC_TIMCLKPresConfig                     0x08004e4f   Thumb Code     6  stm32f4xx_rcc.o(.text)
    RCC_AHB1PeriphClockCmd                   0x08004e55   Thumb Code    34  stm32f4xx_rcc.o(.text)
    RCC_AHB2PeriphClockCmd                   0x08004e77   Thumb Code    78  stm32f4xx_rcc.o(.text)
    RCC_AHB3PeriphClockCmd                   0x08004ec5   Thumb Code    34  stm32f4xx_rcc.o(.text)
    RCC_APB1PeriphClockCmd                   0x08004ee7   Thumb Code    34  stm32f4xx_rcc.o(.text)
    RCC_APB2PeriphClockCmd                   0x08004f09   Thumb Code    34  stm32f4xx_rcc.o(.text)
    RCC_AHB1PeriphResetCmd                   0x08004f2b   Thumb Code    34  stm32f4xx_rcc.o(.text)
    RCC_AHB2PeriphResetCmd                   0x08004f4d   Thumb Code    34  stm32f4xx_rcc.o(.text)
    RCC_AHB3PeriphResetCmd                   0x08004f6f   Thumb Code    34  stm32f4xx_rcc.o(.text)
    RCC_APB1PeriphResetCmd                   0x08004f91   Thumb Code    34  stm32f4xx_rcc.o(.text)
    RCC_APB2PeriphResetCmd                   0x08004fb3   Thumb Code    34  stm32f4xx_rcc.o(.text)
    RCC_AHB1PeriphClockLPModeCmd             0x08004fd5   Thumb Code    34  stm32f4xx_rcc.o(.text)
    RCC_AHB2PeriphClockLPModeCmd             0x08004ff7   Thumb Code    34  stm32f4xx_rcc.o(.text)
    RCC_AHB3PeriphClockLPModeCmd             0x08005019   Thumb Code    34  stm32f4xx_rcc.o(.text)
    RCC_APB1PeriphClockLPModeCmd             0x0800503b   Thumb Code    34  stm32f4xx_rcc.o(.text)
    RCC_APB2PeriphClockLPModeCmd             0x0800505d   Thumb Code    34  stm32f4xx_rcc.o(.text)
    RCC_LSEModeConfig                        0x0800507f   Thumb Code    40  stm32f4xx_rcc.o(.text)
    RCC_ITConfig                             0x080050a7   Thumb Code    34  stm32f4xx_rcc.o(.text)
    RCC_ClearFlag                            0x080050c9   Thumb Code    18  stm32f4xx_rcc.o(.text)
    RCC_GetITStatus                          0x080050db   Thumb Code    22  stm32f4xx_rcc.o(.text)
    RCC_ClearITPendingBit                    0x080050f1   Thumb Code     8  stm32f4xx_rcc.o(.text)
    TIM_DeInit                               0x080050fd   Thumb Code   346  stm32f4xx_tim.o(.text)
    TIM_TimeBaseInit                         0x08005257   Thumb Code   104  stm32f4xx_tim.o(.text)
    TIM_TimeBaseStructInit                   0x080052bf   Thumb Code    18  stm32f4xx_tim.o(.text)
    TIM_PrescalerConfig                      0x080052d1   Thumb Code     6  stm32f4xx_tim.o(.text)
    TIM_CounterModeConfig                    0x080052d7   Thumb Code    18  stm32f4xx_tim.o(.text)
    TIM_SetCounter                           0x080052e9   Thumb Code     4  stm32f4xx_tim.o(.text)
    TIM_SetAutoreload                        0x080052ed   Thumb Code     4  stm32f4xx_tim.o(.text)
    TIM_GetCounter                           0x080052f1   Thumb Code     6  stm32f4xx_tim.o(.text)
    TIM_GetPrescaler                         0x080052f7   Thumb Code     6  stm32f4xx_tim.o(.text)
    TIM_UpdateDisableConfig                  0x080052fd   Thumb Code    24  stm32f4xx_tim.o(.text)
    TIM_UpdateRequestConfig                  0x08005315   Thumb Code    24  stm32f4xx_tim.o(.text)
    TIM_ARRPreloadConfig                     0x0800532d   Thumb Code    24  stm32f4xx_tim.o(.text)
    TIM_SelectOnePulseMode                   0x08005345   Thumb Code    18  stm32f4xx_tim.o(.text)
    TIM_SetClockDivision                     0x08005357   Thumb Code    18  stm32f4xx_tim.o(.text)
    TIM_Cmd                                  0x08005369   Thumb Code    24  stm32f4xx_tim.o(.text)
    TIM_OC1Init                              0x08005381   Thumb Code   114  stm32f4xx_tim.o(.text)
    TIM_OC2Init                              0x080053f3   Thumb Code   154  stm32f4xx_tim.o(.text)
    TIM_OC3Init                              0x0800548d   Thumb Code   204  stm32f4xx_tim.o(.text)
    TIM_OC4Init                              0x08005559   Thumb Code   112  stm32f4xx_tim.o(.text)
    TIM_OCStructInit                         0x080055c9   Thumb Code    20  stm32f4xx_tim.o(.text)
    TIM_SelectOCxM                           0x080055dd   Thumb Code    86  stm32f4xx_tim.o(.text)
    TIM_SetCompare1                          0x08005633   Thumb Code     4  stm32f4xx_tim.o(.text)
    TIM_SetCompare2                          0x08005637   Thumb Code     4  stm32f4xx_tim.o(.text)
    TIM_SetCompare3                          0x0800563b   Thumb Code     4  stm32f4xx_tim.o(.text)
    TIM_SetCompare4                          0x0800563f   Thumb Code     4  stm32f4xx_tim.o(.text)
    TIM_ForcedOC1Config                      0x08005643   Thumb Code    18  stm32f4xx_tim.o(.text)
    TIM_ForcedOC2Config                      0x08005655   Thumb Code    26  stm32f4xx_tim.o(.text)
    TIM_ForcedOC3Config                      0x0800566f   Thumb Code    18  stm32f4xx_tim.o(.text)
    TIM_ForcedOC4Config                      0x08005681   Thumb Code    26  stm32f4xx_tim.o(.text)
    TIM_OC1PreloadConfig                     0x0800569b   Thumb Code    18  stm32f4xx_tim.o(.text)
    TIM_OC2PreloadConfig                     0x080056ad   Thumb Code    26  stm32f4xx_tim.o(.text)
    TIM_OC3PreloadConfig                     0x080056c7   Thumb Code    18  stm32f4xx_tim.o(.text)
    TIM_OC4PreloadConfig                     0x080056d9   Thumb Code    26  stm32f4xx_tim.o(.text)
    TIM_OC1FastConfig                        0x080056f3   Thumb Code    18  stm32f4xx_tim.o(.text)
    TIM_OC2FastConfig                        0x08005705   Thumb Code    26  stm32f4xx_tim.o(.text)
    TIM_OC3FastConfig                        0x0800571f   Thumb Code    18  stm32f4xx_tim.o(.text)
    TIM_OC4FastConfig                        0x08005731   Thumb Code    26  stm32f4xx_tim.o(.text)
    TIM_ClearOC1Ref                          0x0800574b   Thumb Code    18  stm32f4xx_tim.o(.text)
    TIM_ClearOC2Ref                          0x0800575d   Thumb Code    24  stm32f4xx_tim.o(.text)
    TIM_ClearOC3Ref                          0x08005775   Thumb Code    18  stm32f4xx_tim.o(.text)
    TIM_ClearOC4Ref                          0x08005787   Thumb Code    24  stm32f4xx_tim.o(.text)
    TIM_OC1PolarityConfig                    0x0800579f   Thumb Code    18  stm32f4xx_tim.o(.text)
    TIM_OC1NPolarityConfig                   0x080057b1   Thumb Code    18  stm32f4xx_tim.o(.text)
    TIM_OC2PolarityConfig                    0x080057c3   Thumb Code    26  stm32f4xx_tim.o(.text)
    TIM_OC2NPolarityConfig                   0x080057dd   Thumb Code    26  stm32f4xx_tim.o(.text)
    TIM_OC3PolarityConfig                    0x080057f7   Thumb Code    26  stm32f4xx_tim.o(.text)
    TIM_OC3NPolarityConfig                   0x08005811   Thumb Code    26  stm32f4xx_tim.o(.text)
    TIM_OC4PolarityConfig                    0x0800582b   Thumb Code    26  stm32f4xx_tim.o(.text)
    TIM_CCxCmd                               0x08005845   Thumb Code    30  stm32f4xx_tim.o(.text)
    TIM_CCxNCmd                              0x08005863   Thumb Code    30  stm32f4xx_tim.o(.text)
    TIM_SetIC4Prescaler                      0x08005881   Thumb Code    26  stm32f4xx_tim.o(.text)
    TIM_SetIC3Prescaler                      0x080058eb   Thumb Code    18  stm32f4xx_tim.o(.text)
    TIM_SetIC2Prescaler                      0x08005945   Thumb Code    26  stm32f4xx_tim.o(.text)
    TIM_SetIC1Prescaler                      0x080059b9   Thumb Code    18  stm32f4xx_tim.o(.text)
    TIM_ICInit                               0x08005a05   Thumb Code   110  stm32f4xx_tim.o(.text)
    TIM_ICStructInit                         0x08005a73   Thumb Code    18  stm32f4xx_tim.o(.text)
    TIM_PWMIConfig                           0x08005a85   Thumb Code   124  stm32f4xx_tim.o(.text)
    TIM_GetCapture1                          0x08005b01   Thumb Code     6  stm32f4xx_tim.o(.text)
    TIM_GetCapture2                          0x08005b07   Thumb Code     6  stm32f4xx_tim.o(.text)
    TIM_GetCapture3                          0x08005b0d   Thumb Code     6  stm32f4xx_tim.o(.text)
    TIM_GetCapture4                          0x08005b13   Thumb Code     6  stm32f4xx_tim.o(.text)
    TIM_BDTRConfig                           0x08005b19   Thumb Code    32  stm32f4xx_tim.o(.text)
    TIM_BDTRStructInit                       0x08005b39   Thumb Code    18  stm32f4xx_tim.o(.text)
    TIM_CtrlPWMOutputs                       0x08005b4b   Thumb Code    30  stm32f4xx_tim.o(.text)
    TIM_SelectCOM                            0x08005b69   Thumb Code    24  stm32f4xx_tim.o(.text)
    TIM_CCPreloadControl                     0x08005b81   Thumb Code    24  stm32f4xx_tim.o(.text)
    TIM_ITConfig                             0x08005b99   Thumb Code    18  stm32f4xx_tim.o(.text)
    TIM_GenerateEvent                        0x08005bab   Thumb Code     4  stm32f4xx_tim.o(.text)
    TIM_GetFlagStatus                        0x08005baf   Thumb Code    18  stm32f4xx_tim.o(.text)
    TIM_ClearFlag                            0x08005bc1   Thumb Code     6  stm32f4xx_tim.o(.text)
    TIM_GetITStatus                          0x08005bc7   Thumb Code    34  stm32f4xx_tim.o(.text)
    TIM_ClearITPendingBit                    0x08005be9   Thumb Code     6  stm32f4xx_tim.o(.text)
    TIM_DMAConfig                            0x08005bef   Thumb Code    10  stm32f4xx_tim.o(.text)
    TIM_DMACmd                               0x08005bf9   Thumb Code    18  stm32f4xx_tim.o(.text)
    TIM_SelectCCDMA                          0x08005c0b   Thumb Code    24  stm32f4xx_tim.o(.text)
    TIM_InternalClockConfig                  0x08005c23   Thumb Code    12  stm32f4xx_tim.o(.text)
    TIM_SelectInputTrigger                   0x08005c2f   Thumb Code    18  stm32f4xx_tim.o(.text)
    TIM_ITRxExternalClockConfig              0x08005c41   Thumb Code    24  stm32f4xx_tim.o(.text)
    TIM_TIxExternalClockConfig               0x08005c59   Thumb Code    62  stm32f4xx_tim.o(.text)
    TIM_ETRConfig                            0x08005c97   Thumb Code    28  stm32f4xx_tim.o(.text)
    TIM_ETRClockMode1Config                  0x08005cb3   Thumb Code    54  stm32f4xx_tim.o(.text)
    TIM_ETRClockMode2Config                  0x08005ce9   Thumb Code    32  stm32f4xx_tim.o(.text)
    TIM_SelectOutputTrigger                  0x08005d09   Thumb Code    18  stm32f4xx_tim.o(.text)
    TIM_SelectSlaveMode                      0x08005d1b   Thumb Code    18  stm32f4xx_tim.o(.text)
    TIM_SelectMasterSlaveMode                0x08005d2d   Thumb Code    18  stm32f4xx_tim.o(.text)
    TIM_EncoderInterfaceConfig               0x08005d3f   Thumb Code    66  stm32f4xx_tim.o(.text)
    TIM_SelectHallSensor                     0x08005d81   Thumb Code    24  stm32f4xx_tim.o(.text)
    TIM_RemapConfig                          0x08005d99   Thumb Code     6  stm32f4xx_tim.o(.text)
    DMA_DeInit                               0x08005da1   Thumb Code   324  stm32f4xx_dma.o(.text)
    DMA_Init                                 0x08005ee5   Thumb Code    82  stm32f4xx_dma.o(.text)
    DMA_StructInit                           0x08005f37   Thumb Code    34  stm32f4xx_dma.o(.text)
    DMA_Cmd                                  0x08005f59   Thumb Code    22  stm32f4xx_dma.o(.text)
    DMA_PeriphIncOffsetSizeConfig            0x08005f6f   Thumb Code    22  stm32f4xx_dma.o(.text)
    DMA_FlowControllerConfig                 0x08005f85   Thumb Code    22  stm32f4xx_dma.o(.text)
    DMA_SetCurrDataCounter                   0x08005f9b   Thumb Code     4  stm32f4xx_dma.o(.text)
    DMA_GetCurrDataCounter                   0x08005f9f   Thumb Code     8  stm32f4xx_dma.o(.text)
    DMA_DoubleBufferModeConfig               0x08005fa7   Thumb Code    24  stm32f4xx_dma.o(.text)
    DMA_DoubleBufferModeCmd                  0x08005fbf   Thumb Code    22  stm32f4xx_dma.o(.text)
    DMA_MemoryTargetConfig                   0x08005fd5   Thumb Code    10  stm32f4xx_dma.o(.text)
    DMA_GetCurrentMemoryTarget               0x08005fdf   Thumb Code    20  stm32f4xx_dma.o(.text)
    DMA_GetCmdStatus                         0x08005ff3   Thumb Code    20  stm32f4xx_dma.o(.text)
    DMA_GetFIFOStatus                        0x08006007   Thumb Code    12  stm32f4xx_dma.o(.text)
    DMA_GetFlagStatus                        0x08006013   Thumb Code    54  stm32f4xx_dma.o(.text)
    DMA_ClearFlag                            0x08006049   Thumb Code    40  stm32f4xx_dma.o(.text)
    DMA_ITConfig                             0x08006071   Thumb Code    58  stm32f4xx_dma.o(.text)
    DMA_GetITStatus                          0x080060ab   Thumb Code    82  stm32f4xx_dma.o(.text)
    DMA_ClearITPendingBit                    0x080060fd   Thumb Code    40  stm32f4xx_dma.o(.text)
    __aeabi_memcpy                           0x08006145   Thumb Code    36  memcpya.o(.text)
    __aeabi_memcpy4                          0x08006145   Thumb Code     0  memcpya.o(.text)
    __aeabi_memcpy8                          0x08006145   Thumb Code     0  memcpya.o(.text)
    __aeabi_dadd                             0x08006169   Thumb Code   322  dadd.o(.text)
    __aeabi_dsub                             0x080062ab   Thumb Code     6  dadd.o(.text)
    __aeabi_drsub                            0x080062b1   Thumb Code     6  dadd.o(.text)
    __aeabi_dmul                             0x080062b7   Thumb Code   228  dmul.o(.text)
    __aeabi_ddiv                             0x0800639b   Thumb Code   222  ddiv.o(.text)
    __aeabi_i2d                              0x08006479   Thumb Code    34  dflti.o(.text)
    __aeabi_d2iz                             0x0800649b   Thumb Code    62  dfixi.o(.text)
    __aeabi_f2d                              0x080064d9   Thumb Code    38  f2d.o(.text)
    __aeabi_d2f                              0x080064ff   Thumb Code    56  d2f.o(.text)
    __aeabi_llsl                             0x08006537   Thumb Code    30  llshl.o(.text)
    _ll_shift_l                              0x08006537   Thumb Code     0  llshl.o(.text)
    __aeabi_llsr                             0x08006555   Thumb Code    32  llushr.o(.text)
    _ll_ushift_r                             0x08006555   Thumb Code     0  llushr.o(.text)
    __aeabi_lasr                             0x08006575   Thumb Code    36  llsshr.o(.text)
    _ll_sshift_r                             0x08006575   Thumb Code     0  llsshr.o(.text)
    __I$use$fp                               0x08006599   Thumb Code     0  iusefp.o(.text)
    _float_round                             0x08006599   Thumb Code    18  fepilogue.o(.text)
    _float_epilogue                          0x080065ab   Thumb Code    90  fepilogue.o(.text)
    _double_round                            0x08006605   Thumb Code    26  depilogue.o(.text)
    _double_epilogue                         0x0800661f   Thumb Code   164  depilogue.o(.text)
    __aeabi_cdcmpeq                          0x080066c5   Thumb Code     0  cdcmple.o(.text)
    __aeabi_cdcmple                          0x080066c5   Thumb Code    38  cdcmple.o(.text)
    __aeabi_cdrcmple                         0x080066ed   Thumb Code    38  cdrcmple.o(.text)
    __scatterload                            0x08006715   Thumb Code    28  init.o(.text)
    __scatterload_rt2                        0x08006715   Thumb Code     0  init.o(.text)
    _dsqrt                                   0x08006739   Thumb Code   162  dsqrt.o(.text)
    __decompress                             0x080067db   Thumb Code     0  __dczerorl2.o(.text)
    __decompress1                            0x080067db   Thumb Code    92  __dczerorl2.o(.text)
    __ARM_fpclassify                         0x08006837   Thumb Code    48  fpclassify.o(i.__ARM_fpclassify)
    __hardfp_asin                            0x08006869   Thumb Code   774  asin.o(i.__hardfp_asin)
    __hardfp_atan                            0x08006bd9   Thumb Code   636  atan.o(i.__hardfp_atan)
    __hardfp_atan2                           0x08006ec1   Thumb Code   416  atan2.o(i.__hardfp_atan2)
    __hardfp_exp                             0x080070a1   Thumb Code   726  exp.o(i.__hardfp_exp)
    __kernel_poly                            0x08007409   Thumb Code   248  poly.o(i.__kernel_poly)
    __mathlib_dbl_underflow                  0x08007501   Thumb Code    24  dunder.o(i.__mathlib_dbl_underflow)
    __scatterload_copy                       0x08007521   Thumb Code    14  handlers.o(i.__scatterload_copy)
    __scatterload_null                       0x0800752f   Thumb Code     2  handlers.o(i.__scatterload_null)
    __scatterload_zeroinit                   0x08007531   Thumb Code    14  handlers.o(i.__scatterload_zeroinit)
    __set_errno                              0x08007541   Thumb Code     6  errno.o(i.__set_errno)
    atan                                     0x0800754d   Thumb Code    16  atan.o(i.atan)
    fabs                                     0x0800755d   Thumb Code    32  fabs.o(i.fabs)
    sqrt                                     0x0800757d   Thumb Code   110  sqrt.o(i.sqrt)
    postion                                  0x080075ec   Data          64  chassistask.o(.constdata)
    CRC8_INIT                                0x0800762c   Data           1  referee.o(.constdata)
    CRC8_TAB                                 0x0800762d   Data         256  referee.o(.constdata)
    wCRC_Table                               0x0800772e   Data         512  referee.o(.constdata)
    __mathlib_zero                           0x08007a70   Data           8  qnan.o(.constdata)
    Region$$Table$$Base                      0x08007a78   Number         0  anon$$obj.o(Region$$Table)
    Region$$Table$$Limit                     0x08007a98   Number         0  anon$$obj.o(Region$$Table)
    clock_count                              0x20000004   Data           4  clock.o(.data)
    TAddr                                    0x2000000c   Data           1  6050.o(.data)
    q0                                       0x20000010   Data           4  imu.o(.data)
    q1                                       0x20000014   Data           4  imu.o(.data)
    q2                                       0x20000018   Data           4  imu.o(.data)
    q3                                       0x2000001c   Data           4  imu.o(.data)
    exInt                                    0x20000020   Data           4  imu.o(.data)
    eyInt                                    0x20000024   Data           4  imu.o(.data)
    ezInt                                    0x20000028   Data           4  imu.o(.data)
    Q                                        0x2000002c   Data           4  imu.o(.data)
    R                                        0x20000030   Data           4  imu.o(.data)
    mpu6050_error_flag                       0x20000034   Data           1  imu.o(.data)
    lastUpdate                               0x20000078   Data           4  imu.o(.data)
    now                                      0x2000007c   Data           4  imu.o(.data)
    sys                                      0x20000080   Data           3  controltask.o(.data)
    output                                   0x20000084   Data           8  controltask.o(.data)
    flag                                     0x2000008c   Data           4  controltask.o(.data)
    duoji_flag                               0x20000090   Data           4  controltask.o(.data)
    speed                                    0x2000009c   Data           8  comunicatetask.o(.data)
    can1transmit                             0x200000a4   Data           1  comunicatetask.o(.data)
    can1Recieve                              0x200000a5   Data           1  comunicatetask.o(.data)
    yaw_init                                 0x200000ac   Data          28  holder.o(.data)
    pitch_init                               0x200000c8   Data          28  holder.o(.data)
    set                                      0x200000e4   Data           2  chassistask.o(.data)
    wheelpid                                 0x200000e8   Data          28  chassistask.o(.data)
    chassispid_core                          0x20000104   Data          28  chassistask.o(.data)
    chassispid_shell                         0x20000120   Data          28  chassistask.o(.data)
    lidar_flag                               0x2000013d   Data           1  chassistask.o(.data)
    Scale                                    0x20000140   Data          20  pidtask.o(.data)
    k                                        0x20000154   Data          20  pidtask.o(.data)
    relay_flag                               0x20000168   Data           7  relay.o(.data)
    Flag_Uart_Busy                           0x20000170   Data           1  referee.o(.data)
    dara                                     0x20000174   Data           4  referee.o(.data)
    time_count                               0x20000178   Data           4  referee.o(.data)
    CRC_INIT                                 0x2000017c   Data           2  referee.o(.data)
    Judgment_02_data                         0x20000188   Data           6  referee.o(.data)
    temp_V                                   0x20000190   Data           4  referee.o(.data)
    temp_A                                   0x20000194   Data           4  referee.o(.data)
    temp_W                                   0x20000198   Data           4  referee.o(.data)
    temp_J                                   0x2000019c   Data           4  referee.o(.data)
    temp_ss                                  0x200001a0   Data           4  referee.o(.data)
    temp_sf                                  0x200001a4   Data           4  referee.o(.data)
    temp_bs                                  0x200001a8   Data           4  referee.o(.data)
    temp_bf                                  0x200001ac   Data           4  referee.o(.data)
    SystemCoreClock                          0x200001b0   Data           4  system_stm32f4xx.o(.data)
    AHBPrescTable                            0x200001b4   Data          16  system_stm32f4xx.o(.data)
    Send_data                                0x200001d8   Data          20  main.o(.bss)
    sbus_rx_buffer                           0x200001ec   Data          18  communication.o(.bss)
    sensor                                   0x20000200   Data          72  6050.o(.bss)
    sensor2                                  0x20000248   Data          72  6050.o(.bss)
    mpu6050_buffer                           0x20000290   Data          16  6050.o(.bss)
    angle                                    0x200002a0   Data          12  imu.o(.bss)
    Gyro_File_Buf                            0x200002ac   Data         120  imu.o(.bss)
    key                                      0x20000324   Data          56  comunicatetask.o(.bss)
    remote                                   0x2000035c   Data          20  comunicatetask.o(.bss)
    canM                                     0x20000370   Data          40  comunicatetask.o(.bss)
    canM1                                    0x20000398   Data          40  comunicatetask.o(.bss)
    motor                                    0x200003c0   Data         148  holder.o(.bss)
    wheelInfo                                0x20000454   Data         256  chassistask.o(.bss)
    chassisPara                              0x20000554   Data         180  chassistask.o(.bss)
    recieveData                              0x20000608   Data          14  referee.o(.bss)
    lidar                                    0x20000618   Data          16  referee.o(.bss)
    meta_data                                0x20000628   Data          80  referee.o(.bss)
    Judgment_01_data                         0x20000678   Data          24  referee.o(.bss)
    Judgment_03_data                         0x20000690   Data          16  referee.o(.bss)
    Judgment_04_data                         0x200006a0   Data          22  referee.o(.bss)
    Tx_Buf                                   0x200006b6   Data          25  referee.o(.bss)
    re_data                                  0x200006cf   Data          25  referee.o(.bss)
    __initial_sp                             0x20000ee8   Data           0  startup_stm32f40_41xxx.o(STACK)



==============================================================================

Memory Map of the image

  Image Entry point : 0x08000189

  Load Region LR_IROM1 (Base: 0x08000000, Size: 0x00007c70, Max: 0x00100000, ABSOLUTE, COMPRESSED[0x00007b20])

    Execution Region ER_IROM1 (Base: 0x08000000, Size: 0x00007a98, Max: 0x00100000, ABSOLUTE)

    Base Addr    Size         Type   Attr      Idx    E Section Name        Object

    0x08000000   0x00000188   Data   RO          647    RESET               startup_stm32f40_41xxx.o
    0x08000188   0x00000000   Code   RO          960  * .ARM.Collect$$$$00000000  mc_w.l(entry.o)
    0x08000188   0x00000004   Code   RO         1022    .ARM.Collect$$$$00000001  mc_w.l(entry2.o)
    0x0800018c   0x00000004   Code   RO         1025    .ARM.Collect$$$$00000004  mc_w.l(entry5.o)
    0x08000190   0x00000000   Code   RO         1027    .ARM.Collect$$$$00000008  mc_w.l(entry7b.o)
    0x08000190   0x00000000   Code   RO         1029    .ARM.Collect$$$$0000000A  mc_w.l(entry8b.o)
    0x08000190   0x00000008   Code   RO         1030    .ARM.Collect$$$$0000000B  mc_w.l(entry9a.o)
    0x08000198   0x00000000   Code   RO         1032    .ARM.Collect$$$$0000000D  mc_w.l(entry10a.o)
    0x08000198   0x00000000   Code   RO         1034    .ARM.Collect$$$$0000000F  mc_w.l(entry11a.o)
    0x08000198   0x00000004   Code   RO         1023    .ARM.Collect$$$$00002712  mc_w.l(entry2.o)
    0x0800019c   0x00000024   Code   RO            3    .text               main.o
    0x080001c0   0x00000100   Code   RO          225    .text               delay.o
    0x080002c0   0x00000036   Code   RO          247    .text               boot.o
    0x080002f6   0x00000002   PAD
    0x080002f8   0x000000e4   Code   RO          267    .text               clock.o
    0x080003dc   0x000004cc   Code   RO          290    .text               communication.o
    0x080008a8   0x0000018c   Code   RO          314    .text               myfunc.o
    0x08000a34   0x00000244   Code   RO          357    .text               6050.o
    0x08000c78   0x00000364   Code   RO          384    .text               i2c.o
    0x08000fdc   0x00000dd0   Code   RO          404    .text               imu.o
    0x08001dac   0x000001e0   Code   RO          431    .text               controltask.o
    0x08001f8c   0x00000794   Code   RO          457    .text               comunicatetask.o
    0x08002720   0x00000078   Code   RO          484    .text               holder.o
    0x08002798   0x000003a4   Code   RO          511    .text               chassistask.o
    0x08002b3c   0x0000020c   Code   RO          575    .text               pidtask.o
    0x08002d48   0x0000096c   Code   RO          619    .text               referee.o
    0x080036b4   0x00000024   Code   RO          648    .text               startup_stm32f40_41xxx.o
    0x080036d8   0x000000e4   Code   RO          654    .text               misc.o
    0x080037bc   0x000009ec   Code   RO          694    .text               stm32f4xx_can.o
    0x080041a8   0x00000454   Code   RO          714    .text               stm32f4xx_usart.o
    0x080045fc   0x00000210   Code   RO          734    .text               system_stm32f4xx.o
    0x0800480c   0x00000294   Code   RO          800    .text               stm32f4xx_gpio.o
    0x08004aa0   0x0000065c   Code   RO          840    .text               stm32f4xx_rcc.o
    0x080050fc   0x00000ca2   Code   RO          882    .text               stm32f4xx_tim.o
    0x08005d9e   0x00000002   PAD
    0x08005da0   0x000003a4   Code   RO          902    .text               stm32f4xx_dma.o
    0x08006144   0x00000024   Code   RO          963    .text               mc_w.l(memcpya.o)
    0x08006168   0x0000014e   Code   RO          967    .text               mf_w.l(dadd.o)
    0x080062b6   0x000000e4   Code   RO          969    .text               mf_w.l(dmul.o)
    0x0800639a   0x000000de   Code   RO          971    .text               mf_w.l(ddiv.o)
    0x08006478   0x00000022   Code   RO          975    .text               mf_w.l(dflti.o)
    0x0800649a   0x0000003e   Code   RO          977    .text               mf_w.l(dfixi.o)
    0x080064d8   0x00000026   Code   RO          979    .text               mf_w.l(f2d.o)
    0x080064fe   0x00000038   Code   RO          981    .text               mf_w.l(d2f.o)
    0x08006536   0x0000001e   Code   RO         1036    .text               mc_w.l(llshl.o)
    0x08006554   0x00000020   Code   RO         1038    .text               mc_w.l(llushr.o)
    0x08006574   0x00000024   Code   RO         1040    .text               mc_w.l(llsshr.o)
    0x08006598   0x00000000   Code   RO         1049    .text               mc_w.l(iusefp.o)
    0x08006598   0x0000006c   Code   RO         1050    .text               mf_w.l(fepilogue.o)
    0x08006604   0x000000be   Code   RO         1052    .text               mf_w.l(depilogue.o)
    0x080066c2   0x00000002   PAD
    0x080066c4   0x00000028   Code   RO         1054    .text               mf_w.l(cdcmple.o)
    0x080066ec   0x00000028   Code   RO         1056    .text               mf_w.l(cdrcmple.o)
    0x08006714   0x00000024   Code   RO         1058    .text               mc_w.l(init.o)
    0x08006738   0x000000a2   Code   RO         1060    .text               mf_w.l(dsqrt.o)
    0x080067da   0x0000005c   Code   RO         1070    .text               mc_w.l(__dczerorl2.o)
    0x08006836   0x00000030   Code   RO         1005    i.__ARM_fpclassify  m_wm.l(fpclassify.o)
    0x08006866   0x00000002   PAD
    0x08006868   0x00000370   Code   RO          920    i.__hardfp_asin     m_wm.l(asin.o)
    0x08006bd8   0x000002e8   Code   RO          983    i.__hardfp_atan     m_wm.l(atan.o)
    0x08006ec0   0x000001e0   Code   RO          934    i.__hardfp_atan2    m_wm.l(atan2.o)
    0x080070a0   0x00000368   Code   RO          946    i.__hardfp_exp      m_wm.l(exp.o)
    0x08007408   0x000000f8   Code   RO         1007    i.__kernel_poly     m_wm.l(poly.o)
    0x08007500   0x00000020   Code   RO          997    i.__mathlib_dbl_underflow  m_wm.l(dunder.o)
    0x08007520   0x0000000e   Code   RO         1064    i.__scatterload_copy  mc_w.l(handlers.o)
    0x0800752e   0x00000002   Code   RO         1065    i.__scatterload_null  mc_w.l(handlers.o)
    0x08007530   0x0000000e   Code   RO         1066    i.__scatterload_zeroinit  mc_w.l(handlers.o)
    0x0800753e   0x00000002   PAD
    0x08007540   0x0000000c   Code   RO         1044    i.__set_errno       mc_w.l(errno.o)
    0x0800754c   0x00000010   Code   RO          985    i.atan              m_wm.l(atan.o)
    0x0800755c   0x00000020   Code   RO         1001    i.fabs              m_wm.l(fabs.o)
    0x0800757c   0x0000006e   Code   RO         1012    i.sqrt              m_wm.l(sqrt.o)
    0x080075ea   0x00000002   PAD
    0x080075ec   0x00000040   Data   RO          513    .constdata          chassistask.o
    0x0800762c   0x00000302   Data   RO          621    .constdata          referee.o
    0x0800792e   0x00000002   PAD
    0x08007930   0x00000050   Data   RO          923    .constdata          m_wm.l(asin.o)
    0x08007980   0x00000058   Data   RO          949    .constdata          m_wm.l(exp.o)
    0x080079d8   0x00000098   Data   RO          986    .constdata          m_wm.l(atan.o)
    0x08007a70   0x00000008   Data   RO         1009    .constdata          m_wm.l(qnan.o)
    0x08007a78   0x00000020   Data   RO         1062    Region$$Table       anon$$obj.o


    Execution Region RW_IRAM1 (Base: 0x20000000, Size: 0x00000ee8, Max: 0x00020000, ABSOLUTE, COMPRESSED[0x00000088])

    Base Addr    Size         Type   Attr      Idx    E Section Name        Object

    0x20000000   0x00000004   Data   RW          226    .data               delay.o
    0x20000004   0x00000004   Data   RW          268    .data               clock.o
    0x20000008   0x00000004   Data   RW          292    .data               communication.o
    0x2000000c   0x00000001   Data   RW          359    .data               6050.o
    0x2000000d   0x00000003   PAD
    0x20000010   0x00000070   Data   RW          406    .data               imu.o
    0x20000080   0x0000001c   Data   RW          432    .data               controltask.o
    0x2000009c   0x00000010   Data   RW          459    .data               comunicatetask.o
    0x200000ac   0x00000038   Data   RW          486    .data               holder.o
    0x200000e4   0x0000005a   Data   RW          514    .data               chassistask.o
    0x2000013e   0x00000002   PAD
    0x20000140   0x00000028   Data   RW          576    .data               pidtask.o
    0x20000168   0x00000007   Data   RW          599    .data               relay.o
    0x2000016f   0x00000001   PAD
    0x20000170   0x00000040   Data   RW          622    .data               referee.o
    0x200001b0   0x00000014   Data   RW          735    .data               system_stm32f4xx.o
    0x200001c4   0x00000010   Data   RW          841    .data               stm32f4xx_rcc.o
    0x200001d4   0x00000004   Data   RW         1045    .data               mc_w.l(errno.o)
    0x200001d8   0x00000014   Zero   RW            4    .bss                main.o
    0x200001ec   0x00000012   Zero   RW          291    .bss                communication.o
    0x200001fe   0x00000002   PAD
    0x20000200   0x000000a0   Zero   RW          358    .bss                6050.o
    0x200002a0   0x00000084   Zero   RW          405    .bss                imu.o
    0x20000324   0x0000009c   Zero   RW          458    .bss                comunicatetask.o
    0x200003c0   0x00000094   Zero   RW          485    .bss                holder.o
    0x20000454   0x000001b4   Zero   RW          512    .bss                chassistask.o
    0x20000608   0x000000e0   Zero   RW          620    .bss                referee.o
    0x200006e8   0x00000800   Zero   RW          645    STACK               startup_stm32f40_41xxx.o


==============================================================================

Image component sizes


      Code (inc. data)   RO Data    RW Data    ZI Data      Debug   Object Name

       580         20          0          1        160       2869   6050.o
        54          0          0          0          0        447   boot.o
       932         62         64         90        436       5923   chassistask.o
       228         18          0          4          0       1212   clock.o
      1228         80          0          4         18       2766   communication.o
      1940         62          0         16        156       5243   comunicatetask.o
       480         58          0         28          0       2442   controltask.o
       256          8          0          4          0       1337   delay.o
       120         14          0         56        148       1329   holder.o
       868          6          0          0          0       3254   i2c.o
      3536        172          0        112        132       5970   imu.o
        36          4          0          0         20     305380   main.o
       228         22          0          0          0       1717   misc.o
       396          0          0          0          0       2367   myfunc.o
       524         36          0         40          0       1387   pidtask.o
      2412        144        770         64        224       8295   referee.o
         0          0          0          7          0       1251   relay.o
        36          8        392          0       2048        784   startup_stm32f40_41xxx.o
      2540         38          0          0          0       7868   stm32f4xx_can.o
       932         32          0          0          0       6193   stm32f4xx_dma.o
       660         44          0          0          0       3997   stm32f4xx_gpio.o
      1628         52          0         16          0      12736   stm32f4xx_rcc.o
      3234         60          0          0          0      22196   stm32f4xx_tim.o
      1108         34          0          0          0       7692   stm32f4xx_usart.o
       528         46          0         20          0       1727   system_stm32f4xx.o

    ----------------------------------------------------------------------
     24488       1020       1260        468       3344     416382   Object Totals
         0          0         32          0          0          0   (incl. Generated)
         4          0          2          6          2          0   (incl. Padding)

    ----------------------------------------------------------------------

      Code (inc. data)   RO Data    RW Data    ZI Data      Debug   Library Member Name

       880        106         80          0          0        200   asin.o
       760        108        152          0          0        344   atan.o
       480         64          0          0          0        156   atan2.o
        32          8          0          0          0        124   dunder.o
       872        146         88          0          0        220   exp.o
        32          0          0          0          0        124   fabs.o
        48          0          0          0          0        124   fpclassify.o
       248          0          0          0          0        152   poly.o
         0          0          8          0          0          0   qnan.o
       110          0          0          0          0        148   sqrt.o
        92          0          0          0          0          0   __dczerorl2.o
         0          0          0          0          0          0   entry.o
         0          0          0          0          0          0   entry10a.o
         0          0          0          0          0          0   entry11a.o
         8          4          0          0          0          0   entry2.o
         4          0          0          0          0          0   entry5.o
         0          0          0          0          0          0   entry7b.o
         0          0          0          0          0          0   entry8b.o
         8          4          0          0          0          0   entry9a.o
        12          6          0          4          0         68   errno.o
        30          0          0          0          0          0   handlers.o
        36          8          0          0          0         68   init.o
         0          0          0          0          0          0   iusefp.o
        30          0          0          0          0         68   llshl.o
        36          0          0          0          0         68   llsshr.o
        32          0          0          0          0         68   llushr.o
        36          0          0          0          0         68   memcpya.o
        40          2          0          0          0         68   cdcmple.o
        40          2          0          0          0         68   cdrcmple.o
        56          0          0          0          0         88   d2f.o
       334          0          0          0          0        148   dadd.o
       222          0          0          0          0        100   ddiv.o
       190          0          0          0          0        176   depilogue.o
        62          0          0          0          0         80   dfixi.o
        34          0          0          0          0         76   dflti.o
       228          0          0          0          0         96   dmul.o
       162          0          0          0          0        100   dsqrt.o
        38          0          0          0          0         68   f2d.o
       108          0          0          0          0        168   fepilogue.o

    ----------------------------------------------------------------------
      5308        458        328          4          0       3236   Library Totals
         8          0          0          0          0          0   (incl. Padding)

    ----------------------------------------------------------------------

      Code (inc. data)   RO Data    RW Data    ZI Data      Debug   Library Name

      3462        432        328          0          0       1592   m_wm.l
       324         22          0          4          0        408   mc_w.l
      1514          4          0          0          0       1236   mf_w.l

    ----------------------------------------------------------------------
      5308        458        328          4          0       3236   Library Totals

    ----------------------------------------------------------------------

==============================================================================


      Code (inc. data)   RO Data    RW Data    ZI Data      Debug   

     29796       1478       1588        472       3344     413438   Grand Totals
     29796       1478       1588        136       3344     413438   ELF Image Totals (compressed)
     29796       1478       1588        136          0          0   ROM Totals

==============================================================================

    Total RO  Size (Code + RO Data)                31384 (  30.65kB)
    Total RW  Size (RW Data + ZI Data)              3816 (   3.73kB)
    Total ROM Size (Code + RO Data + RW Data)      31520 (  30.78kB)

==============================================================================

