ARM Linker, 5.03 [Build 76] [MDK-ARM Standard]

==============================================================================

Section Cross References

    main.o(.text) refers to boot.o(.text) for boot
    main.o(.text) refers to imu.o(.text) for imu
    main.o(.text) refers to referee.o(.text) for send_odm_msg1
    main.o(.text) refers to chassistask.o(.bss) for chassisPara
    main.o(.text) refers to main.o(.bss) for Send_data1
    main.o(.text) refers to main.o(.data) for count
    delay.o(.text) refers to misc.o(.text) for SysTick_CLKSourceConfig
    delay.o(.text) refers to delay.o(.data) for fac_us
    boot.o(.text) refers to delay.o(.text) for delay_init
    boot.o(.text) refers to referee.o(.text) for refereeConfig
    boot.o(.text) refers to communication.o(.text) for can2Config
    boot.o(.text) refers to i2c.o(.text) for I2C_INIT
    boot.o(.text) refers to 6050.o(.text) for InitMPU6050
    boot.o(.text) refers to clock.o(.text) for sysConfig
    clock.o(.text) refers to stm32f4xx_rcc.o(.text) for RCC_APB1PeriphClockCmd
    clock.o(.text) refers to stm32f4xx_tim.o(.text) for TIM_ARRPreloadConfig
    clock.o(.text) refers to misc.o(.text) for NVIC_PriorityGroupConfig
    clock.o(.text) refers to controltask.o(.text) for runControl
    clock.o(.text) refers to clock.o(.data) for clock_count
    communication.o(.text) refers to stm32f4xx_rcc.o(.text) for RCC_AHB1PeriphClockCmd
    communication.o(.text) refers to stm32f4xx_gpio.o(.text) for GPIO_Init
    communication.o(.text) refers to stm32f4xx_can.o(.text) for CAN_Init
    communication.o(.text) refers to misc.o(.text) for NVIC_Init
    communication.o(.text) refers to stm32f4xx_usart.o(.text) for USART_DeInit
    communication.o(.text) refers to stm32f4xx_dma.o(.text) for DMA_DeInit
    communication.o(.text) refers to comunicatetask.o(.text) for readRemote
    communication.o(.text) refers to communication.o(.bss) for sbus_rx_buffer
    communication.o(.text) refers to communication.o(.data) for this_time_rx_len
    communication.o(.text) refers to comunicatetask.o(.bss) for canM1
    communication.o(.text) refers to holder.o(.bss) for motor
    communication.o(.text) refers to chassistask.o(.bss) for wheelInfo
    communication.o(.text) refers to relay.o(.data) for redlaser
    iwdg.o(.text) refers to stm32f4xx_iwdg.o(.text) for IWDG_WriteAccessCmd
    6050.o(.text) refers to i2c.o(.text) for Single_Write
    6050.o(.text) refers to delay.o(.text) for delay_ms
    6050.o(.text) refers to 6050.o(.data) for TAddr
    6050.o(.text) refers to 6050.o(.bss) for mpu6050_buffer
    i2c.o(.text) refers to stm32f4xx_rcc.o(.text) for RCC_AHB1PeriphClockCmd
    i2c.o(.text) refers to stm32f4xx_gpio.o(.text) for GPIO_Init
    imu.o(.text) refers to clock.o(.text) for Get_Time_Micros
    imu.o(.text) refers to f2d.o(.text) for __aeabi_f2d
    imu.o(.text) refers to imu.o(.data) for q0
    imu.o(.text) refers to atan2.o(i.__hardfp_atan2) for __hardfp_atan2
    imu.o(.text) refers to dmul.o(.text) for __aeabi_dmul
    imu.o(.text) refers to d2f.o(.text) for __aeabi_d2f
    imu.o(.text) refers to asin.o(i.__hardfp_asin) for __hardfp_asin
    imu.o(.text) refers to dadd.o(.text) for __aeabi_dadd
    imu.o(.text) refers to ddiv.o(.text) for __aeabi_ddiv
    imu.o(.text) refers to imu.o(.bss) for angle
    imu.o(.text) refers to 6050.o(.text) for MPU6050_Read
    imu.o(.text) refers to dflti.o(.text) for __aeabi_i2d
    imu.o(.text) refers to dfixi.o(.text) for __aeabi_d2iz
    imu.o(.text) refers to 6050.o(.bss) for mpu6050_buffer
    controltask.o(.text) refers to chassistask.o(.text) for allParaInit
    controltask.o(.text) refers to holder.o(.text) for holder_Init
    controltask.o(.text) refers to comunicatetask.o(.text) for commuiModeChange
    controltask.o(.text) refers to relay.o(.text) for Key_detect
    controltask.o(.text) refers to chassistask.o(.bss) for wheelInfo
    controltask.o(.text) refers to 6050.o(.bss) for sensor
    controltask.o(.text) refers to controltask.o(.data) for sys1
    controltask.o(.text) refers to comunicatetask.o(.bss) for remote
    controltask.o(.text) refers to relay.o(.bss) for relay_flag
    controltask.o(.text) refers to referee.o(.text) for New_Send_Data
    comunicatetask.o(.text) refers to f2d.o(.text) for __aeabi_f2d
    comunicatetask.o(.text) refers to exp.o(i.__hardfp_exp) for __hardfp_exp
    comunicatetask.o(.text) refers to d2f.o(.text) for __aeabi_d2f
    comunicatetask.o(.text) refers to comunicatetask.o(.bss) for remote
    comunicatetask.o(.text) refers to comunicatetask.o(.data) for speed
    comunicatetask.o(.text) refers to relay.o(.bss) for relay_flag
    comunicatetask.o(.text) refers to stm32f4xx_can.o(.text) for CAN_Transmit
    comunicatetask.o(.text) refers to myfunc.o(.text) for amplitudeLimiting
    comunicatetask.o(.text) refers to relay.o(.text) for Key_detect
    comunicatetask.o(.text) refers to controltask.o(.text) for angle_clear
[...]
    ../mathlib/exp.c                         0x00000000   Number         0  exp.o ABSOLUTE
    ../mathlib/exp.c                         0x00000000   Number         0  exp_x.o ABSOLUTE
    ../mathlib/fabs.c                        0x00000000   Number         0  fabs.o ABSOLUTE
    ../mathlib/fpclassify.c                  0x00000000   Number         0  fpclassify.o ABSOLUTE
    ../mathlib/poly.c                        0x00000000   Number         0  poly.o ABSOLUTE
    ../mathlib/qnan.c                        0x00000000   Number         0  qnan.o ABSOLUTE
    ../mathlib/sqrt.c                        0x00000000   Number         0  sqrt_x.o ABSOLUTE
    ../mathlib/sqrt.c                        0x00000000   Number         0  sqrt.o ABSOLUTE
    ..\Libraries\misc.c                      0x00000000   Number         0  misc.o ABSOLUTE
    ..\Libraries\startup_stm32f40_41xxx.s    0x00000000   Number         0  startup_stm32f40_41xxx.o ABSOLUTE
    ..\Libraries\stm32f4xx_adc.c             0x00000000   Number         0  stm32f4xx_adc.o ABSOLUTE
    ..\Libraries\stm32f4xx_can.c             0x00000000   Number         0  stm32f4xx_can.o ABSOLUTE
    ..\Libraries\stm32f4xx_dma.c             0x00000000   Number         0  stm32f4xx_dma.o ABSOLUTE
    ..\Libraries\stm32f4xx_gpio.c            0x00000000   Number         0  stm32f4xx_gpio.o ABSOLUTE
    ..\Libraries\stm32f4xx_i2c.c             0x00000000   Number         0  stm32f4xx_i2c.o ABSOLUTE
    ..\Libraries\stm32f4xx_iwdg.c            0x00000000   Number         0  stm32f4xx_iwdg.o ABSOLUTE
    ..\Libraries\stm32f4xx_pwr.c             0x00000000   Number         0  stm32f4xx_pwr.o ABSOLUTE
    ..\Libraries\stm32f4xx_rcc.c             0x00000000   Number         0  stm32f4xx_rcc.o ABSOLUTE
    ..\Libraries\stm32f4xx_rtc.c             0x00000000   Number         0  stm32f4xx_rtc.o ABSOLUTE
    ..\Libraries\stm32f4xx_tim.c             0x00000000   Number         0  stm32f4xx_tim.o ABSOLUTE
    ..\Libraries\stm32f4xx_usart.c           0x00000000   Number         0  stm32f4xx_usart.o ABSOLUTE
    ..\Libraries\system_stm32f4xx.c          0x00000000   Number         0  system_stm32f4xx.o ABSOLUTE
    ..\User\Src\BSP\Boot.c                   0x00000000   Number         0  boot.o ABSOLUTE
    ..\User\Src\BSP\Clock.c                  0x00000000   Number         0  clock.o ABSOLUTE
    ..\User\Src\BSP\Communication.c          0x00000000   Number         0  communication.o ABSOLUTE
    ..\User\Src\BSP\IWDG.c                   0x00000000   Number         0  iwdg.o ABSOLUTE
    ..\User\Src\BSP\MyFunc.c                 0x00000000   Number         0  myfunc.o ABSOLUTE
    ..\User\Src\BSP\delay.c                  0x00000000   Number         0  delay.o ABSOLUTE
    ..\User\Src\BSP\sys.c                    0x00000000   Number         0  sys.o ABSOLUTE
    ..\User\Src\IMU\6050.c                   0x00000000   Number         0  6050.o ABSOLUTE
    ..\User\Src\IMU\I2C.c                    0x00000000   Number         0  i2c.o ABSOLUTE
    ..\User\Src\IMU\Imu.c                    0x00000000   Number         0  imu.o ABSOLUTE
    ..\User\Src\Referee\Referee.c            0x00000000   Number         0  referee.o ABSOLUTE
    ..\User\Src\Task\ChassisTask.c           0x00000000   Number         0  chassistask.o ABSOLUTE
    ..\User\Src\Task\ComunicateTask.c        0x00000000   Number         0  comunicatetask.o ABSOLUTE
    ..\User\Src\Task\ControlTask.c           0x00000000   Number         0  controltask.o ABSOLUTE
    ..\User\Src\Task\PidTask.c               0x00000000   Number         0  pidtask.o ABSOLUTE
    ..\User\Src\Task\Relay.c                 0x00000000   Number         0  relay.o ABSOLUTE
    ..\User\Src\Task\holder.c                0x00000000   Number         0  holder.o ABSOLUTE
    ..\User\Src\main.c                       0x00000000   Number         0  main.o ABSOLUTE
    ..\\Libraries\\misc.c                    0x00000000   Number         0  misc.o ABSOLUTE
    ..\\Libraries\\stm32f4xx_adc.c           0x00000000   Number         0  stm32f4xx_adc.o ABSOLUTE
    ..\\Libraries\\stm32f4xx_can.c           0x00000000   Number         0  stm32f4xx_can.o ABSOLUTE
    ..\\Libraries\\stm32f4xx_dma.c           0x00000000   Number         0  stm32f4xx_dma.o ABSOLUTE
    ..\\Libraries\\stm32f4xx_gpio.c          0x00000000   Number         0  stm32f4xx_gpio.o ABSOLUTE
    ..\\Libraries\\stm32f4xx_i2c.c           0x00000000   Number         0  stm32f4xx_i2c.o ABSOLUTE
    ..\\Libraries\\stm32f4xx_iwdg.c          0x00000000   Number         0  stm32f4xx_iwdg.o ABSOLUTE
    ..\\Libraries\\stm32f4xx_pwr.c           0x00000000   Number         0  stm32f4xx_pwr.o ABSOLUTE
    ..\\Libraries\\stm32f4xx_rcc.c           0x00000000   Number         0  stm32f4xx_rcc.o ABSOLUTE
    ..\\Libraries\\stm32f4xx_rtc.c           0x00000000   Number         0  stm32f4xx_rtc.o ABSOLUTE
    ..\\Libraries\\stm32f4xx_tim.c           0x00000000   Number         0  stm32f4xx_tim.o ABSOLUTE
    ..\\Libraries\\stm32f4xx_usart.c         0x00000000   Number         0  stm32f4xx_usart.o ABSOLUTE
    ..\\Libraries\\system_stm32f4xx.c        0x00000000   Number         0  system_stm32f4xx.o ABSOLUTE
    ..\\User\\Src\\BSP\\Boot.c               0x00000000   Number         0  boot.o ABSOLUTE
    ..\\User\\Src\\BSP\\Clock.c              0x00000000   Number         0  clock.o ABSOLUTE
    ..\\User\\Src\\BSP\\Communication.c      0x00000000   Number         0  communication.o ABSOLUTE
    ..\\User\\Src\\BSP\\IWDG.c               0x00000000   Number         0  iwdg.o ABSOLUTE
    ..\\User\\Src\\BSP\\MyFunc.c             0x00000000   Number         0  myfunc.o ABSOLUTE
    ..\\User\\Src\\BSP\\delay.c              0x00000000   Number         0  delay.o ABSOLUTE
    ..\\User\\Src\\BSP\\sys.c                0x00000000   Number         0  sys.o ABSOLUTE
    ..\\User\\Src\\IMU\\6050.c               0x00000000   Number         0  6050.o ABSOLUTE
    ..\\User\\Src\\IMU\\I2C.c                0x00000000   Number         0  i2c.o ABSOLUTE
    ..\\User\\Src\\IMU\\Imu.c                0x00000000   Number         0  imu.o ABSOLUTE
    ..\\User\\Src\\Referee\\Referee.c        0x00000000   Number         0  referee.o ABSOLUTE
    ..\\User\\Src\\Task\\ChassisTask.c       0x00000000   Number         0  chassistask.o ABSOLUTE
    ..\\User\\Src\\Task\\ComunicateTask.c    0x00000000   Number         0  comunicatetask.o ABSOLUTE
    ..\\User\\Src\\Task\\ControlTask.c       0x00000000   Number         0  controltask.o ABSOLUTE
    ..\\User\\Src\\Task\\PidTask.c           0x00000000   Number         0  pidtask.o ABSOLUTE
    ..\\User\\Src\\Task\\Relay.c             0x00000000   Number         0  relay.o ABSOLUTE
    ..\\User\\Src\\Task\\holder.c            0x00000000   Number         0  holder.o ABSOLUTE
    ..\\User\\Src\\main.c                    0x00000000   Number         0  main.o ABSOLUTE
    cdcmple.s                                0x00000000   Number         0  cdcmple.o ABSOLUTE
    cdrcmple.s                               0x00000000   Number         0  cdrcmple.o ABSOLUTE
    dc.s                                     0x00000000   Number         0  dc.o ABSOLUTE
    handlers.s                               0x00000000   Number         0  handlers.o ABSOLUTE
    init.s                                   0x00000000   Number         0  init.o ABSOLUTE
    RESET                                    0x08000000   Section      392  startup_stm32f40_41xxx.o(RESET)
    .ARM.Collect$$$$00000000                 0x08000188   Section        0  entry.o(.ARM.Collect$$$$00000000)
    .ARM.Collect$$$$00000001                 0x08000188   Section        4  entry2.o(.ARM.Collect$$$$00000001)
    .ARM.Collect$$$$00000004                 0x0800018c   Section        4  entry5.o(.ARM.Collect$$$$00000004)
    .ARM.Collect$$$$00000008                 0x08000190   Section        0  entry7b.o(.ARM.Collect$$$$00000008)
    .ARM.Collect$$$$0000000A                 0x08000190   Section        0  entry8b.o(.ARM.Collect$$$$0000000A)
    .ARM.Collect$$$$0000000B                 0x08000190   Section        8  entry9a.o(.ARM.Collect$$$$0000000B)
    .ARM.Collect$$$$0000000D                 0x08000198   Section        0  entry10a.o(.ARM.Collect$$$$0000000D)
    .ARM.Collect$$$$0000000F                 0x08000198   Section        0  entry11a.o(.ARM.Collect$$$$0000000F)
    .ARM.Collect$$$$00002712                 0x08000198   Section        4  entry2.o(.ARM.Collect$$$$00002712)
    __lit__00000000                          0x08000198   Data           4  entry2.o(.ARM.Collect$$$$00002712)
    .text                                    0x0800019c   Section        0  main.o(.text)
    .text                                    0x08000224   Section        0  delay.o(.text)
    .text                                    0x08000324   Section        0  boot.o(.text)
    .text                                    0x0800035c   Section        0  clock.o(.text)
    .text                                    0x08000438   Section        0  communication.o(.text)
    .text                                    0x080008f0   Section        0  myfunc.o(.text)
    .text                                    0x08000a7c   Section        0  6050.o(.text)
    .text                                    0x08000cc0   Section        0  i2c.o(.text)
    .text                                    0x08001024   Section        0  imu.o(.text)
    KalmanFilter_z                           0x08001621   Thumb Code   304  imu.o(.text)
    KalmanFilter_y                           0x08001751   Thumb Code   356  imu.o(.text)
    KalmanFilter_x                           0x080018b5   Thumb Code   304  imu.o(.text)
    KalmanFilter_speed                       0x08001c7b   Thumb Code   362  imu.o(.text)
    .text                                    0x08001df4   Section        0  controltask.o(.text)
    .text                                    0x08002394   Section        0  comunicatetask.o(.text)
    .text                                    0x08002b40   Section        0  holder.o(.text)
    .text                                    0x08002bb8   Section        0  chassistask.o(.text)
    KalmanFilter_speed                       0x08002f79   Thumb Code   418  chassistask.o(.text)
    .text                                    0x0800312c   Section        0  pidtask.o(.text)
    .text                                    0x08003404   Section        0  relay.o(.text)
    .text                                    0x08003dd8   Section        0  referee.o(.text)
    .text                                    0x080044b0   Section       36  startup_stm32f40_41xxx.o(.text)
    $v0                                      0x080044b0   Number         0  startup_stm32f40_41xxx.o(.text)
    .text                                    0x080044d4   Section        0  misc.o(.text)
    .text                                    0x080045b8   Section        0  stm32f4xx_can.o(.text)
    CheckITStatus                            0x08004dbb   Thumb Code    16  stm32f4xx_can.o(.text)
    .text                                    0x08004fa4   Section        0  stm32f4xx_usart.o(.text)
    .text                                    0x080053f8   Section        0  system_stm32f4xx.o(.text)
    SetSysClock                              0x080053f9   Thumb Code   218  system_stm32f4xx.o(.text)
    .text                                    0x08005608   Section        0  stm32f4xx_gpio.o(.text)
    .text                                    0x0800589c   Section        0  stm32f4xx_rcc.o(.text)
    .text                                    0x08005ef8   Section        0  stm32f4xx_tim.o(.text)
    TI4_Config                               0x08006697   Thumb Code    80  stm32f4xx_tim.o(.text)
    TI3_Config                               0x080066f9   Thumb Code    72  stm32f4xx_tim.o(.text)
    TI2_Config                               0x0800675b   Thumb Code    90  stm32f4xx_tim.o(.text)
    TI1_Config                               0x080067c7   Thumb Code    58  stm32f4xx_tim.o(.text)
    .text                                    0x08006b9c   Section        0  stm32f4xx_dma.o(.text)
    .text                                    0x08006f40   Section        0  memcpya.o(.text)
    .text                                    0x08006f64   Section        0  dadd.o(.text)
    .text                                    0x080070b2   Section        0  dmul.o(.text)
    .text                                    0x08007196   Section        0  ddiv.o(.text)
    .text                                    0x08007274   Section        0  dflti.o(.text)
    .text                                    0x08007296   Section        0  dfixi.o(.text)
    .text                                    0x080072d4   Section        0  f2d.o(.text)
    .text                                    0x080072fa   Section        0  d2f.o(.text)
    .text                                    0x08007332   Section        0  llshl.o(.text)
    .text                                    0x08007350   Section        0  llushr.o(.text)
    .text                                    0x08007370   Section        0  llsshr.o(.text)
    .text                                    0x08007394   Section        0  fepilogue.o(.text)
    .text                                    0x08007394   Section        0  iusefp.o(.text)
    .text                                    0x08007400   Section        0  depilogue.o(.text)
    .text                                    0x080074c0   Section       40  cdcmple.o(.text)
    .text                                    0x080074e8   Section       40  cdrcmple.o(.text)
    .text                                    0x08007510   Section       36  init.o(.text)
    .text                                    0x08007534   Section        0  dsqrt.o(.text)
    .text                                    0x080075d6   Section        0  __dczerorl2.o(.text)
    i.__ARM_fpclassify                       0x08007632   Section        0  fpclassify.o(i.__ARM_fpclassify)
    i.__hardfp_asin                          0x08007668   Section        0  asin.o(i.__hardfp_asin)
    i.__hardfp_atan                          0x080079d8   Section        0  atan.o(i.__hardfp_atan)
    i.__hardfp_atan2                         0x08007cc0   Section        0  atan2.o(i.__hardfp_atan2)
    i.__hardfp_exp                           0x08007ea0   Section        0  exp.o(i.__hardfp_exp)
    i.__kernel_poly                          0x08008208   Section        0  poly.o(i.__kernel_poly)
    i.__mathlib_dbl_underflow                0x08008300   Section        0  dunder.o(i.__mathlib_dbl_underflow)
    i.__scatterload_copy                     0x08008320   Section       14  handlers.o(i.__scatterload_copy)
    i.__scatterload_null                     0x0800832e   Section        2  handlers.o(i.__scatterload_null)
    i.__scatterload_zeroinit                 0x08008330   Section       14  handlers.o(i.__scatterload_zeroinit)
    i.__set_errno                            0x08008340   Section        0  errno.o(i.__set_errno)
    i.atan                                   0x0800834c   Section        0  atan.o(i.atan)
    i.fabs                                   0x0800835c   Section        0  fabs.o(i.fabs)
    i.sqrt                                   0x0800837c   Section        0  sqrt.o(i.sqrt)
    .constdata                               0x080083ea   Section      770  referee.o(.constdata)
    .constdata                               0x080086f0   Section       80  asin.o(.constdata)
    pS                                       0x080086f0   Data          48  asin.o(.constdata)
    qS                                       0x08008720   Data          32  asin.o(.constdata)
    .constdata                               0x08008740   Section       88  exp.o(.constdata)
    halF                                     0x08008740   Data          16  exp.o(.constdata)
    ln2HI                                    0x08008750   Data          16  exp.o(.constdata)
    ln2LO                                    0x08008760   Data          16  exp.o(.constdata)
    P                                        0x08008770   Data          40  exp.o(.constdata)
    .constdata                               0x08008798   Section      152  atan.o(.constdata)
    atanhi                                   0x08008798   Data          32  atan.o(.constdata)
    atanlo                                   0x080087b8   Data          32  atan.o(.constdata)
    aTodd                                    0x080087d8   Data          40  atan.o(.constdata)
    aTeven                                   0x08008800   Data          48  atan.o(.constdata)
    .constdata                               0x08008830   Section        8  qnan.o(.constdata)
    .data                                    0x20000000   Section        4  main.o(.data)
    .data                                    0x20000004   Section        4  delay.o(.data)
    fac_us                                   0x20000004   Data           1  delay.o(.data)
    fac_ms                                   0x20000006   Data           2  delay.o(.data)
    .data                                    0x20000008   Section        4  clock.o(.data)
    .data                                    0x2000000c   Section        4  communication.o(.data)
    this_time_rx_len                         0x2000000c   Data           4  communication.o(.data)
    .data                                    0x20000010   Section        1  6050.o(.data)
    .data                                    0x20000018   Section      112  imu.o(.data)
    gyro_filter_cnt                          0x2000003d   Data           1  imu.o(.data)
    x_last                                   0x20000040   Data           8  imu.o(.data)
    p_last                                   0x20000048   Data           8  imu.o(.data)
    x_last                                   0x20000050   Data           8  imu.o(.data)
    p_last                                   0x20000058   Data           8  imu.o(.data)
    x_last                                   0x20000060   Data           8  imu.o(.data)
    p_last                                   0x20000068   Data           8  imu.o(.data)
    x_last                                   0x20000070   Data           8  imu.o(.data)
    p_last                                   0x20000078   Data           8  imu.o(.data)
    .data                                    0x20000088   Section       24  controltask.o(.data)
    key_press_flag                           0x20000098   Data           1  controltask.o(.data)
    stick_press_flag                         0x20000099   Data           1  controltask.o(.data)
    .data                                    0x200000a0   Section       16  comunicatetask.o(.data)
    mode_change                              0x200000aa   Data           1  comunicatetask.o(.data)
    count                                    0x200000ac   Data           4  comunicatetask.o(.data)
    .data                                    0x200000b0   Section       56  holder.o(.data)
    .data                                    0x200000e8   Section      145  chassistask.o(.data)
    lidar_flag                               0x20000164   Data           1  chassistask.o(.data)
    x_last                                   0x20000168   Data           8  chassistask.o(.data)
    p_last                                   0x20000170   Data           8  chassistask.o(.data)
    .data                                    0x2000017c   Section       40  pidtask.o(.data)
    .data                                    0x200001a4   Section       80  relay.o(.data)
    mouse_press_flag                         0x200001ce   Data           1  relay.o(.data)
    key1                                     0x200001d0   Data           2  relay.o(.data)
    key_q_test                               0x200001d2   Data           1  relay.o(.data)
    key_e_test                               0x200001d3   Data           1  relay.o(.data)
    key_qe_test                              0x200001d4   Data           1  relay.o(.data)
    key_press_flag                           0x200001d5   Data           1  relay.o(.data)
    stick_press_flag                         0x200001d6   Data           1  relay.o(.data)
    count                                    0x200001d8   Data           2  relay.o(.data)
    mouse_count                              0x200001da   Data           2  relay.o(.data)
    relay_count                              0x200001dc   Data           4  relay.o(.data)
    sensor_12                                0x200001e0   Data           1  relay.o(.data)
    sensor_34                                0x200001e1   Data           1  relay.o(.data)
    sensor_56                                0x200001e2   Data           1  relay.o(.data)
    sensor_                                  0x200001e3   Data           1  relay.o(.data)
    front_leg                                0x200001e4   Data           1  relay.o(.data)
    back_leg                                 0x200001e5   Data           1  relay.o(.data)
    sensor_rescue                            0x200001e6   Data           1  relay.o(.data)
    sensor_rescue12                          0x200001e7   Data           1  relay.o(.data)
    last_target                              0x200001e8   Data           4  relay.o(.data)
    target_input                             0x200001ec   Data           4  relay.o(.data)
    count_flag                               0x200001f0   Data           1  relay.o(.data)
    count                                    0x200001f2   Data           2  relay.o(.data)
    .data                                    0x200001f4   Section       64  referee.o(.data)
    this_time_rx_len                         0x20000204   Data           4  referee.o(.data)
    this_time_rx_len                         0x20000208   Data           4  referee.o(.data)
    .data                                    0x20000234   Section       20  system_stm32f4xx.o(.data)
    .data                                    0x20000248   Section       16  stm32f4xx_rcc.o(.data)
    APBAHBPrescTable                         0x20000248   Data          16  stm32f4xx_rcc.o(.data)
    .data                                    0x20000258   Section        4  errno.o(.data)
    _errno                                   0x20000258   Data           4  errno.o(.data)
    .bss                                     0x2000025c   Section       40  main.o(.bss)
    .bss                                     0x20000284   Section       18  communication.o(.bss)
    .bss                                     0x20000298   Section      160  6050.o(.bss)
    .bss                                     0x20000338   Section      132  imu.o(.bss)
    .bss                                     0x200003bc   Section      156  comunicatetask.o(.bss)
    .bss                                     0x20000458   Section      148  holder.o(.bss)
    .bss                                     0x200004ec   Section      536  chassistask.o(.bss)
    .bss                                     0x20000704   Section       60  relay.o(.bss)
    .bss                                     0x20000740   Section      232  referee.o(.bss)
    STACK                                    0x20000828   Section     4096  startup_stm32f40_41xxx.o(STACK)

    Global Symbols

    Symbol Name                              Value     Ov Type        Size  Object(Section)

    BuildAttributes$$THM_ISAv4$E$P$D$K$B$S$7EM$VFPi3$EXTD16$VFPS$VFMA$PE$A:L22UL41UL21$X:L11$S22US41US21$IEEE1$IW$USESV6$~STKCKD$USESV7$~SHL$OTIME$ROPI$IEEEX$EBA8$MICROLIB$REQ8$PRES8$EABIv2 0x00000000   Number         0  anon$$obj.o ABSOLUTE
    __ARM_use_no_argv                        0x00000000   Number         0  main.o ABSOLUTE
    __cpp_initialize__aeabi_                  - Undefined Weak Reference
    __cxa_finalize                            - Undefined Weak Reference
    _clock_init                               - Undefined Weak Reference
    _microlib_exit                            - Undefined Weak Reference
    __Vectors_Size                           0x00000188   Number         0  startup_stm32f40_41xxx.o ABSOLUTE
    __Vectors                                0x08000000   Data           4  startup_stm32f40_41xxx.o(RESET)
    __Vectors_End                            0x08000188   Data           0  startup_stm32f40_41xxx.o(RESET)
    __main                                   0x08000189   Thumb Code     0  entry.o(.ARM.Collect$$$$00000000)
    _main_stk                                0x08000189   Thumb Code     0  entry2.o(.ARM.Collect$$$$00000001)
    _main_scatterload                        0x0800018d   Thumb Code     0  entry5.o(.ARM.Collect$$$$00000004)
    __main_after_scatterload                 0x08000191   Thumb Code     0  entry5.o(.ARM.Collect$$$$00000004)
    _main_clock                              0x08000191   Thumb Code     0  entry7b.o(.ARM.Collect$$$$00000008)
    _main_cpp_init                           0x08000191   Thumb Code     0  entry8b.o(.ARM.Collect$$$$0000000A)
    _main_init                               0x08000191   Thumb Code     0  entry9a.o(.ARM.Collect$$$$0000000B)
    __rt_final_cpp                           0x08000199   Thumb Code     0  entry10a.o(.ARM.Collect$$$$0000000D)
    __rt_final_exit                          0x08000199   Thumb Code     0  entry11a.o(.ARM.Collect$$$$0000000F)
    main                                     0x0800019d   Thumb Code   120  main.o(.text)
    delay_init                               0x08000225   Thumb Code    52  delay.o(.text)
    delay_us                                 0x08000259   Thumb Code    70  delay.o(.text)
    delay_xms                                0x0800029f   Thumb Code    70  delay.o(.text)
    delay_ms                                 0x080002e5   Thumb Code    56  delay.o(.text)
    boot                                     0x08000325   Thumb Code    54  boot.o(.text)
    sysConfig                                0x0800035d   Thumb Code    58  clock.o(.text)
    clockConfig                              0x08000397   Thumb Code    96  clock.o(.text)
    TIM8_BRK_TIM12_IRQHandler                0x080003f7   Thumb Code    46  clock.o(.text)
    Get_Time_Micros                          0x08000425   Thumb Code     8  clock.o(.text)
    can1Config                               0x08000439   Thumb Code   240  communication.o(.text)
    can2Config                               0x08000529   Thumb Code   232  communication.o(.text)
    remoteConfig                             0x08000611   Thumb Code   268  communication.o(.text)
    USART1_IRQHandler                        0x0800071d   Thumb Code    96  communication.o(.text)
    CAN1_TX_IRQHandler                       0x0800077d   Thumb Code    22  communication.o(.text)
    CAN1_RX0_IRQHandler                      0x08000793   Thumb Code    34  communication.o(.text)
    CAN2_TX_IRQHandler                       0x080007b5   Thumb Code    22  communication.o(.text)
    CAN2_RX0_IRQHandler                      0x080007cb   Thumb Code   280  communication.o(.text)
    my_min                                   0x080008f1   Thumb Code    26  myfunc.o(.text)
    my_max                                   0x0800090b   Thumb Code    26  myfunc.o(.text)
    amplitudeLimiting                        0x08000925   Thumb Code    54  myfunc.o(.text)
    Subsection_PID                           0x0800095b   Thumb Code   126  myfunc.o(.text)
    Subsection_PID_v2                        0x080009d9   Thumb Code   164  myfunc.o(.text)
    InitMPU6050                              0x08000a7d   Thumb Code   164  6050.o(.text)
    MPU6050_Read                             0x08000b21   Thumb Code   148  6050.o(.text)
    Gyro_OFFEST                              0x08000bb5   Thumb Code   248  6050.o(.text)
    I2C_INIT                                 0x08000cc1   Thumb Code    82  i2c.o(.text)
    I2C_delay                                0x08000d13   Thumb Code    14  i2c.o(.text)
    delay5ms                                 0x08000d21   Thumb Code    14  i2c.o(.text)
    I2C_Start                                0x08000d2f   Thumb Code    90  i2c.o(.text)
    I2C_Stop                                 0x08000d89   Thumb Code    60  i2c.o(.text)
    I2C_Ack                                  0x08000dc5   Thumb Code    60  i2c.o(.text)
    I2C_NoAck                                0x08000e01   Thumb Code    60  i2c.o(.text)
    I2C_WaitAck                              0x08000e3d   Thumb Code    92  i2c.o(.text)
    I2C_SendByte                             0x08000e99   Thumb Code    94  i2c.o(.text)
    I2C_RadeByte                             0x08000ef7   Thumb Code    88  i2c.o(.text)
    Single_Write                             0x08000f4f   Thumb Code    70  i2c.o(.text)
    Single_Write_MS5611                      0x08000f95   Thumb Code    58  i2c.o(.text)
    Single_Read                              0x08000fcf   Thumb Code    80  i2c.o(.text)
    invSqrt                                  0x08001025   Thumb Code    56  imu.o(.text)
    IMUupdate                                0x0800105d   Thumb Code  1476  imu.o(.text)
    readIMU                                  0x080019e5   Thumb Code   566  imu.o(.text)
    imu                                      0x08001c1b   Thumb Code    96  imu.o(.text)
    angle_update                             0x08001df5   Thumb Code   570  controltask.o(.text)
    angle_clear                              0x0800202f   Thumb Code    54  controltask.o(.text)
    runControl                               0x08002065   Thumb Code   300  controltask.o(.text)
    angle_clear2                             0x08002191   Thumb Code    28  controltask.o(.text)
    Auto_mode                                0x080021ad   Thumb Code   336  controltask.o(.text)
    send_odm_msg2                            0x080022fd   Thumb Code   126  controltask.o(.text)
    HardFault_Handler                        0x0800237b   Thumb Code     4  controltask.o(.text)
    readRemote                               0x08002395   Thumb Code   162  comunicatetask.o(.text)
    RampCal                                  0x08002437   Thumb Code   150  comunicatetask.o(.text)
    computerControl                          0x080024cd   Thumb Code   560  comunicatetask.o(.text)
    transferType                             0x080026fd   Thumb Code   278  comunicatetask.o(.text)
    canTrans                                 0x08002813   Thumb Code    68  comunicatetask.o(.text)
    remoteControl                            0x08002857   Thumb Code   516  comunicatetask.o(.text)
    commuiModeChange                         0x08002a5b   Thumb Code   122  comunicatetask.o(.text)
    can1Trans                                0x08002ad5   Thumb Code    60  comunicatetask.o(.text)
    holder_Init                              0x08002b41   Thumb Code    28  holder.o(.text)
    holder_Control                           0x08002b5d   Thumb Code    78  holder.o(.text)
    allParaInit                              0x08002bb9   Thumb Code   124  chassistask.o(.text)
    para_update                              0x08002c35   Thumb Code   140  chassistask.o(.text)
    rotate_control                           0x08002cc1   Thumb Code   114  chassistask.o(.text)
    wheelSolute                              0x08002d33   Thumb Code   238  chassistask.o(.text)
    chassisControl                           0x08002e21   Thumb Code   110  chassistask.o(.text)
    Lidar_Func                               0x08002e8f   Thumb Code   234  chassistask.o(.text)
    pidGet                                   0x0800312d   Thumb Code   690  pidtask.o(.text)
    auto_move                                0x08003405   Thumb Code   346  relay.o(.text)
    Key_detect                               0x0800355f   Thumb Code  2116  relay.o(.text)
    refereeConfig                            0x08003dd9   Thumb Code   438  referee.o(.text)
    mainfoldConfig                           0x08003f8f   Thumb Code   314  referee.o(.text)
    DMA1_Stream6_IRQHandler                  0x080040c9   Thumb Code    42  referee.o(.text)
    New_Send_Data                            0x080040f3   Thumb Code    54  referee.o(.text)
    send_odm_msg1                            0x08004129   Thumb Code   192  referee.o(.text)
    send_check                               0x080041e9   Thumb Code    80  referee.o(.text)
    USART3_IRQHandler                        0x08004239   Thumb Code    74  referee.o(.text)
    USART2_IRQHandler                        0x08004283   Thumb Code   202  referee.o(.text)
    Get_CRC16_Check_Sum                      0x0800434d   Thumb Code    46  referee.o(.text)
    Append_CRC16_Check_Sum                   0x0800437b   Thumb Code    44  referee.o(.text)
    Get_CRC8_Check_Sum                       0x080043a7   Thumb Code    30  referee.o(.text)
    Append_CRC8_Check_Sum                    0x080043c5   Thumb Code    36  referee.o(.text)
    SendtoReferee                            0x080043e9   Thumb Code    46  referee.o(.text)
    Verify_CRC8_Check_Sum                    0x08004417   Thumb Code    46  referee.o(.text)
    Verify_CRC16_Check_Sum                   0x08004445   Thumb Code    60  referee.o(.text)
    Reset_Handler                            0x080044b1   Thumb Code     8  startup_stm32f40_41xxx.o(.text)
    NMI_Handler                              0x080044b9   Thumb Code     2  startup_stm32f40_41xxx.o(.text)
    MemManage_Handler                        0x080044bd   Thumb Code     2  startup_stm32f40_41xxx.o(.text)
    BusFault_Handler                         0x080044bf   Thumb Code     2  startup_stm32f40_41xxx.o(.text)
    UsageFault_Handler                       0x080044c1   Thumb Code     2  startup_stm32f40_41xxx.o(.text)
    SVC_Handler                              0x080044c3   Thumb Code     2  startup_stm32f40_41xxx.o(.text)
    DebugMon_Handler                         0x080044c5   Thumb Code     2  startup_stm32f40_41xxx.o(.text)
    PendSV_Handler                           0x080044c7   Thumb Code     2  startup_stm32f40_41xxx.o(.text)
    SysTick_Handler                          0x080044c9   Thumb Code     2  startup_stm32f40_41xxx.o(.text)
    ADC_IRQHandler                           0x080044cb   Thumb Code     0  startup_stm32f40_41xxx.o(.text)
    CAN1_RX1_IRQHandler                      0x080044cb   Thumb Code     0  startup_stm32f40_41xxx.o(.text)
    CAN1_SCE_IRQHandler                      0x080044cb   Thumb Code     0  startup_stm32f40_41xxx.o(.text)
    CAN2_RX1_IRQHandler                      0x080044cb   Thumb Code     0  startup_stm32f40_41xxx.o(.text)
    CAN2_SCE_IRQHandler                      0x080044cb   Thumb Code     0  startup_stm32f40_41xxx.o(.text)
    CRYP_IRQHandler                          0x080044cb   Thumb Code     0  startup_stm32f40_41xxx.o(.text)
    DCMI_IRQHandler                          0x080044cb   Thumb Code     0  startup_stm32f40_41xxx.o(.text)
    DMA1_Stream0_IRQHandler                  0x080044cb   Thumb Code     0  startup_stm32f40_41xxx.o(.text)
    DMA1_Stream1_IRQHandler                  0x080044cb   Thumb Code     0  startup_stm32f40_41xxx.o(.text)
    DMA1_Stream2_IRQHandler                  0x080044cb   Thumb Code     0  startup_stm32f40_41xxx.o(.text)
    DMA1_Stream3_IRQHandler                  0x080044cb   Thumb Code     0  startup_stm32f40_41xxx.o(.text)
    DMA1_Stream4_IRQHandler                  0x080044cb   Thumb Code     0  startup_stm32f40_41xxx.o(.text)
    DMA1_Stream5_IRQHandler                  0x080044cb   Thumb Code     0  startup_stm32f40_41xxx.o(.text)
    DMA1_Stream7_IRQHandler                  0x080044cb   Thumb Code     0  startup_stm32f40_41xxx.o(.text)
    DMA2_Stream0_IRQHandler                  0x080044cb   Thumb Code     0  startup_stm32f40_41xxx.o(.text)
    DMA2_Stream1_IRQHandler                  0x080044cb   Thumb Code     0  startup_stm32f40_41xxx.o(.text)
    DMA2_Stream2_IRQHandler                  0x080044cb   Thumb Code     0  startup_stm32f40_41xxx.o(.text)
    DMA2_Stream3_IRQHandler                  0x080044cb   Thumb Code     0  startup_stm32f40_41xxx.o(.text)
    DMA2_Stream4_IRQHandler                  0x080044cb   Thumb Code     0  startup_stm32f40_41xxx.o(.text)
    DMA2_Stream5_IRQHandler                  0x080044cb   Thumb Code     0  startup_stm32f40_41xxx.o(.text)
    DMA2_Stream6_IRQHandler                  0x080044cb   Thumb Code     0  startup_stm32f40_41xxx.o(.text)
    DMA2_Stream7_IRQHandler                  0x080044cb   Thumb Code     0  startup_stm32f40_41xxx.o(.text)
    ETH_IRQHandler                           0x080044cb   Thumb Code     0  startup_stm32f40_41xxx.o(.text)
    ETH_WKUP_IRQHandler                      0x080044cb   Thumb Code     0  startup_stm32f40_41xxx.o(.text)
    EXTI0_IRQHandler                         0x080044cb   Thumb Code     0  startup_stm32f40_41xxx.o(.text)
    EXTI15_10_IRQHandler                     0x080044cb   Thumb Code     0  startup_stm32f40_41xxx.o(.text)
    EXTI1_IRQHandler                         0x080044cb   Thumb Code     0  startup_stm32f40_41xxx.o(.text)
    EXTI2_IRQHandler                         0x080044cb   Thumb Code     0  startup_stm32f40_41xxx.o(.text)
    EXTI3_IRQHandler                         0x080044cb   Thumb Code     0  startup_stm32f40_41xxx.o(.text)
    EXTI4_IRQHandler                         0x080044cb   Thumb Code     0  startup_stm32f40_41xxx.o(.text)
    EXTI9_5_IRQHandler                       0x080044cb   Thumb Code     0  startup_stm32f40_41xxx.o(.text)
    FLASH_IRQHandler                         0x080044cb   Thumb Code     0  startup_stm32f40_41xxx.o(.text)
    FPU_IRQHandler                           0x080044cb   Thumb Code     0  startup_stm32f40_41xxx.o(.text)
    FSMC_IRQHandler                          0x080044cb   Thumb Code     0  startup_stm32f40_41xxx.o(.text)
    HASH_RNG_IRQHandler                      0x080044cb   Thumb Code     0  startup_stm32f40_41xxx.o(.text)
    I2C1_ER_IRQHandler                       0x080044cb   Thumb Code     0  startup_stm32f40_41xxx.o(.text)
    I2C1_EV_IRQHandler                       0x080044cb   Thumb Code     0  startup_stm32f40_41xxx.o(.text)
    I2C2_ER_IRQHandler                       0x080044cb   Thumb Code     0  startup_stm32f40_41xxx.o(.text)
    I2C2_EV_IRQHandler                       0x080044cb   Thumb Code     0  startup_stm32f40_41xxx.o(.text)
    I2C3_ER_IRQHandler                       0x080044cb   Thumb Code     0  startup_stm32f40_41xxx.o(.text)
    I2C3_EV_IRQHandler                       0x080044cb   Thumb Code     0  startup_stm32f40_41xxx.o(.text)
    OTG_FS_IRQHandler                        0x080044cb   Thumb Code     0  startup_stm32f40_41xxx.o(.text)
    OTG_FS_WKUP_IRQHandler                   0x080044cb   Thumb Code     0  startup_stm32f40_41xxx.o(.text)
    OTG_HS_EP1_IN_IRQHandler                 0x080044cb   Thumb Code     0  startup_stm32f40_41xxx.o(.text)
    OTG_HS_EP1_OUT_IRQHandler                0x080044cb   Thumb Code     0  startup_stm32f40_41xxx.o(.text)
    OTG_HS_IRQHandler                        0x080044cb   Thumb Code     0  startup_stm32f40_41xxx.o(.text)
    OTG_HS_WKUP_IRQHandler                   0x080044cb   Thumb Code     0  startup_stm32f40_41xxx.o(.text)
    PVD_IRQHandler                           0x080044cb   Thumb Code     0  startup_stm32f40_41xxx.o(.text)
    RCC_IRQHandler                           0x080044cb   Thumb Code     0  startup_stm32f40_41xxx.o(.text)
    RTC_Alarm_IRQHandler                     0x080044cb   Thumb Code     0  startup_stm32f40_41xxx.o(.text)
    RTC_WKUP_IRQHandler                      0x080044cb   Thumb Code     0  startup_stm32f40_41xxx.o(.text)
    SDIO_IRQHandler                          0x080044cb   Thumb Code     0  startup_stm32f40_41xxx.o(.text)
    SPI1_IRQHandler                          0x080044cb   Thumb Code     0  startup_stm32f40_41xxx.o(.text)
    SPI2_IRQHandler                          0x080044cb   Thumb Code     0  startup_stm32f40_41xxx.o(.text)
    SPI3_IRQHandler                          0x080044cb   Thumb Code     0  startup_stm32f40_41xxx.o(.text)
    TAMP_STAMP_IRQHandler                    0x080044cb   Thumb Code     0  startup_stm32f40_41xxx.o(.text)
    TIM1_BRK_TIM9_IRQHandler                 0x080044cb   Thumb Code     0  startup_stm32f40_41xxx.o(.text)
    TIM1_CC_IRQHandler                       0x080044cb   Thumb Code     0  startup_stm32f40_41xxx.o(.text)
    TIM1_TRG_COM_TIM11_IRQHandler            0x080044cb   Thumb Code     0  startup_stm32f40_41xxx.o(.text)
    TIM1_UP_TIM10_IRQHandler                 0x080044cb   Thumb Code     0  startup_stm32f40_41xxx.o(.text)
    TIM2_IRQHandler                          0x080044cb   Thumb Code     0  startup_stm32f40_41xxx.o(.text)
    TIM3_IRQHandler                          0x080044cb   Thumb Code     0  startup_stm32f40_41xxx.o(.text)
    TIM4_IRQHandler                          0x080044cb   Thumb Code     0  startup_stm32f40_41xxx.o(.text)
    TIM5_IRQHandler                          0x080044cb   Thumb Code     0  startup_stm32f40_41xxx.o(.text)
    TIM6_DAC_IRQHandler                      0x080044cb   Thumb Code     0  startup_stm32f40_41xxx.o(.text)
    TIM7_IRQHandler                          0x080044cb   Thumb Code     0  startup_stm32f40_41xxx.o(.text)
    TIM8_CC_IRQHandler                       0x080044cb   Thumb Code     0  startup_stm32f40_41xxx.o(.text)
    TIM8_TRG_COM_TIM14_IRQHandler            0x080044cb   Thumb Code     0  startup_stm32f40_41xxx.o(.text)
    TIM8_UP_TIM13_IRQHandler                 0x080044cb   Thumb Code     0  startup_stm32f40_41xxx.o(.text)
    UART4_IRQHandler                         0x080044cb   Thumb Code     0  startup_stm32f40_41xxx.o(.text)
    UART5_IRQHandler                         0x080044cb   Thumb Code     0  startup_stm32f40_41xxx.o(.text)
    USART6_IRQHandler                        0x080044cb   Thumb Code     0  startup_stm32f40_41xxx.o(.text)
    WWDG_IRQHandler                          0x080044cb   Thumb Code     0  startup_stm32f40_41xxx.o(.text)
    NVIC_PriorityGroupConfig                 0x080044d5   Thumb Code    10  misc.o(.text)
    NVIC_Init                                0x080044df   Thumb Code   108  misc.o(.text)
    NVIC_SetVectorTable                      0x0800454b   Thumb Code    14  misc.o(.text)
    NVIC_SystemLPConfig                      0x08004559   Thumb Code    34  misc.o(.text)
    SysTick_CLKSourceConfig                  0x0800457b   Thumb Code    40  misc.o(.text)
    CAN_DeInit                               0x080045b9   Thumb Code    50  stm32f4xx_can.o(.text)
    CAN_Init                                 0x080045eb   Thumb Code   276  stm32f4xx_can.o(.text)
    CAN_FilterInit                           0x080046ff   Thumb Code   258  stm32f4xx_can.o(.text)
    CAN_StructInit                           0x08004801   Thumb Code    32  stm32f4xx_can.o(.text)
    CAN_SlaveStartBank                       0x08004821   Thumb Code    48  stm32f4xx_can.o(.text)
    CAN_DBGFreeze                            0x08004851   Thumb Code    22  stm32f4xx_can.o(.text)
    CAN_TTComModeCmd                         0x08004867   Thumb Code   118  stm32f4xx_can.o(.text)
    CAN_Transmit                             0x080048dd   Thumb Code   304  stm32f4xx_can.o(.text)
    CAN_TransmitStatus                       0x08004a0d   Thumb Code   138  stm32f4xx_can.o(.text)
    CAN_CancelTransmit                       0x08004a97   Thumb Code    48  stm32f4xx_can.o(.text)
    CAN_Receive                              0x08004ac7   Thumb Code   240  stm32f4xx_can.o(.text)
    CAN_FIFORelease                          0x08004bb7   Thumb Code    22  stm32f4xx_can.o(.text)
    CAN_MessagePending                       0x08004bcd   Thumb Code    30  stm32f4xx_can.o(.text)
    CAN_OperatingModeRequest                 0x08004beb   Thumb Code   162  stm32f4xx_can.o(.text)
    CAN_Sleep                                0x08004c8d   Thumb Code    30  stm32f4xx_can.o(.text)
    CAN_WakeUp                               0x08004cab   Thumb Code    48  stm32f4xx_can.o(.text)
    CAN_GetLastErrorCode                     0x08004cdb   Thumb Code    12  stm32f4xx_can.o(.text)
    CAN_GetReceiveErrorCounter               0x08004ce7   Thumb Code    10  stm32f4xx_can.o(.text)
    CAN_GetLSBTransmitErrorCounter           0x08004cf1   Thumb Code    12  stm32f4xx_can.o(.text)
    CAN_ITConfig                             0x08004cfd   Thumb Code    18  stm32f4xx_can.o(.text)
    CAN_GetFlagStatus                        0x08004d0f   Thumb Code   120  stm32f4xx_can.o(.text)
    CAN_ClearFlag                            0x08004d87   Thumb Code    52  stm32f4xx_can.o(.text)
    CAN_GetITStatus                          0x08004dcb   Thumb Code   308  stm32f4xx_can.o(.text)
    CAN_ClearITPendingBit                    0x08004eff   Thumb Code   162  stm32f4xx_can.o(.text)
    USART_DeInit                             0x08004fa5   Thumb Code   206  stm32f4xx_usart.o(.text)
    USART_Init                               0x08005073   Thumb Code   204  stm32f4xx_usart.o(.text)
    USART_StructInit                         0x0800513f   Thumb Code    24  stm32f4xx_usart.o(.text)
    USART_ClockInit                          0x08005157   Thumb Code    32  stm32f4xx_usart.o(.text)
    USART_ClockStructInit                    0x08005177   Thumb Code    12  stm32f4xx_usart.o(.text)
    USART_Cmd                                0x08005183   Thumb Code    24  stm32f4xx_usart.o(.text)
    USART_SetPrescaler                       0x0800519b   Thumb Code    16  stm32f4xx_usart.o(.text)
    USART_OverSampling8Cmd                   0x080051ab   Thumb Code    22  stm32f4xx_usart.o(.text)
    USART_OneBitMethodCmd                    0x080051c1   Thumb Code    24  stm32f4xx_usart.o(.text)
    USART_SendData                           0x080051d9   Thumb Code     8  stm32f4xx_usart.o(.text)
    USART_ReceiveData                        0x080051e1   Thumb Code    10  stm32f4xx_usart.o(.text)
    USART_SetAddress                         0x080051eb   Thumb Code    18  stm32f4xx_usart.o(.text)
    USART_ReceiverWakeUpCmd                  0x080051fd   Thumb Code    24  stm32f4xx_usart.o(.text)
    USART_WakeUpConfig                       0x08005215   Thumb Code    18  stm32f4xx_usart.o(.text)
    USART_LINBreakDetectLengthConfig         0x08005227   Thumb Code    18  stm32f4xx_usart.o(.text)
    USART_LINCmd                             0x08005239   Thumb Code    24  stm32f4xx_usart.o(.text)
    USART_SendBreak                          0x08005251   Thumb Code    10  stm32f4xx_usart.o(.text)
    USART_HalfDuplexCmd                      0x0800525b   Thumb Code    24  stm32f4xx_usart.o(.text)
    USART_SetGuardTime                       0x08005273   Thumb Code    16  stm32f4xx_usart.o(.text)
    USART_SmartCardCmd                       0x08005283   Thumb Code    24  stm32f4xx_usart.o(.text)
    USART_SmartCardNACKCmd                   0x0800529b   Thumb Code    24  stm32f4xx_usart.o(.text)
    USART_IrDAConfig                         0x080052b3   Thumb Code    18  stm32f4xx_usart.o(.text)
    USART_IrDACmd                            0x080052c5   Thumb Code    24  stm32f4xx_usart.o(.text)
    USART_DMACmd                             0x080052dd   Thumb Code    18  stm32f4xx_usart.o(.text)
    USART_ITConfig                           0x080052ef   Thumb Code    74  stm32f4xx_usart.o(.text)
    USART_GetFlagStatus                      0x08005339   Thumb Code    26  stm32f4xx_usart.o(.text)
    USART_ClearFlag                          0x08005353   Thumb Code    18  stm32f4xx_usart.o(.text)
    USART_GetITStatus                        0x08005365   Thumb Code   118  stm32f4xx_usart.o(.text)
    USART_ClearITPendingBit                  0x080053db   Thumb Code    30  stm32f4xx_usart.o(.text)
    SystemInit                               0x080054d3   Thumb Code    90  system_stm32f4xx.o(.text)
    SystemCoreClockUpdate                    0x0800552d   Thumb Code   174  system_stm32f4xx.o(.text)
    GPIO_DeInit                              0x08005609   Thumb Code   268  stm32f4xx_gpio.o(.text)
    GPIO_Init                                0x08005715   Thumb Code   144  stm32f4xx_gpio.o(.text)
    GPIO_StructInit                          0x080057a5   Thumb Code    18  stm32f4xx_gpio.o(.text)
    GPIO_PinLockConfig                       0x080057b7   Thumb Code    34  stm32f4xx_gpio.o(.text)
    GPIO_ReadInputDataBit                    0x080057d9   Thumb Code    18  stm32f4xx_gpio.o(.text)
    GPIO_ReadInputData                       0x080057eb   Thumb Code     8  stm32f4xx_gpio.o(.text)
    GPIO_ReadOutputDataBit                   0x080057f3   Thumb Code    18  stm32f4xx_gpio.o(.text)
    GPIO_ReadOutputData                      0x08005805   Thumb Code     8  stm32f4xx_gpio.o(.text)
    GPIO_SetBits                             0x0800580d   Thumb Code     4  stm32f4xx_gpio.o(.text)
    GPIO_ResetBits                           0x08005811   Thumb Code     4  stm32f4xx_gpio.o(.text)
    GPIO_WriteBit                            0x08005815   Thumb Code    10  stm32f4xx_gpio.o(.text)
    GPIO_Write                               0x0800581f   Thumb Code     4  stm32f4xx_gpio.o(.text)
    GPIO_ToggleBits                          0x08005823   Thumb Code     8  stm32f4xx_gpio.o(.text)
    GPIO_PinAFConfig                         0x0800582b   Thumb Code    70  stm32f4xx_gpio.o(.text)
    RCC_DeInit                               0x0800589d   Thumb Code    82  stm32f4xx_rcc.o(.text)
    RCC_HSEConfig                            0x080058ef   Thumb Code    14  stm32f4xx_rcc.o(.text)
    RCC_GetFlagStatus                        0x080058fd   Thumb Code    60  stm32f4xx_rcc.o(.text)
    RCC_WaitForHSEStartUp                    0x08005939   Thumb Code    56  stm32f4xx_rcc.o(.text)
    RCC_AdjustHSICalibrationValue            0x08005971   Thumb Code    20  stm32f4xx_rcc.o(.text)
    RCC_HSICmd                               0x08005985   Thumb Code     6  stm32f4xx_rcc.o(.text)
    RCC_LSEConfig                            0x0800598b   Thumb Code    46  stm32f4xx_rcc.o(.text)
    RCC_LSICmd                               0x080059b9   Thumb Code     6  stm32f4xx_rcc.o(.text)
    RCC_PLLConfig                            0x080059bf   Thumb Code    32  stm32f4xx_rcc.o(.text)
    RCC_PLLCmd                               0x080059df   Thumb Code     6  stm32f4xx_rcc.o(.text)
    RCC_PLLI2SConfig                         0x080059e5   Thumb Code    14  stm32f4xx_rcc.o(.text)
    RCC_PLLI2SCmd                            0x080059f3   Thumb Code     6  stm32f4xx_rcc.o(.text)
    RCC_PLLSAIConfig                         0x080059f9   Thumb Code    20  stm32f4xx_rcc.o(.text)
    RCC_PLLSAICmd                            0x08005a0d   Thumb Code     6  stm32f4xx_rcc.o(.text)
    RCC_ClockSecuritySystemCmd               0x08005a13   Thumb Code     6  stm32f4xx_rcc.o(.text)
    RCC_MCO1Config                           0x08005a19   Thumb Code    28  stm32f4xx_rcc.o(.text)
    RCC_MCO2Config                           0x08005a35   Thumb Code    28  stm32f4xx_rcc.o(.text)
    RCC_SYSCLKConfig                         0x08005a51   Thumb Code    20  stm32f4xx_rcc.o(.text)
    RCC_GetSYSCLKSource                      0x08005a65   Thumb Code    12  stm32f4xx_rcc.o(.text)
    RCC_HCLKConfig                           0x08005a71   Thumb Code    20  stm32f4xx_rcc.o(.text)
    RCC_PCLK1Config                          0x08005a85   Thumb Code    20  stm32f4xx_rcc.o(.text)
    RCC_PCLK2Config                          0x08005a99   Thumb Code    22  stm32f4xx_rcc.o(.text)
    RCC_GetClocksFreq                        0x08005aaf   Thumb Code   222  stm32f4xx_rcc.o(.text)
    RCC_RTCCLKConfig                         0x08005b8d   Thumb Code    54  stm32f4xx_rcc.o(.text)
    RCC_RTCCLKCmd                            0x08005bc3   Thumb Code     8  stm32f4xx_rcc.o(.text)
    RCC_BackupResetCmd                       0x08005bcb   Thumb Code     8  stm32f4xx_rcc.o(.text)
    RCC_I2SCLKConfig                         0x08005bd3   Thumb Code     6  stm32f4xx_rcc.o(.text)
    RCC_SAIPLLI2SClkDivConfig                0x08005bd9   Thumb Code    26  stm32f4xx_rcc.o(.text)
    RCC_SAIPLLSAIClkDivConfig                0x08005bf3   Thumb Code    28  stm32f4xx_rcc.o(.text)
    RCC_SAIBlockACLKConfig                   0x08005c0f   Thumb Code    20  stm32f4xx_rcc.o(.text)
    RCC_SAIBlockBCLKConfig                   0x08005c23   Thumb Code    20  stm32f4xx_rcc.o(.text)
    RCC_LTDCCLKDivConfig                     0x08005c37   Thumb Code    20  stm32f4xx_rcc.o(.text)
    RCC_TIMCLKPresConfig                     0x08005c4b   Thumb Code     6  stm32f4xx_rcc.o(.text)
    RCC_AHB1PeriphClockCmd                   0x08005c51   Thumb Code    34  stm32f4xx_rcc.o(.text)
    RCC_AHB2PeriphClockCmd                   0x08005c73   Thumb Code    78  stm32f4xx_rcc.o(.text)
    RCC_AHB3PeriphClockCmd                   0x08005cc1   Thumb Code    34  stm32f4xx_rcc.o(.text)
    RCC_APB1PeriphClockCmd                   0x08005ce3   Thumb Code    34  stm32f4xx_rcc.o(.text)
    RCC_APB2PeriphClockCmd                   0x08005d05   Thumb Code    34  stm32f4xx_rcc.o(.text)
    RCC_AHB1PeriphResetCmd                   0x08005d27   Thumb Code    34  stm32f4xx_rcc.o(.text)
    RCC_AHB2PeriphResetCmd                   0x08005d49   Thumb Code    34  stm32f4xx_rcc.o(.text)
    RCC_AHB3PeriphResetCmd                   0x08005d6b   Thumb Code    34  stm32f4xx_rcc.o(.text)
    RCC_APB1PeriphResetCmd                   0x08005d8d   Thumb Code    34  stm32f4xx_rcc.o(.text)
    RCC_APB2PeriphResetCmd                   0x08005daf   Thumb Code    34  stm32f4xx_rcc.o(.text)
    RCC_AHB1PeriphClockLPModeCmd             0x08005dd1   Thumb Code    34  stm32f4xx_rcc.o(.text)
    RCC_AHB2PeriphClockLPModeCmd             0x08005df3   Thumb Code    34  stm32f4xx_rcc.o(.text)
    RCC_AHB3PeriphClockLPModeCmd             0x08005e15   Thumb Code    34  stm32f4xx_rcc.o(.text)
    RCC_APB1PeriphClockLPModeCmd             0x08005e37   Thumb Code    34  stm32f4xx_rcc.o(.text)
    RCC_APB2PeriphClockLPModeCmd             0x08005e59   Thumb Code    34  stm32f4xx_rcc.o(.text)
    RCC_LSEModeConfig                        0x08005e7b   Thumb Code    40  stm32f4xx_rcc.o(.text)
    RCC_ITConfig                             0x08005ea3   Thumb Code    34  stm32f4xx_rcc.o(.text)
    RCC_ClearFlag                            0x08005ec5   Thumb Code    18  stm32f4xx_rcc.o(.text)
    RCC_GetITStatus                          0x08005ed7   Thumb Code    22  stm32f4xx_rcc.o(.text)
    RCC_ClearITPendingBit                    0x08005eed   Thumb Code     8  stm32f4xx_rcc.o(.text)
    TIM_DeInit                               0x08005ef9   Thumb Code   346  stm32f4xx_tim.o(.text)
    TIM_TimeBaseInit                         0x08006053   Thumb Code   104  stm32f4xx_tim.o(.text)
    TIM_TimeBaseStructInit                   0x080060bb   Thumb Code    18  stm32f4xx_tim.o(.text)
    TIM_PrescalerConfig                      0x080060cd   Thumb Code     6  stm32f4xx_tim.o(.text)
    TIM_CounterModeConfig                    0x080060d3   Thumb Code    18  stm32f4xx_tim.o(.text)
    TIM_SetCounter                           0x080060e5   Thumb Code     4  stm32f4xx_tim.o(.text)
    TIM_SetAutoreload                        0x080060e9   Thumb Code     4  stm32f4xx_tim.o(.text)
    TIM_GetCounter                           0x080060ed   Thumb Code     6  stm32f4xx_tim.o(.text)
    TIM_GetPrescaler                         0x080060f3   Thumb Code     6  stm32f4xx_tim.o(.text)
    TIM_UpdateDisableConfig                  0x080060f9   Thumb Code    24  stm32f4xx_tim.o(.text)
    TIM_UpdateRequestConfig                  0x08006111   Thumb Code    24  stm32f4xx_tim.o(.text)
    TIM_ARRPreloadConfig                     0x08006129   Thumb Code    24  stm32f4xx_tim.o(.text)
    TIM_SelectOnePulseMode                   0x08006141   Thumb Code    18  stm32f4xx_tim.o(.text)
    TIM_SetClockDivision                     0x08006153   Thumb Code    18  stm32f4xx_tim.o(.text)
    TIM_Cmd                                  0x08006165   Thumb Code    24  stm32f4xx_tim.o(.text)
    TIM_OC1Init                              0x0800617d   Thumb Code   114  stm32f4xx_tim.o(.text)
    TIM_OC2Init                              0x080061ef   Thumb Code   154  stm32f4xx_tim.o(.text)
    TIM_OC3Init                              0x08006289   Thumb Code   204  stm32f4xx_tim.o(.text)
    TIM_OC4Init                              0x08006355   Thumb Code   112  stm32f4xx_tim.o(.text)
    TIM_OCStructInit                         0x080063c5   Thumb Code    20  stm32f4xx_tim.o(.text)
    TIM_SelectOCxM                           0x080063d9   Thumb Code    86  stm32f4xx_tim.o(.text)
    TIM_SetCompare1                          0x0800642f   Thumb Code     4  stm32f4xx_tim.o(.text)
    TIM_SetCompare2                          0x08006433   Thumb Code     4  stm32f4xx_tim.o(.text)
    TIM_SetCompare3                          0x08006437   Thumb Code     4  stm32f4xx_tim.o(.text)
    TIM_SetCompare4                          0x0800643b   Thumb Code     4  stm32f4xx_tim.o(.text)
    TIM_ForcedOC1Config                      0x0800643f   Thumb Code    18  stm32f4xx_tim.o(.text)
    TIM_ForcedOC2Config                      0x08006451   Thumb Code    26  stm32f4xx_tim.o(.text)
    TIM_ForcedOC3Config                      0x0800646b   Thumb Code    18  stm32f4xx_tim.o(.text)
    TIM_ForcedOC4Config                      0x0800647d   Thumb Code    26  stm32f4xx_tim.o(.text)
    TIM_OC1PreloadConfig                     0x08006497   Thumb Code    18  stm32f4xx_tim.o(.text)
    TIM_OC2PreloadConfig                     0x080064a9   Thumb Code    26  stm32f4xx_tim.o(.text)
    TIM_OC3PreloadConfig                     0x080064c3   Thumb Code    18  stm32f4xx_tim.o(.text)
    TIM_OC4PreloadConfig                     0x080064d5   Thumb Code    26  stm32f4xx_tim.o(.text)
    TIM_OC1FastConfig                        0x080064ef   Thumb Code    18  stm32f4xx_tim.o(.text)
    TIM_OC2FastConfig                        0x08006501   Thumb Code    26  stm32f4xx_tim.o(.text)
    TIM_OC3FastConfig                        0x0800651b   Thumb Code    18  stm32f4xx_tim.o(.text)
    TIM_OC4FastConfig                        0x0800652d   Thumb Code    26  stm32f4xx_tim.o(.text)
    TIM_ClearOC1Ref                          0x08006547   Thumb Code    18  stm32f4xx_tim.o(.text)
    TIM_ClearOC2Ref                          0x08006559   Thumb Code    24  stm32f4xx_tim.o(.text)
    TIM_ClearOC3Ref                          0x08006571   Thumb Code    18  stm32f4xx_tim.o(.text)
    TIM_ClearOC4Ref                          0x08006583   Thumb Code    24  stm32f4xx_tim.o(.text)
    TIM_OC1PolarityConfig                    0x0800659b   Thumb Code    18  stm32f4xx_tim.o(.text)
    TIM_OC1NPolarityConfig                   0x080065ad   Thumb Code    18  stm32f4xx_tim.o(.text)
    TIM_OC2PolarityConfig                    0x080065bf   Thumb Code    26  stm32f4xx_tim.o(.text)
    TIM_OC2NPolarityConfig                   0x080065d9   Thumb Code    26  stm32f4xx_tim.o(.text)
    TIM_OC3PolarityConfig                    0x080065f3   Thumb Code    26  stm32f4xx_tim.o(.text)
    TIM_OC3NPolarityConfig                   0x0800660d   Thumb Code    26  stm32f4xx_tim.o(.text)
    TIM_OC4PolarityConfig                    0x08006627   Thumb Code    26  stm32f4xx_tim.o(.text)
    TIM_CCxCmd                               0x08006641   Thumb Code    30  stm32f4xx_tim.o(.text)
    TIM_CCxNCmd                              0x0800665f   Thumb Code    30  stm32f4xx_tim.o(.text)
    TIM_SetIC4Prescaler                      0x0800667d   Thumb Code    26  stm32f4xx_tim.o(.text)
    TIM_SetIC3Prescaler                      0x080066e7   Thumb Code    18  stm32f4xx_tim.o(.text)
    TIM_SetIC2Prescaler                      0x08006741   Thumb Code    26  stm32f4xx_tim.o(.text)
    TIM_SetIC1Prescaler                      0x080067b5   Thumb Code    18  stm32f4xx_tim.o(.text)
    TIM_ICInit                               0x08006801   Thumb Code   110  stm32f4xx_tim.o(.text)
    TIM_ICStructInit                         0x0800686f   Thumb Code    18  stm32f4xx_tim.o(.text)
    TIM_PWMIConfig                           0x08006881   Thumb Code   124  stm32f4xx_tim.o(.text)
    TIM_GetCapture1                          0x080068fd   Thumb Code     6  stm32f4xx_tim.o(.text)
    TIM_GetCapture2                          0x08006903   Thumb Code     6  stm32f4xx_tim.o(.text)
    TIM_GetCapture3                          0x08006909   Thumb Code     6  stm32f4xx_tim.o(.text)
    TIM_GetCapture4                          0x0800690f   Thumb Code     6  stm32f4xx_tim.o(.text)
    TIM_BDTRConfig                           0x08006915   Thumb Code    32  stm32f4xx_tim.o(.text)
    TIM_BDTRStructInit                       0x08006935   Thumb Code    18  stm32f4xx_tim.o(.text)
    TIM_CtrlPWMOutputs                       0x08006947   Thumb Code    30  stm32f4xx_tim.o(.text)
    TIM_SelectCOM                            0x08006965   Thumb Code    24  stm32f4xx_tim.o(.text)
    TIM_CCPreloadControl                     0x0800697d   Thumb Code    24  stm32f4xx_tim.o(.text)
    TIM_ITConfig                             0x08006995   Thumb Code    18  stm32f4xx_tim.o(.text)
    TIM_GenerateEvent                        0x080069a7   Thumb Code     4  stm32f4xx_tim.o(.text)
    TIM_GetFlagStatus                        0x080069ab   Thumb Code    18  stm32f4xx_tim.o(.text)
    TIM_ClearFlag                            0x080069bd   Thumb Code     6  stm32f4xx_tim.o(.text)
    TIM_GetITStatus                          0x080069c3   Thumb Code    34  stm32f4xx_tim.o(.text)
    TIM_ClearITPendingBit                    0x080069e5   Thumb Code     6  stm32f4xx_tim.o(.text)
    TIM_DMAConfig                            0x080069eb   Thumb Code    10  stm32f4xx_tim.o(.text)
    TIM_DMACmd                               0x080069f5   Thumb Code    18  stm32f4xx_tim.o(.text)
    TIM_SelectCCDMA                          0x08006a07   Thumb Code    24  stm32f4xx_tim.o(.text)
    TIM_InternalClockConfig                  0x08006a1f   Thumb Code    12  stm32f4xx_tim.o(.text)
    TIM_SelectInputTrigger                   0x08006a2b   Thumb Code    18  stm32f4xx_tim.o(.text)
    TIM_ITRxExternalClockConfig              0x08006a3d   Thumb Code    24  stm32f4xx_tim.o(.text)
    TIM_TIxExternalClockConfig               0x08006a55   Thumb Code    62  stm32f4xx_tim.o(.text)
    TIM_ETRConfig                            0x08006a93   Thumb Code    28  stm32f4xx_tim.o(.text)
    TIM_ETRClockMode1Config                  0x08006aaf   Thumb Code    54  stm32f4xx_tim.o(.text)
    TIM_ETRClockMode2Config                  0x08006ae5   Thumb Code    32  stm32f4xx_tim.o(.text)
    TIM_SelectOutputTrigger                  0x08006b05   Thumb Code    18  stm32f4xx_tim.o(.text)
    TIM_SelectSlaveMode                      0x08006b17   Thumb Code    18  stm32f4xx_tim.o(.text)
    TIM_SelectMasterSlaveMode                0x08006b29   Thumb Code    18  stm32f4xx_tim.o(.text)
    TIM_EncoderInterfaceConfig               0x08006b3b   Thumb Code    66  stm32f4xx_tim.o(.text)
    TIM_SelectHallSensor                     0x08006b7d   Thumb Code    24  stm32f4xx_tim.o(.text)
    TIM_RemapConfig                          0x08006b95   Thumb Code     6  stm32f4xx_tim.o(.text)
    DMA_DeInit                               0x08006b9d   Thumb Code   324  stm32f4xx_dma.o(.text)
    DMA_Init                                 0x08006ce1   Thumb Code    82  stm32f4xx_dma.o(.text)
    DMA_StructInit                           0x08006d33   Thumb Code    34  stm32f4xx_dma.o(.text)
    DMA_Cmd                                  0x08006d55   Thumb Code    22  stm32f4xx_dma.o(.text)
    DMA_PeriphIncOffsetSizeConfig            0x08006d6b   Thumb Code    22  stm32f4xx_dma.o(.text)
    DMA_FlowControllerConfig                 0x08006d81   Thumb Code    22  stm32f4xx_dma.o(.text)
    DMA_SetCurrDataCounter                   0x08006d97   Thumb Code     4  stm32f4xx_dma.o(.text)
    DMA_GetCurrDataCounter                   0x08006d9b   Thumb Code     8  stm32f4xx_dma.o(.text)
    DMA_DoubleBufferModeConfig               0x08006da3   Thumb Code    24  stm32f4xx_dma.o(.text)
    DMA_DoubleBufferModeCmd                  0x08006dbb   Thumb Code    22  stm32f4xx_dma.o(.text)
    DMA_MemoryTargetConfig                   0x08006dd1   Thumb Code    10  stm32f4xx_dma.o(.text)
    DMA_GetCurrentMemoryTarget               0x08006ddb   Thumb Code    20  stm32f4xx_dma.o(.text)
    DMA_GetCmdStatus                         0x08006def   Thumb Code    20  stm32f4xx_dma.o(.text)
    DMA_GetFIFOStatus                        0x08006e03   Thumb Code    12  stm32f4xx_dma.o(.text)
    DMA_GetFlagStatus                        0x08006e0f   Thumb Code    54  stm32f4xx_dma.o(.text)
    DMA_ClearFlag                            0x08006e45   Thumb Code    40  stm32f4xx_dma.o(.text)
    DMA_ITConfig                             0x08006e6d   Thumb Code    58  stm32f4xx_dma.o(.text)
    DMA_GetITStatus                          0x08006ea7   Thumb Code    82  stm32f4xx_dma.o(.text)
    DMA_ClearITPendingBit                    0x08006ef9   Thumb Code    40  stm32f4xx_dma.o(.text)
    __aeabi_memcpy                           0x08006f41   Thumb Code    36  memcpya.o(.text)
    __aeabi_memcpy4                          0x08006f41   Thumb Code     0  memcpya.o(.text)
    __aeabi_memcpy8                          0x08006f41   Thumb Code     0  memcpya.o(.text)
    __aeabi_dadd                             0x08006f65   Thumb Code   322  dadd.o(.text)
    __aeabi_dsub                             0x080070a7   Thumb Code     6  dadd.o(.text)
    __aeabi_drsub                            0x080070ad   Thumb Code     6  dadd.o(.text)
    __aeabi_dmul                             0x080070b3   Thumb Code   228  dmul.o(.text)
    __aeabi_ddiv                             0x08007197   Thumb Code   222  ddiv.o(.text)
    __aeabi_i2d                              0x08007275   Thumb Code    34  dflti.o(.text)
    __aeabi_d2iz                             0x08007297   Thumb Code    62  dfixi.o(.text)
    __aeabi_f2d                              0x080072d5   Thumb Code    38  f2d.o(.text)
    __aeabi_d2f                              0x080072fb   Thumb Code    56  d2f.o(.text)
    __aeabi_llsl                             0x08007333   Thumb Code    30  llshl.o(.text)
    _ll_shift_l                              0x08007333   Thumb Code     0  llshl.o(.text)
    __aeabi_llsr                             0x08007351   Thumb Code    32  llushr.o(.text)
    _ll_ushift_r                             0x08007351   Thumb Code     0  llushr.o(.text)
    __aeabi_lasr                             0x08007371   Thumb Code    36  llsshr.o(.text)
    _ll_sshift_r                             0x08007371   Thumb Code     0  llsshr.o(.text)
    __I$use$fp                               0x08007395   Thumb Code     0  iusefp.o(.text)
    _float_round                             0x08007395   Thumb Code    18  fepilogue.o(.text)
    _float_epilogue                          0x080073a7   Thumb Code    90  fepilogue.o(.text)
    _double_round                            0x08007401   Thumb Code    26  depilogue.o(.text)
    _double_epilogue                         0x0800741b   Thumb Code   164  depilogue.o(.text)
    __aeabi_cdcmpeq                          0x080074c1   Thumb Code     0  cdcmple.o(.text)
    __aeabi_cdcmple                          0x080074c1   Thumb Code    38  cdcmple.o(.text)
    __aeabi_cdrcmple                         0x080074e9   Thumb Code    38  cdrcmple.o(.text)
    __scatterload                            0x08007511   Thumb Code    28  init.o(.text)
    __scatterload_rt2                        0x08007511   Thumb Code     0  init.o(.text)
    _dsqrt                                   0x08007535   Thumb Code   162  dsqrt.o(.text)
    __decompress                             0x080075d7   Thumb Code     0  __dczerorl2.o(.text)
    __decompress1                            0x080075d7   Thumb Code    92  __dczerorl2.o(.text)
    __ARM_fpclassify                         0x08007633   Thumb Code    48  fpclassify.o(i.__ARM_fpclassify)
    __hardfp_asin                            0x08007669   Thumb Code   774  asin.o(i.__hardfp_asin)
    __hardfp_atan                            0x080079d9   Thumb Code   636  atan.o(i.__hardfp_atan)
    __hardfp_atan2                           0x08007cc1   Thumb Code   416  atan2.o(i.__hardfp_atan2)
    __hardfp_exp                             0x08007ea1   Thumb Code   726  exp.o(i.__hardfp_exp)
    __kernel_poly                            0x08008209   Thumb Code   248  poly.o(i.__kernel_poly)
    __mathlib_dbl_underflow                  0x08008301   Thumb Code    24  dunder.o(i.__mathlib_dbl_underflow)
    __scatterload_copy                       0x08008321   Thumb Code    14  handlers.o(i.__scatterload_copy)
    __scatterload_null                       0x0800832f   Thumb Code     2  handlers.o(i.__scatterload_null)
    __scatterload_zeroinit                   0x08008331   Thumb Code    14  handlers.o(i.__scatterload_zeroinit)
    __set_errno                              0x08008341   Thumb Code     6  errno.o(i.__set_errno)
    atan                                     0x0800834d   Thumb Code    16  atan.o(i.atan)
    fabs                                     0x0800835d   Thumb Code    32  fabs.o(i.fabs)
    sqrt                                     0x0800837d   Thumb Code   110  sqrt.o(i.sqrt)
    CRC8_INIT                                0x080083ea   Data           1  referee.o(.constdata)
    CRC8_TAB                                 0x080083eb   Data         256  referee.o(.constdata)
    wCRC_Table                               0x080084ec   Data         512  referee.o(.constdata)
    __mathlib_zero                           0x08008830   Data           8  qnan.o(.constdata)
    Region$$Table$$Base                      0x08008838   Number         0  anon$$obj.o(Region$$Table)
    Region$$Table$$Limit                     0x08008858   Number         0  anon$$obj.o(Region$$Table)
    count                                    0x20000000   Data           4  main.o(.data)
    clock_count                              0x20000008   Data           4  clock.o(.data)
    TAddr                                    0x20000010   Data           1  6050.o(.data)
    q0                                       0x20000018   Data           4  imu.o(.data)
    q1                                       0x2000001c   Data           4  imu.o(.data)
    q2                                       0x20000020   Data           4  imu.o(.data)
    q3                                       0x20000024   Data           4  imu.o(.data)
    exInt                                    0x20000028   Data           4  imu.o(.data)
    eyInt                                    0x2000002c   Data           4  imu.o(.data)
    ezInt                                    0x20000030   Data           4  imu.o(.data)
    Q                                        0x20000034   Data           4  imu.o(.data)
    R                                        0x20000038   Data           4  imu.o(.data)
    mpu6050_error_flag                       0x2000003c   Data           1  imu.o(.data)
    lastUpdate                               0x20000080   Data           4  imu.o(.data)
    now                                      0x20000084   Data           4  imu.o(.data)
    sys1                                     0x20000088   Data           4  controltask.o(.data)
    output                                   0x2000008c   Data           8  controltask.o(.data)
    flag                                     0x20000094   Data           4  controltask.o(.data)
    target                                   0x2000009c   Data           4  controltask.o(.data)
    speed                                    0x200000a0   Data           8  comunicatetask.o(.data)
    can1transmit                             0x200000a8   Data           1  comunicatetask.o(.data)
    can1Recieve                              0x200000a9   Data           1  comunicatetask.o(.data)
    yaw_init                                 0x200000b0   Data          28  holder.o(.data)
    pitch_init                               0x200000cc   Data          28  holder.o(.data)
    Q_speed                                  0x200000e8   Data           4  chassistask.o(.data)
    R_speed                                  0x200000ec   Data           4  chassistask.o(.data)
    set                                      0x200000f0   Data           2  chassistask.o(.data)
    wheelpid                                 0x200000f4   Data          28  chassistask.o(.data)
    super_wheelpid                           0x20000110   Data          28  chassistask.o(.data)
    chassispid_core                          0x2000012c   Data          28  chassistask.o(.data)
    chassispid_shell                         0x20000148   Data          28  chassistask.o(.data)
    lidar_flag                               0x20000178   Data           1  chassistask.o(.data)
    Scale                                    0x2000017c   Data          20  pidtask.o(.data)
    k                                        0x20000190   Data          20  pidtask.o(.data)
    redlaser                                 0x200001a4   Data           6  relay.o(.data)
    move_base_pid                            0x200001ac   Data          28  relay.o(.data)
    base_target                              0x200001c8   Data           4  relay.o(.data)
    relay_trans                              0x200001cc   Data           2  relay.o(.data)
    Flag_Uart_Busy                           0x200001f4   Data           1  referee.o(.data)
    dara                                     0x200001f8   Data           4  referee.o(.data)
    time_count                               0x200001fc   Data           4  referee.o(.data)
    CRC_INIT                                 0x20000200   Data           2  referee.o(.data)
    Judgment_02_data                         0x2000020c   Data           6  referee.o(.data)
    temp_V                                   0x20000214   Data           4  referee.o(.data)
    temp_A                                   0x20000218   Data           4  referee.o(.data)
    temp_W                                   0x2000021c   Data           4  referee.o(.data)
    temp_J                                   0x20000220   Data           4  referee.o(.data)
    temp_ss                                  0x20000224   Data           4  referee.o(.data)
    temp_sf                                  0x20000228   Data           4  referee.o(.data)
    temp_bs                                  0x2000022c   Data           4  referee.o(.data)
    temp_bf                                  0x20000230   Data           4  referee.o(.data)
    SystemCoreClock                          0x20000234   Data           4  system_stm32f4xx.o(.data)
    AHBPrescTable                            0x20000238   Data          16  system_stm32f4xx.o(.data)
    Send_data1                               0x2000025c   Data          24  main.o(.bss)
    Send_data2                               0x20000274   Data          16  main.o(.bss)
    sbus_rx_buffer                           0x20000284   Data          18  communication.o(.bss)
    sensor                                   0x20000298   Data          72  6050.o(.bss)
    sensor2                                  0x200002e0   Data          72  6050.o(.bss)
    mpu6050_buffer                           0x20000328   Data          16  6050.o(.bss)
    angle                                    0x20000338   Data          12  imu.o(.bss)
    Gyro_File_Buf                            0x20000344   Data         120  imu.o(.bss)
    key                                      0x200003bc   Data          56  comunicatetask.o(.bss)
    canM                                     0x200003f4   Data          40  comunicatetask.o(.bss)
    remote                                   0x2000041c   Data          20  comunicatetask.o(.bss)
    canM1                                    0x20000430   Data          40  comunicatetask.o(.bss)
    motor                                    0x20000458   Data         148  holder.o(.bss)
    wheelInfo                                0x200004ec   Data         356  chassistask.o(.bss)
    chassisPara                              0x20000650   Data         180  chassistask.o(.bss)
    relay                                    0x20000704   Data          12  relay.o(.bss)
    relay_flag                               0x20000710   Data          12  relay.o(.bss)
    move_base                                0x2000071c   Data          36  relay.o(.bss)
    recieveData                              0x20000740   Data          15  referee.o(.bss)
    lidar                                    0x20000750   Data          16  referee.o(.bss)
    meta_data                                0x20000760   Data          80  referee.o(.bss)
    Judgment_01_data                         0x200007b0   Data          24  referee.o(.bss)
    Judgment_03_data                         0x200007c8   Data          16  referee.o(.bss)
    Judgment_04_data                         0x200007d8   Data          22  referee.o(.bss)
    Tx_Buf                                   0x200007ee   Data          29  referee.o(.bss)
    re_data                                  0x2000080b   Data          29  referee.o(.bss)
    __initial_sp                             0x20001828   Data           0  startup_stm32f40_41xxx.o(STACK)



==============================================================================

Memory Map of the image

  Image Entry point : 0x08000189

  Load Region LR_IROM1 (Base: 0x08000000, Size: 0x00008ab4, Max: 0x00100000, ABSOLUTE, COMPRESSED[0x000088f8])

    Execution Region ER_IROM1 (Base: 0x08000000, Size: 0x00008858, Max: 0x00100000, ABSOLUTE)

    Base Addr    Size         Type   Attr      Idx    E Section Name        Object

    0x08000000   0x00000188   Data   RO          677    RESET               startup_stm32f40_41xxx.o
    0x08000188   0x00000000   Code   RO          990  * .ARM.Collect$$$$00000000  mc_w.l(entry.o)
    0x08000188   0x00000004   Code   RO         1052    .ARM.Collect$$$$00000001  mc_w.l(entry2.o)
    0x0800018c   0x00000004   Code   RO         1055    .ARM.Collect$$$$00000004  mc_w.l(entry5.o)
    0x08000190   0x00000000   Code   RO         1057    .ARM.Collect$$$$00000008  mc_w.l(entry7b.o)
    0x08000190   0x00000000   Code   RO         1059    .ARM.Collect$$$$0000000A  mc_w.l(entry8b.o)
    0x08000190   0x00000008   Code   RO         1060    .ARM.Collect$$$$0000000B  mc_w.l(entry9a.o)
    0x08000198   0x00000000   Code   RO         1062    .ARM.Collect$$$$0000000D  mc_w.l(entry10a.o)
    0x08000198   0x00000000   Code   RO         1064    .ARM.Collect$$$$0000000F  mc_w.l(entry11a.o)
    0x08000198   0x00000004   Code   RO         1053    .ARM.Collect$$$$00002712  mc_w.l(entry2.o)
    0x0800019c   0x00000088   Code   RO            3    .text               main.o
    0x08000224   0x00000100   Code   RO          225    .text               delay.o
    0x08000324   0x00000036   Code   RO          247    .text               boot.o
    0x0800035a   0x00000002   PAD
    0x0800035c   0x000000dc   Code   RO          306    .text               clock.o
    0x08000438   0x000004b8   Code   RO          332    .text               communication.o
    0x080008f0   0x0000018c   Code   RO          359    .text               myfunc.o
    0x08000a7c   0x00000244   Code   RO          402    .text               6050.o
    0x08000cc0   0x00000364   Code   RO          429    .text               i2c.o
    0x08001024   0x00000dd0   Code   RO          449    .text               imu.o
    0x08001df4   0x000005a0   Code   RO          476    .text               controltask.o
    0x08002394   0x000007ac   Code   RO          502    .text               comunicatetask.o
    0x08002b40   0x00000078   Code   RO          529    .text               holder.o
    0x08002bb8   0x00000574   Code   RO          556    .text               chassistask.o
    0x0800312c   0x000002d8   Code   RO          599    .text               pidtask.o
    0x08003404   0x000009d4   Code   RO          622    .text               relay.o
    0x08003dd8   0x000006d8   Code   RO          649    .text               referee.o
    0x080044b0   0x00000024   Code   RO          678    .text               startup_stm32f40_41xxx.o
    0x080044d4   0x000000e4   Code   RO          684    .text               misc.o
    0x080045b8   0x000009ec   Code   RO          724    .text               stm32f4xx_can.o
    0x08004fa4   0x00000454   Code   RO          744    .text               stm32f4xx_usart.o
    0x080053f8   0x00000210   Code   RO          764    .text               system_stm32f4xx.o
    0x08005608   0x00000294   Code   RO          830    .text               stm32f4xx_gpio.o
    0x0800589c   0x0000065c   Code   RO          870    .text               stm32f4xx_rcc.o
    0x08005ef8   0x00000ca2   Code   RO          912    .text               stm32f4xx_tim.o
    0x08006b9a   0x00000002   PAD
    0x08006b9c   0x000003a4   Code   RO          932    .text               stm32f4xx_dma.o
    0x08006f40   0x00000024   Code   RO          993    .text               mc_w.l(memcpya.o)
    0x08006f64   0x0000014e   Code   RO          997    .text               mf_w.l(dadd.o)
    0x080070b2   0x000000e4   Code   RO          999    .text               mf_w.l(dmul.o)
    0x08007196   0x000000de   Code   RO         1001    .text               mf_w.l(ddiv.o)
    0x08007274   0x00000022   Code   RO         1005    .text               mf_w.l(dflti.o)
    0x08007296   0x0000003e   Code   RO         1007    .text               mf_w.l(dfixi.o)
    0x080072d4   0x00000026   Code   RO         1009    .text               mf_w.l(f2d.o)
    0x080072fa   0x00000038   Code   RO         1011    .text               mf_w.l(d2f.o)
    0x08007332   0x0000001e   Code   RO         1066    .text               mc_w.l(llshl.o)
    0x08007350   0x00000020   Code   RO         1068    .text               mc_w.l(llushr.o)
    0x08007370   0x00000024   Code   RO         1070    .text               mc_w.l(llsshr.o)
    0x08007394   0x00000000   Code   RO         1079    .text               mc_w.l(iusefp.o)
    0x08007394   0x0000006c   Code   RO         1080    .text               mf_w.l(fepilogue.o)
    0x08007400   0x000000be   Code   RO         1082    .text               mf_w.l(depilogue.o)
    0x080074be   0x00000002   PAD
    0x080074c0   0x00000028   Code   RO         1084    .text               mf_w.l(cdcmple.o)
    0x080074e8   0x00000028   Code   RO         1086    .text               mf_w.l(cdrcmple.o)
    0x08007510   0x00000024   Code   RO         1088    .text               mc_w.l(init.o)
    0x08007534   0x000000a2   Code   RO         1090    .text               mf_w.l(dsqrt.o)
    0x080075d6   0x0000005c   Code   RO         1100    .text               mc_w.l(__dczerorl2.o)
    0x08007632   0x00000030   Code   RO         1035    i.__ARM_fpclassify  m_wm.l(fpclassify.o)
    0x08007662   0x00000006   PAD
    0x08007668   0x00000370   Code   RO          950    i.__hardfp_asin     m_wm.l(asin.o)
    0x080079d8   0x000002e8   Code   RO         1013    i.__hardfp_atan     m_wm.l(atan.o)
    0x08007cc0   0x000001e0   Code   RO          964    i.__hardfp_atan2    m_wm.l(atan2.o)
    0x08007ea0   0x00000368   Code   RO          976    i.__hardfp_exp      m_wm.l(exp.o)
    0x08008208   0x000000f8   Code   RO         1037    i.__kernel_poly     m_wm.l(poly.o)
    0x08008300   0x00000020   Code   RO         1027    i.__mathlib_dbl_underflow  m_wm.l(dunder.o)
    0x08008320   0x0000000e   Code   RO         1094    i.__scatterload_copy  mc_w.l(handlers.o)
    0x0800832e   0x00000002   Code   RO         1095    i.__scatterload_null  mc_w.l(handlers.o)
    0x08008330   0x0000000e   Code   RO         1096    i.__scatterload_zeroinit  mc_w.l(handlers.o)
    0x0800833e   0x00000002   PAD
    0x08008340   0x0000000c   Code   RO         1074    i.__set_errno       mc_w.l(errno.o)
    0x0800834c   0x00000010   Code   RO         1015    i.atan              m_wm.l(atan.o)
    0x0800835c   0x00000020   Code   RO         1031    i.fabs              m_wm.l(fabs.o)
    0x0800837c   0x0000006e   Code   RO         1042    i.sqrt              m_wm.l(sqrt.o)
    0x080083ea   0x00000302   Data   RO          651    .constdata          referee.o
    0x080086ec   0x00000004   PAD
    0x080086f0   0x00000050   Data   RO          953    .constdata          m_wm.l(asin.o)
    0x08008740   0x00000058   Data   RO          979    .constdata          m_wm.l(exp.o)
    0x08008798   0x00000098   Data   RO         1016    .constdata          m_wm.l(atan.o)
    0x08008830   0x00000008   Data   RO         1039    .constdata          m_wm.l(qnan.o)
    0x08008838   0x00000020   Data   RO         1092    Region$$Table       anon$$obj.o


    Execution Region RW_IRAM1 (Base: 0x20000000, Size: 0x00001828, Max: 0x00020000, ABSOLUTE, COMPRESSED[0x000000a0])

    Base Addr    Size         Type   Attr      Idx    E Section Name        Object

    0x20000000   0x00000004   Data   RW            5    .data               main.o
    0x20000004   0x00000004   Data   RW          226    .data               delay.o
    0x20000008   0x00000004   Data   RW          307    .data               clock.o
    0x2000000c   0x00000004   Data   RW          334    .data               communication.o
    0x20000010   0x00000001   Data   RW          404    .data               6050.o
    0x20000011   0x00000007   PAD
    0x20000018   0x00000070   Data   RW          451    .data               imu.o
    0x20000088   0x00000018   Data   RW          477    .data               controltask.o
    0x200000a0   0x00000010   Data   RW          504    .data               comunicatetask.o
    0x200000b0   0x00000038   Data   RW          531    .data               holder.o
    0x200000e8   0x00000091   Data   RW          559    .data               chassistask.o
    0x20000179   0x00000003   PAD
    0x2000017c   0x00000028   Data   RW          600    .data               pidtask.o
    0x200001a4   0x00000050   Data   RW          624    .data               relay.o
    0x200001f4   0x00000040   Data   RW          652    .data               referee.o
    0x20000234   0x00000014   Data   RW          765    .data               system_stm32f4xx.o
    0x20000248   0x00000010   Data   RW          871    .data               stm32f4xx_rcc.o
    0x20000258   0x00000004   Data   RW         1075    .data               mc_w.l(errno.o)
    0x2000025c   0x00000028   Zero   RW            4    .bss                main.o
    0x20000284   0x00000012   Zero   RW          333    .bss                communication.o
    0x20000296   0x00000002   PAD
    0x20000298   0x000000a0   Zero   RW          403    .bss                6050.o
    0x20000338   0x00000084   Zero   RW          450    .bss                imu.o
    0x200003bc   0x0000009c   Zero   RW          503    .bss                comunicatetask.o
    0x20000458   0x00000094   Zero   RW          530    .bss                holder.o
    0x200004ec   0x00000218   Zero   RW          557    .bss                chassistask.o
    0x20000704   0x0000003c   Zero   RW          623    .bss                relay.o
    0x20000740   0x000000e8   Zero   RW          650    .bss                referee.o
    0x20000828   0x00001000   Zero   RW          675    STACK               startup_stm32f40_41xxx.o


==============================================================================

Image component sizes


      Code (inc. data)   RO Data    RW Data    ZI Data      Debug   Object Name

       580         20          0          1        160       2869   6050.o
        54          0          0          0          0       5367   boot.o
      1396         94          0        145        536       4507   chassistask.o
       220         12          0          4          0       1212   clock.o
      1208         68          0          4         18       2762   communication.o
      1964         86          0         16        156       5275   comunicatetask.o
      1440        100          0         24          0       3515   controltask.o
       256          8          0          4          0       1337   delay.o
       120         14          0         56        148       1329   holder.o
       868          6          0          0          0       3254   i2c.o
      3536        172          0        112        132       5994   imu.o
       136         16          0          4         40     303185   main.o
       228         22          0          0          0       1717   misc.o
       396          0          0          0          0       2367   myfunc.o
       728         44          0         40          0       1467   pidtask.o
      1752         94        770         64        232       8012   referee.o
      2516        266          0         80         60       4923   relay.o
        36          8        392          0       4096        784   startup_stm32f40_41xxx.o
      2540         38          0          0          0       7868   stm32f4xx_can.o
       932         32          0          0          0       6193   stm32f4xx_dma.o
       660         44          0          0          0       3997   stm32f4xx_gpio.o
      1628         52          0         16          0      12736   stm32f4xx_rcc.o
      3234         60          0          0          0      22196   stm32f4xx_tim.o
      1108         34          0          0          0       7692   stm32f4xx_usart.o
       528         46          0         20          0       1727   system_stm32f4xx.o

    ----------------------------------------------------------------------
     28068       1336       1198        600       5580     422285   Object Totals
         0          0         32          0          0          0   (incl. Generated)
         4          0          4         10          2          0   (incl. Padding)

    ----------------------------------------------------------------------

      Code (inc. data)   RO Data    RW Data    ZI Data      Debug   Library Member Name

       880        106         80          0          0        200   asin.o
       760        108        152          0          0        344   atan.o
       480         64          0          0          0        156   atan2.o
        32          8          0          0          0        124   dunder.o
       872        146         88          0          0        220   exp.o
        32          0          0          0          0        124   fabs.o
        48          0          0          0          0        124   fpclassify.o
       248          0          0          0          0        152   poly.o
         0          0          8          0          0          0   qnan.o
       110          0          0          0          0        148   sqrt.o
        92          0          0          0          0          0   __dczerorl2.o
         0          0          0          0          0          0   entry.o
         0          0          0          0          0          0   entry10a.o
         0          0          0          0          0          0   entry11a.o
         8          4          0          0          0          0   entry2.o
         4          0          0          0          0          0   entry5.o
         0          0          0          0          0          0   entry7b.o
         0          0          0          0          0          0   entry8b.o
         8          4          0          0          0          0   entry9a.o
        12          6          0          4          0         68   errno.o
        30          0          0          0          0          0   handlers.o
        36          8          0          0          0         68   init.o
         0          0          0          0          0          0   iusefp.o
        30          0          0          0          0         68   llshl.o
        36          0          0          0          0         68   llsshr.o
        32          0          0          0          0         68   llushr.o
        36          0          0          0          0         68   memcpya.o
        40          2          0          0          0         68   cdcmple.o
        40          2          0          0          0         68   cdrcmple.o
        56          0          0          0          0         88   d2f.o
       334          0          0          0          0        148   dadd.o
       222          0          0          0          0        100   ddiv.o
       190          0          0          0          0        176   depilogue.o
        62          0          0          0          0         80   dfixi.o
        34          0          0          0          0         76   dflti.o
       228          0          0          0          0         96   dmul.o
       162          0          0          0          0        100   dsqrt.o
        38          0          0          0          0         68   f2d.o
       108          0          0          0          0        168   fepilogue.o

    ----------------------------------------------------------------------
      5310        458        328          4          0       3236   Library Totals
        10          0          0          0          0          0   (incl. Padding)

    ----------------------------------------------------------------------

      Code (inc. data)   RO Data    RW Data    ZI Data      Debug   Library Name

      3462        432        328          0          0       1592   m_wm.l
       324         22          0          4          0        408   mc_w.l
      1514          4          0          0          0       1236   mf_w.l

    ----------------------------------------------------------------------
      5310        458        328          4          0       3236   Library Totals

    ----------------------------------------------------------------------

==============================================================================


      Code (inc. data)   RO Data    RW Data    ZI Data      Debug   

     33378       1794       1526        604       5580     419341   Grand Totals
     33378       1794       1526        160       5580     419341   ELF Image Totals (compressed)
     33378       1794       1526        160          0          0   ROM Totals

==============================================================================

    Total RO  Size (Code + RO Data)                34904 (  34.09kB)
    Total RW  Size (RW Data + ZI Data)              6184 (   6.04kB)
    Total ROM Size (Code + RO Data + RW Data)      35064 (  34.24kB)

==============================================================================

