ARM Linker, 5.03 [Build 76] [MDK-ARM Standard]

==============================================================================

Section Cross References

    main.o(.text) refers to boot.o(.text) for boot
    main.o(.text) refers to imu.o(.text) for imu
    main.o(.text) refers to referee.o(.text) for send_odm_msg
    main.o(.text) refers to main.o(.bss) for Send_data
    delay.o(.text) refers to misc.o(.text) for SysTick_CLKSourceConfig
    delay.o(.text) refers to delay.o(.data) for fac_us
    boot.o(.text) refers to delay.o(.text) for delay_init
    boot.o(.text) refers to referee.o(.text) for refereeConfig
    boot.o(.text) refers to communication.o(.text) for can2Config
    boot.o(.text) refers to i2c.o(.text) for I2C_INIT
    boot.o(.text) refers to 6050.o(.text) for InitMPU6050
    boot.o(.text) refers to clock.o(.text) for sysConfig
    clock.o(.text) refers to stm32f4xx_rcc.o(.text) for RCC_APB1PeriphClockCmd
    clock.o(.text) refers to stm32f4xx_tim.o(.text) for TIM_ARRPreloadConfig
    clock.o(.text) refers to misc.o(.text) for NVIC_PriorityGroupConfig
    clock.o(.text) refers to controltask.o(.text) for runControl
    clock.o(.text) refers to controltask.o(.data) for sys
    communication.o(.text) refers to stm32f4xx_rcc.o(.text) for RCC_APB1PeriphClockCmd
    communication.o(.text) refers to stm32f4xx_gpio.o(.text) for GPIO_PinAFConfig
    communication.o(.text) refers to stm32f4xx_tim.o(.text) for TIM_TimeBaseInit
    communication.o(.text) refers to misc.o(.text) for NVIC_Init
    communication.o(.text) refers to stm32f4xx_can.o(.text) for CAN_DeInit
    communication.o(.text) refers to stm32f4xx_usart.o(.text) for USART_DeInit
    communication.o(.text) refers to stm32f4xx_dma.o(.text) for DMA_DeInit
    communication.o(.text) refers to comunicatetask.o(.text) for readRemote
    communication.o(.text) refers to communication.o(.bss) for sbus_rx_buffer
    communication.o(.text) refers to communication.o(.data) for this_time_rx_len
    communication.o(.text) refers to comunicatetask.o(.bss) for remote
    communication.o(.text) refers to chassistask.o(.bss) for wheelInfo
    iwdg.o(.text) refers to stm32f4xx_iwdg.o(.text) for IWDG_WriteAccessCmd
    6050.o(.text) refers to i2c.o(.text) for Single_Write
    6050.o(.text) refers to delay.o(.text) for delay_ms
    6050.o(.text) refers to 6050.o(.data) for TAddr
    6050.o(.text) refers to 6050.o(.bss) for mpu6050_buffer
    i2c.o(.text) refers to stm32f4xx_rcc.o(.text) for RCC_AHB1PeriphClockCmd
    i2c.o(.text) refers to stm32f4xx_gpio.o(.text) for GPIO_Init
    imu.o(.text) refers to clock.o(.text) for Get_Time_Micros
    imu.o(.text) refers to f2d.o(.text) for __aeabi_f2d
    imu.o(.text) refers to imu.o(.data) for q0
    imu.o(.text) refers to atan2.o(i.__hardfp_atan2) for __hardfp_atan2
    imu.o(.text) refers to dmul.o(.text) for __aeabi_dmul
    imu.o(.text) refers to d2f.o(.text) for __aeabi_d2f
    imu.o(.text) refers to asin.o(i.__hardfp_asin) for __hardfp_asin
    imu.o(.text) refers to dadd.o(.text) for __aeabi_dadd
    imu.o(.text) refers to ddiv.o(.text) for __aeabi_ddiv
    imu.o(.text) refers to imu.o(.bss) for angle
    imu.o(.text) refers to 6050.o(.bss) for sensor
    imu.o(.text) refers to chassistask.o(.bss) for chassisPara
    imu.o(.text) refers to 6050.o(.text) for MPU6050_Read
    imu.o(.text) refers to dflti.o(.text) for __aeabi_i2d
    imu.o(.text) refers to dfixi.o(.text) for __aeabi_d2iz
    controltask.o(.text) refers to chassistask.o(.text) for allParaInit
    controltask.o(.text) refers to comunicatetask.o(.text) for commuiModeChange
    controltask.o(.text) refers to controltask.o(.data) for flag
    controltask.o(.text) refers to chassistask.o(.bss) for chassisPara
    controltask.o(.text) refers to comunicatetask.o(.bss) for remote
    comunicatetask.o(.text) refers to f2d.o(.text) for __aeabi_f2d
    comunicatetask.o(.text) refers to exp.o(i.__hardfp_exp) for __hardfp_exp
    comunicatetask.o(.text) refers to d2f.o(.text) for __aeabi_d2f
    comunicatetask.o(.text) refers to comunicatetask.o(.bss) for key
    comunicatetask.o(.text) refers to comunicatetask.o(.data) for speed
    comunicatetask.o(.text) refers to myfunc.o(.text) for amplitudeLimiting
    comunicatetask.o(.text) refers to stm32f4xx_can.o(.text) for CAN_Transmit
    chassistask.o(.text) refers to memcpya.o(.text) for __aeabi_memcpy4
    chassistask.o(.text) refers to myfunc.o(.text) for amplitudeLimiting
    chassistask.o(.text) refers to pidtask.o(.text) for pidGet
    chassistask.o(.text) refers to chassistask.o(.data) for wheelpid
    chassistask.o(.text) refers to chassistask.o(.bss) for wheelInfo
    chassistask.o(.text) refers to comunicatetask.o(.bss) for remote
    chassistask.o(.text) refers to main.o(.bss) for Send_data
    pidtask.o(.text) refers to myfunc.o(.text) for amplitudeLimiting
    pidtask.o(.text) refers to chassistask.o(.bss) for chassisPara
    referee.o(.text) refers to stm32f4xx_rcc.o(.text) for RCC_AHB1PeriphClockCmd
[...]
    Removing communication.o(.rev16_text), (4 bytes).
    Removing communication.o(.revsh_text), (4 bytes).
    Removing myfunc.o(.rev16_text), (4 bytes).
    Removing myfunc.o(.revsh_text), (4 bytes).
    Removing iwdg.o(.rev16_text), (4 bytes).
    Removing iwdg.o(.revsh_text), (4 bytes).
    Removing iwdg.o(.text), (38 bytes).
    Removing 6050.o(.rev16_text), (4 bytes).
    Removing 6050.o(.revsh_text), (4 bytes).
    Removing i2c.o(.rev16_text), (4 bytes).
    Removing i2c.o(.revsh_text), (4 bytes).
    Removing imu.o(.rev16_text), (4 bytes).
    Removing imu.o(.revsh_text), (4 bytes).
    Removing controltask.o(.rev16_text), (4 bytes).
    Removing controltask.o(.revsh_text), (4 bytes).
    Removing comunicatetask.o(.rev16_text), (4 bytes).
    Removing comunicatetask.o(.revsh_text), (4 bytes).
    Removing chassistask.o(.rev16_text), (4 bytes).
    Removing chassistask.o(.revsh_text), (4 bytes).
    Removing pidtask.o(.rev16_text), (4 bytes).
    Removing pidtask.o(.revsh_text), (4 bytes).
    Removing pidtask.o(.data), (40 bytes).
    Removing holder.o(.rev16_text), (4 bytes).
    Removing holder.o(.revsh_text), (4 bytes).
    Removing referee.o(.rev16_text), (4 bytes).
    Removing referee.o(.revsh_text), (4 bytes).
    Removing startup_stm32f40_41xxx.o(HEAP), (2048 bytes).
    Removing misc.o(.rev16_text), (4 bytes).
    Removing misc.o(.revsh_text), (4 bytes).
    Removing stm32f4xx_adc.o(.rev16_text), (4 bytes).
    Removing stm32f4xx_adc.o(.revsh_text), (4 bytes).
    Removing stm32f4xx_adc.o(.text), (1136 bytes).
    Removing stm32f4xx_can.o(.rev16_text), (4 bytes).
    Removing stm32f4xx_can.o(.revsh_text), (4 bytes).
    Removing stm32f4xx_usart.o(.rev16_text), (4 bytes).
    Removing stm32f4xx_usart.o(.revsh_text), (4 bytes).
    Removing system_stm32f4xx.o(.rev16_text), (4 bytes).
    Removing system_stm32f4xx.o(.revsh_text), (4 bytes).
    Removing stm32f4xx_iwdg.o(.rev16_text), (4 bytes).
    Removing stm32f4xx_iwdg.o(.revsh_text), (4 bytes).
    Removing stm32f4xx_iwdg.o(.text), (64 bytes).
    Removing stm32f4xx_i2c.o(.rev16_text), (4 bytes).
    Removing stm32f4xx_i2c.o(.revsh_text), (4 bytes).
    Removing stm32f4xx_i2c.o(.text), (1110 bytes).
    Removing stm32f4xx_gpio.o(.rev16_text), (4 bytes).
    Removing stm32f4xx_gpio.o(.revsh_text), (4 bytes).
    Removing stm32f4xx_pwr.o(.rev16_text), (4 bytes).
    Removing stm32f4xx_pwr.o(.revsh_text), (4 bytes).
    Removing stm32f4xx_pwr.o(.text), (368 bytes).
    Removing stm32f4xx_rcc.o(.rev16_text), (4 bytes).
    Removing stm32f4xx_rcc.o(.revsh_text), (4 bytes).
    Removing stm32f4xx_rtc.o(.rev16_text), (4 bytes).
    Removing stm32f4xx_rtc.o(.revsh_text), (4 bytes).
    Removing stm32f4xx_rtc.o(.text), (3432 bytes).
    Removing stm32f4xx_tim.o(.rev16_text), (4 bytes).
    Removing stm32f4xx_tim.o(.revsh_text), (4 bytes).
    Removing stm32f4xx_dma.o(.rev16_text), (4 bytes).
    Removing stm32f4xx_dma.o(.revsh_text), (4 bytes).
    Removing dneg.o(.text), (6 bytes).

70 unused section(s) (total 8498 bytes) removed from the image.

==============================================================================

Image Symbol Table

    Local Symbols

    Symbol Name                              Value     Ov Type        Size  Object(Section)

    ../clib/../cmprslib/zerorunl2.c          0x00000000   Number         0  __dczerorl2.o ABSOLUTE
    ../clib/microlib/errno.c                 0x00000000   Number         0  errno.o ABSOLUTE
    ../clib/microlib/init/entry.s            0x00000000   Number         0  entry2.o ABSOLUTE
    ../clib/microlib/init/entry.s            0x00000000   Number         0  entry8b.o ABSOLUTE
    ../clib/microlib/init/entry.s            0x00000000   Number         0  entry8a.o ABSOLUTE
    ../clib/microlib/init/entry.s            0x00000000   Number         0  entry11a.o ABSOLUTE
    ../clib/microlib/init/entry.s            0x00000000   Number         0  entry7b.o ABSOLUTE
    ../clib/microlib/init/entry.s            0x00000000   Number         0  entry10b.o ABSOLUTE
    ../clib/microlib/init/entry.s            0x00000000   Number         0  entry7a.o ABSOLUTE
    ../clib/microlib/init/entry.s            0x00000000   Number         0  entry10a.o ABSOLUTE
    ../clib/microlib/init/entry.s            0x00000000   Number         0  entry5.o ABSOLUTE
    ../clib/microlib/init/entry.s            0x00000000   Number         0  entry11b.o ABSOLUTE
    ../clib/microlib/init/entry.s            0x00000000   Number         0  entry9b.o ABSOLUTE
    ../clib/microlib/init/entry.s            0x00000000   Number         0  entry9a.o ABSOLUTE
    ../clib/microlib/init/entry.s            0x00000000   Number         0  entry.o ABSOLUTE
    ../clib/microlib/longlong.c              0x00000000   Number         0  llshl.o ABSOLUTE
    ../clib/microlib/longlong.c              0x00000000   Number         0  llushr.o ABSOLUTE
    ../clib/microlib/longlong.c              0x00000000   Number         0  llsshr.o ABSOLUTE
    ../clib/microlib/string/memcpy.c         0x00000000   Number         0  memcpyb.o ABSOLUTE
    ../clib/microlib/string/memcpy.c         0x00000000   Number         0  memcpya.o ABSOLUTE
    ../clib/microlib/string/memset.c         0x00000000   Number         0  memseta.o ABSOLUTE
    ../clib/microlib/stubs.s                 0x00000000   Number         0  iusefp.o ABSOLUTE
    ../fplib/microlib/d2f.c                  0x00000000   Number         0  d2f.o ABSOLUTE
    ../fplib/microlib/f2d.c                  0x00000000   Number         0  f2d.o ABSOLUTE
    ../fplib/microlib/fpadd.c                0x00000000   Number         0  dadd.o ABSOLUTE
    ../fplib/microlib/fpdiv.c                0x00000000   Number         0  ddiv.o ABSOLUTE
    ../fplib/microlib/fpepilogue.c           0x00000000   Number         0  fepilogue.o ABSOLUTE
    ../fplib/microlib/fpepilogue.c           0x00000000   Number         0  depilogue.o ABSOLUTE
    ../fplib/microlib/fpfix.c                0x00000000   Number         0  dfixi.o ABSOLUTE
    ../fplib/microlib/fpflt.c                0x00000000   Number         0  dflti.o ABSOLUTE
    ../fplib/microlib/fpmul.c                0x00000000   Number         0  dmul.o ABSOLUTE
    ../fplib/microlib/fpneg.c                0x00000000   Number         0  dneg.o ABSOLUTE
    ../fplib/microlib/fpsqrt.c               0x00000000   Number         0  dsqrt.o ABSOLUTE
    ../mathlib/asin.c                        0x00000000   Number         0  asin_x.o ABSOLUTE
    ../mathlib/asin.c                        0x00000000   Number         0  asin.o ABSOLUTE
    ../mathlib/atan.c                        0x00000000   Number         0  atan_x.o ABSOLUTE
    ../mathlib/atan.c                        0x00000000   Number         0  atan.o ABSOLUTE
    ../mathlib/atan2.c                       0x00000000   Number         0  atan2_x.o ABSOLUTE
    ../mathlib/atan2.c                       0x00000000   Number         0  atan2.o ABSOLUTE
    ../mathlib/dunder.c                      0x00000000   Number         0  dunder.o ABSOLUTE
    ../mathlib/exp.c                         0x00000000   Number         0  exp.o ABSOLUTE
    ../mathlib/exp.c                         0x00000000   Number         0  exp_x.o ABSOLUTE
    ../mathlib/fabs.c                        0x00000000   Number         0  fabs.o ABSOLUTE
    ../mathlib/fpclassify.c                  0x00000000   Number         0  fpclassify.o ABSOLUTE
    ../mathlib/poly.c                        0x00000000   Number         0  poly.o ABSOLUTE
    ../mathlib/qnan.c                        0x00000000   Number         0  qnan.o ABSOLUTE
    ../mathlib/sqrt.c                        0x00000000   Number         0  sqrt.o ABSOLUTE
    ../mathlib/sqrt.c                        0x00000000   Number         0  sqrt_x.o ABSOLUTE
    ..\Libraries\misc.c                      0x00000000   Number         0  misc.o ABSOLUTE
    ..\Libraries\startup_stm32f40_41xxx.s    0x00000000   Number         0  startup_stm32f40_41xxx.o ABSOLUTE
    ..\Libraries\stm32f4xx_adc.c             0x00000000   Number         0  stm32f4xx_adc.o ABSOLUTE
    ..\Libraries\stm32f4xx_can.c             0x00000000   Number         0  stm32f4xx_can.o ABSOLUTE
    ..\Libraries\stm32f4xx_dma.c             0x00000000   Number         0  stm32f4xx_dma.o ABSOLUTE
    ..\Libraries\stm32f4xx_gpio.c            0x00000000   Number         0  stm32f4xx_gpio.o ABSOLUTE
    ..\Libraries\stm32f4xx_i2c.c             0x00000000   Number         0  stm32f4xx_i2c.o ABSOLUTE
    ..\Libraries\stm32f4xx_iwdg.c            0x00000000   Number         0  stm32f4xx_iwdg.o ABSOLUTE
    ..\Libraries\stm32f4xx_pwr.c             0x00000000   Number         0  stm32f4xx_pwr.o ABSOLUTE
    ..\Libraries\stm32f4xx_rcc.c             0x00000000   Number         0  stm32f4xx_rcc.o ABSOLUTE
    ..\Libraries\stm32f4xx_rtc.c             0x00000000   Number         0  stm32f4xx_rtc.o ABSOLUTE
    ..\Libraries\stm32f4xx_tim.c             0x00000000   Number         0  stm32f4xx_tim.o ABSOLUTE
    ..\Libraries\stm32f4xx_usart.c           0x00000000   Number         0  stm32f4xx_usart.o ABSOLUTE
    ..\Libraries\system_stm32f4xx.c          0x00000000   Number         0  system_stm32f4xx.o ABSOLUTE
    ..\User\Src\BSP\Boot.c                   0x00000000   Number         0  boot.o ABSOLUTE
    ..\User\Src\BSP\Clock.c                  0x00000000   Number         0  clock.o ABSOLUTE
    ..\User\Src\BSP\Communication.c          0x00000000   Number         0  communication.o ABSOLUTE
    ..\User\Src\BSP\IWDG.c                   0x00000000   Number         0  iwdg.o ABSOLUTE
    ..\User\Src\BSP\MyFunc.c                 0x00000000   Number         0  myfunc.o ABSOLUTE
    ..\User\Src\BSP\delay.c                  0x00000000   Number         0  delay.o ABSOLUTE
    ..\User\Src\BSP\sys.c                    0x00000000   Number         0  sys.o ABSOLUTE
    ..\User\Src\IMU\6050.c                   0x00000000   Number         0  6050.o ABSOLUTE
    ..\User\Src\IMU\I2C.c                    0x00000000   Number         0  i2c.o ABSOLUTE
    ..\User\Src\IMU\Imu.c                    0x00000000   Number         0  imu.o ABSOLUTE
    ..\User\Src\Referee\Referee.c            0x00000000   Number         0  referee.o ABSOLUTE
    ..\User\Src\Task\ChassisTask.c           0x00000000   Number         0  chassistask.o ABSOLUTE
    ..\User\Src\Task\ComunicateTask.c        0x00000000   Number         0  comunicatetask.o ABSOLUTE
    ..\User\Src\Task\ControlTask.c           0x00000000   Number         0  controltask.o ABSOLUTE
    ..\User\Src\Task\PidTask.c               0x00000000   Number         0  pidtask.o ABSOLUTE
    ..\User\Src\Task\holder.c                0x00000000   Number         0  holder.o ABSOLUTE
    ..\User\Src\main.c                       0x00000000   Number         0  main.o ABSOLUTE
    ..\\Libraries\\misc.c                    0x00000000   Number         0  misc.o ABSOLUTE
    ..\\Libraries\\stm32f4xx_adc.c           0x00000000   Number         0  stm32f4xx_adc.o ABSOLUTE
    ..\\Libraries\\stm32f4xx_can.c           0x00000000   Number         0  stm32f4xx_can.o ABSOLUTE
    ..\\Libraries\\stm32f4xx_dma.c           0x00000000   Number         0  stm32f4xx_dma.o ABSOLUTE
    ..\\Libraries\\stm32f4xx_gpio.c          0x00000000   Number         0  stm32f4xx_gpio.o ABSOLUTE
    ..\\Libraries\\stm32f4xx_i2c.c           0x00000000   Number         0  stm32f4xx_i2c.o ABSOLUTE
    ..\\Libraries\\stm32f4xx_iwdg.c          0x00000000   Number         0  stm32f4xx_iwdg.o ABSOLUTE
    ..\\Libraries\\stm32f4xx_pwr.c           0x00000000   Number         0  stm32f4xx_pwr.o ABSOLUTE
    ..\\Libraries\\stm32f4xx_rcc.c           0x00000000   Number         0  stm32f4xx_rcc.o ABSOLUTE
    ..\\Libraries\\stm32f4xx_rtc.c           0x00000000   Number         0  stm32f4xx_rtc.o ABSOLUTE
    ..\\Libraries\\stm32f4xx_tim.c           0x00000000   Number         0  stm32f4xx_tim.o ABSOLUTE
    ..\\Libraries\\stm32f4xx_usart.c         0x00000000   Number         0  stm32f4xx_usart.o ABSOLUTE
    ..\\Libraries\\system_stm32f4xx.c        0x00000000   Number         0  system_stm32f4xx.o ABSOLUTE
    ..\\User\\Src\\BSP\\Boot.c               0x00000000   Number         0  boot.o ABSOLUTE
    ..\\User\\Src\\BSP\\Clock.c              0x00000000   Number         0  clock.o ABSOLUTE
    ..\\User\\Src\\BSP\\Communication.c      0x00000000   Number         0  communication.o ABSOLUTE
    ..\\User\\Src\\BSP\\IWDG.c               0x00000000   Number         0  iwdg.o ABSOLUTE
    ..\\User\\Src\\BSP\\MyFunc.c             0x00000000   Number         0  myfunc.o ABSOLUTE
    ..\\User\\Src\\BSP\\delay.c              0x00000000   Number         0  delay.o ABSOLUTE
    ..\\User\\Src\\BSP\\sys.c                0x00000000   Number         0  sys.o ABSOLUTE
    ..\\User\\Src\\IMU\\6050.c               0x00000000   Number         0  6050.o ABSOLUTE
    ..\\User\\Src\\IMU\\I2C.c                0x00000000   Number         0  i2c.o ABSOLUTE
    ..\\User\\Src\\IMU\\Imu.c                0x00000000   Number         0  imu.o ABSOLUTE
    ..\\User\\Src\\Referee\\Referee.c        0x00000000   Number         0  referee.o ABSOLUTE
    ..\\User\\Src\\Task\\ChassisTask.c       0x00000000   Number         0  chassistask.o ABSOLUTE
    ..\\User\\Src\\Task\\ComunicateTask.c    0x00000000   Number         0  comunicatetask.o ABSOLUTE
    ..\\User\\Src\\Task\\ControlTask.c       0x00000000   Number         0  controltask.o ABSOLUTE
    ..\\User\\Src\\Task\\PidTask.c           0x00000000   Number         0  pidtask.o ABSOLUTE
    ..\\User\\Src\\Task\\holder.c            0x00000000   Number         0  holder.o ABSOLUTE
    ..\\User\\Src\\main.c                    0x00000000   Number         0  main.o ABSOLUTE
    cdcmple.s                                0x00000000   Number         0  cdcmple.o ABSOLUTE
    cdrcmple.s                               0x00000000   Number         0  cdrcmple.o ABSOLUTE
    dc.s                                     0x00000000   Number         0  dc.o ABSOLUTE
    handlers.s                               0x00000000   Number         0  handlers.o ABSOLUTE
    init.s                                   0x00000000   Number         0  init.o ABSOLUTE
    RESET                                    0x08000000   Section      392  startup_stm32f40_41xxx.o(RESET)
    .ARM.Collect$$$$00000000                 0x08000188   Section        0  entry.o(.ARM.Collect$$$$00000000)
    .ARM.Collect$$$$00000001                 0x08000188   Section        4  entry2.o(.ARM.Collect$$$$00000001)
    .ARM.Collect$$$$00000004                 0x0800018c   Section        4  entry5.o(.ARM.Collect$$$$00000004)
    .ARM.Collect$$$$00000008                 0x08000190   Section        0  entry7b.o(.ARM.Collect$$$$00000008)
    .ARM.Collect$$$$0000000A                 0x08000190   Section        0  entry8b.o(.ARM.Collect$$$$0000000A)
    .ARM.Collect$$$$0000000B                 0x08000190   Section        8  entry9a.o(.ARM.Collect$$$$0000000B)
    .ARM.Collect$$$$0000000D                 0x08000198   Section        0  entry10a.o(.ARM.Collect$$$$0000000D)
    .ARM.Collect$$$$0000000F                 0x08000198   Section        0  entry11a.o(.ARM.Collect$$$$0000000F)
    .ARM.Collect$$$$00002712                 0x08000198   Section        4  entry2.o(.ARM.Collect$$$$00002712)
    __lit__00000000                          0x08000198   Data           4  entry2.o(.ARM.Collect$$$$00002712)
    .text                                    0x0800019c   Section        0  main.o(.text)
    .text                                    0x080001c0   Section        0  delay.o(.text)
    .text                                    0x080002c0   Section        0  boot.o(.text)
    .text                                    0x080002fc   Section        0  clock.o(.text)
    .text                                    0x080003d4   Section        0  communication.o(.text)
    .text                                    0x08000780   Section        0  myfunc.o(.text)
    .text                                    0x0800090c   Section        0  6050.o(.text)
    .text                                    0x08000b50   Section        0  i2c.o(.text)
    .text                                    0x08000eb4   Section        0  imu.o(.text)
    KalmanFilter_z                           0x08001519   Thumb Code   304  imu.o(.text)
    KalmanFilter_y                           0x08001649   Thumb Code   380  imu.o(.text)
    KalmanFilter_x                           0x080017c5   Thumb Code   304  imu.o(.text)
    KalmanFilter_speed                       0x08001bbd   Thumb Code   304  imu.o(.text)
    .text                                    0x08001cfc   Section        0  controltask.o(.text)
    .text                                    0x08001d84   Section        0  comunicatetask.o(.text)
    .text                                    0x0800243c   Section        0  chassistask.o(.text)
    .text                                    0x08002698   Section        0  pidtask.o(.text)
    .text                                    0x08002880   Section        0  referee.o(.text)
    .text                                    0x08003180   Section       36  startup_stm32f40_41xxx.o(.text)
    $v0                                      0x08003180   Number         0  startup_stm32f40_41xxx.o(.text)
    .text                                    0x080031a4   Section        0  misc.o(.text)
    .text                                    0x08003288   Section        0  stm32f4xx_can.o(.text)
    CheckITStatus                            0x08003a8b   Thumb Code    16  stm32f4xx_can.o(.text)
    .text                                    0x08003c74   Section        0  stm32f4xx_usart.o(.text)
    .text                                    0x080040c8   Section        0  system_stm32f4xx.o(.text)
    SetSysClock                              0x080040c9   Thumb Code   218  system_stm32f4xx.o(.text)
    .text                                    0x080042d8   Section        0  stm32f4xx_gpio.o(.text)
    .text                                    0x0800456c   Section        0  stm32f4xx_rcc.o(.text)
    .text                                    0x08004bc8   Section        0  stm32f4xx_tim.o(.text)
    TI4_Config                               0x08005367   Thumb Code    80  stm32f4xx_tim.o(.text)
    TI3_Config                               0x080053c9   Thumb Code    72  stm32f4xx_tim.o(.text)
    TI2_Config                               0x0800542b   Thumb Code    90  stm32f4xx_tim.o(.text)
    TI1_Config                               0x08005497   Thumb Code    58  stm32f4xx_tim.o(.text)
    .text                                    0x0800586c   Section        0  stm32f4xx_dma.o(.text)
    .text                                    0x08005c10   Section        0  memcpya.o(.text)
    .text                                    0x08005c34   Section        0  memseta.o(.text)
    .text                                    0x08005c58   Section        0  dadd.o(.text)
    .text                                    0x08005da6   Section        0  dmul.o(.text)
    .text                                    0x08005e8a   Section        0  ddiv.o(.text)
    .text                                    0x08005f68   Section        0  dflti.o(.text)
    .text                                    0x08005f8a   Section        0  dfixi.o(.text)
    .text                                    0x08005fc8   Section        0  f2d.o(.text)
    .text                                    0x08005fee   Section        0  d2f.o(.text)
    .text                                    0x08006026   Section        0  llshl.o(.text)
    .text                                    0x08006044   Section        0  llushr.o(.text)
    .text                                    0x08006064   Section        0  llsshr.o(.text)
    .text                                    0x08006088   Section        0  fepilogue.o(.text)
    .text                                    0x08006088   Section        0  iusefp.o(.text)
    .text                                    0x080060f4   Section        0  depilogue.o(.text)
    .text                                    0x080061b4   Section       40  cdcmple.o(.text)
    .text                                    0x080061dc   Section       40  cdrcmple.o(.text)
    .text                                    0x08006204   Section       36  init.o(.text)
    .text                                    0x08006228   Section        0  dsqrt.o(.text)
    .text                                    0x080062ca   Section        0  __dczerorl2.o(.text)
    i.__ARM_fpclassify                       0x08006326   Section        0  fpclassify.o(i.__ARM_fpclassify)
    i.__hardfp_asin                          0x08006358   Section        0  asin.o(i.__hardfp_asin)
    i.__hardfp_atan                          0x080066c8   Section        0  atan.o(i.__hardfp_atan)
    i.__hardfp_atan2                         0x080069b0   Section        0  atan2.o(i.__hardfp_atan2)
    i.__hardfp_exp                           0x08006b90   Section        0  exp.o(i.__hardfp_exp)
    i.__kernel_poly                          0x08006ef8   Section        0  poly.o(i.__kernel_poly)
    i.__mathlib_dbl_underflow                0x08006ff0   Section        0  dunder.o(i.__mathlib_dbl_underflow)
    i.__scatterload_copy                     0x08007010   Section       14  handlers.o(i.__scatterload_copy)
    i.__scatterload_null                     0x0800701e   Section        2  handlers.o(i.__scatterload_null)
    i.__scatterload_zeroinit                 0x08007020   Section       14  handlers.o(i.__scatterload_zeroinit)
    i.__set_errno                            0x08007030   Section        0  errno.o(i.__set_errno)
    i.atan                                   0x0800703c   Section        0  atan.o(i.atan)
    i.fabs                                   0x0800704c   Section        0  fabs.o(i.fabs)
    i.sqrt                                   0x0800706c   Section        0  sqrt.o(i.sqrt)
    .constdata                               0x080070da   Section      770  referee.o(.constdata)
    .constdata                               0x080073e0   Section       80  asin.o(.constdata)
    pS                                       0x080073e0   Data          48  asin.o(.constdata)
    qS                                       0x08007410   Data          32  asin.o(.constdata)
    .constdata                               0x08007430   Section       88  exp.o(.constdata)
    halF                                     0x08007430   Data          16  exp.o(.constdata)
    ln2HI                                    0x08007440   Data          16  exp.o(.constdata)
    ln2LO                                    0x08007450   Data          16  exp.o(.constdata)
    P                                        0x08007460   Data          40  exp.o(.constdata)
    .constdata                               0x08007488   Section      152  atan.o(.constdata)
    atanhi                                   0x08007488   Data          32  atan.o(.constdata)
    atanlo                                   0x080074a8   Data          32  atan.o(.constdata)
    aTodd                                    0x080074c8   Data          40  atan.o(.constdata)
    aTeven                                   0x080074f0   Data          48  atan.o(.constdata)
    .constdata                               0x08007520   Section        8  qnan.o(.constdata)
    .data                                    0x20000000   Section        4  delay.o(.data)
    fac_us                                   0x20000000   Data           1  delay.o(.data)
    fac_ms                                   0x20000002   Data           2  delay.o(.data)
    .data                                    0x20000004   Section        4  communication.o(.data)
    this_time_rx_len                         0x20000004   Data           4  communication.o(.data)
    .data                                    0x20000008   Section        1  6050.o(.data)
    .data                                    0x20000010   Section      112  imu.o(.data)
    gyro_filter_cnt                          0x20000035   Data           1  imu.o(.data)
    x_last                                   0x20000038   Data           8  imu.o(.data)
    p_last                                   0x20000040   Data           8  imu.o(.data)
    x_last                                   0x20000048   Data           8  imu.o(.data)
    p_last                                   0x20000050   Data           8  imu.o(.data)
    x_last                                   0x20000058   Data           8  imu.o(.data)
    p_last                                   0x20000060   Data           8  imu.o(.data)
    x_last                                   0x20000068   Data           8  imu.o(.data)
    p_last                                   0x20000070   Data           8  imu.o(.data)
    .data                                    0x20000080   Section       20  controltask.o(.data)
    .data                                    0x20000094   Section       12  comunicatetask.o(.data)
    count                                    0x2000009c   Data           4  comunicatetask.o(.data)
    .data                                    0x200000a0   Section       84  chassistask.o(.data)
    .data                                    0x200000f4   Section       68  referee.o(.data)
    this_time_rx_len                         0x20000108   Data           4  referee.o(.data)
    this_time_rx_len                         0x2000010c   Data           4  referee.o(.data)
    .data                                    0x20000138   Section       20  system_stm32f4xx.o(.data)
    .data                                    0x2000014c   Section       16  stm32f4xx_rcc.o(.data)
    APBAHBPrescTable                         0x2000014c   Data          16  stm32f4xx_rcc.o(.data)
    .data                                    0x2000015c   Section        4  errno.o(.data)
    _errno                                   0x2000015c   Data           4  errno.o(.data)
    .bss                                     0x20000160   Section       20  main.o(.bss)
    .bss                                     0x20000174   Section       18  communication.o(.bss)
    .bss                                     0x20000188   Section      160  6050.o(.bss)
    .bss                                     0x20000228   Section      132  imu.o(.bss)
    .bss                                     0x200002ac   Section      116  comunicatetask.o(.bss)
    .bss                                     0x20000320   Section      436  chassistask.o(.bss)
    .bss                                     0x200004d4   Section      192  referee.o(.bss)
    STACK                                    0x20000598   Section     2048  startup_stm32f40_41xxx.o(STACK)

    Global Symbols

    Symbol Name                              Value     Ov Type        Size  Object(Section)

    BuildAttributes$$THM_ISAv4$E$P$D$K$B$S$7EM$VFPi3$EXTD16$VFPS$VFMA$PE$A:L22UL41UL21$X:L11$S22US41US21$IEEE1$IW$USESV6$~STKCKD$USESV7$~SHL$OTIME$ROPI$IEEEX$EBA8$MICROLIB$REQ8$PRES8$EABIv2 0x00000000   Number         0  anon$$obj.o ABSOLUTE
    __ARM_use_no_argv                        0x00000000   Number         0  main.o ABSOLUTE
    __cpp_initialize__aeabi_                  - Undefined Weak Reference
    __cxa_finalize                            - Undefined Weak Reference
    _clock_init                               - Undefined Weak Reference
    _microlib_exit                            - Undefined Weak Reference
    __Vectors_Size                           0x00000188   Number         0  startup_stm32f40_41xxx.o ABSOLUTE
    __Vectors                                0x08000000   Data           4  startup_stm32f40_41xxx.o(RESET)
    __Vectors_End                            0x08000188   Data           0  startup_stm32f40_41xxx.o(RESET)
    __main                                   0x08000189   Thumb Code     0  entry.o(.ARM.Collect$$$$00000000)
    _main_stk                                0x08000189   Thumb Code     0  entry2.o(.ARM.Collect$$$$00000001)
    _main_scatterload                        0x0800018d   Thumb Code     0  entry5.o(.ARM.Collect$$$$00000004)
    __main_after_scatterload                 0x08000191   Thumb Code     0  entry5.o(.ARM.Collect$$$$00000004)
    _main_clock                              0x08000191   Thumb Code     0  entry7b.o(.ARM.Collect$$$$00000008)
    _main_cpp_init                           0x08000191   Thumb Code     0  entry8b.o(.ARM.Collect$$$$0000000A)
    _main_init                               0x08000191   Thumb Code     0  entry9a.o(.ARM.Collect$$$$0000000B)
    __rt_final_cpp                           0x08000199   Thumb Code     0  entry10a.o(.ARM.Collect$$$$0000000D)
    __rt_final_exit                          0x08000199   Thumb Code     0  entry11a.o(.ARM.Collect$$$$0000000F)
    main                                     0x0800019d   Thumb Code    32  main.o(.text)
    delay_init                               0x080001c1   Thumb Code    52  delay.o(.text)
    delay_us                                 0x080001f5   Thumb Code    70  delay.o(.text)
    delay_xms                                0x0800023b   Thumb Code    70  delay.o(.text)
    delay_ms                                 0x08000281   Thumb Code    56  delay.o(.text)
    boot                                     0x080002c1   Thumb Code    58  boot.o(.text)
    sysConfig                                0x080002fd   Thumb Code    58  clock.o(.text)
    clockConfig                              0x08000337   Thumb Code    98  clock.o(.text)
    TIM8_BRK_TIM12_IRQHandler                0x08000399   Thumb Code    38  clock.o(.text)
    Get_Time_Micros                          0x080003bf   Thumb Code     8  clock.o(.text)
    Steering_Config                          0x080003d5   Thumb Code   182  communication.o(.text)
    PMM_Init                                 0x0800048b   Thumb Code    42  communication.o(.text)
    can2Config                               0x080004b5   Thumb Code   232  communication.o(.text)
    remoteConfig                             0x0800059d   Thumb Code   266  communication.o(.text)
    USART1_IRQHandler                        0x080006a7   Thumb Code    98  communication.o(.text)
    CAN2_TX_IRQHandler                       0x08000709   Thumb Code    22  communication.o(.text)
    CAN2_RX0_IRQHandler                      0x0800071f   Thumb Code    44  communication.o(.text)
    my_min                                   0x08000781   Thumb Code    26  myfunc.o(.text)
    my_max                                   0x0800079b   Thumb Code    26  myfunc.o(.text)
    amplitudeLimiting                        0x080007b5   Thumb Code    54  myfunc.o(.text)
    Subsection_PID                           0x080007eb   Thumb Code   126  myfunc.o(.text)
    Subsection_PID_v2                        0x08000869   Thumb Code   164  myfunc.o(.text)
    InitMPU6050                              0x0800090d   Thumb Code   164  6050.o(.text)
    MPU6050_Read                             0x080009b1   Thumb Code   148  6050.o(.text)
    Gyro_OFFEST                              0x08000a45   Thumb Code   248  6050.o(.text)
    I2C_INIT                                 0x08000b51   Thumb Code    82  i2c.o(.text)
    I2C_delay                                0x08000ba3   Thumb Code    14  i2c.o(.text)
    delay5ms                                 0x08000bb1   Thumb Code    14  i2c.o(.text)
    I2C_Start                                0x08000bbf   Thumb Code    90  i2c.o(.text)
    I2C_Stop                                 0x08000c19   Thumb Code    60  i2c.o(.text)
    I2C_Ack                                  0x08000c55   Thumb Code    60  i2c.o(.text)
    I2C_NoAck                                0x08000c91   Thumb Code    60  i2c.o(.text)
    I2C_WaitAck                              0x08000ccd   Thumb Code    92  i2c.o(.text)
    I2C_SendByte                             0x08000d29   Thumb Code    94  i2c.o(.text)
    I2C_RadeByte                             0x08000d87   Thumb Code    88  i2c.o(.text)
    Single_Write                             0x08000ddf   Thumb Code    70  i2c.o(.text)
    Single_Write_MS5611                      0x08000e25   Thumb Code    58  i2c.o(.text)
    Single_Read                              0x08000e5f   Thumb Code    80  i2c.o(.text)
    invSqrt                                  0x08000eb5   Thumb Code    56  imu.o(.text)
    IMUupdate                                0x08000eed   Thumb Code  1580  imu.o(.text)
    readIMU                                  0x080018f5   Thumb Code   566  imu.o(.text)
    imu                                      0x08001b2b   Thumb Code   146  imu.o(.text)
    runControl                               0x08001cfd   Thumb Code   116  controltask.o(.text)
    RampCal                                  0x08001d85   Thumb Code   150  comunicatetask.o(.text)
    computerControl                          0x08001e1b   Thumb Code   496  comunicatetask.o(.text)
    remoteControl                            0x0800200b   Thumb Code   538  comunicatetask.o(.text)
    commuiModeChange                         0x08002225   Thumb Code    70  comunicatetask.o(.text)
    readRemote                               0x0800226b   Thumb Code   146  comunicatetask.o(.text)
    transferType                             0x080022fd   Thumb Code   230  comunicatetask.o(.text)
    canTrans                                 0x080023e3   Thumb Code    68  comunicatetask.o(.text)
    allParaInit                              0x0800243d   Thumb Code    88  chassistask.o(.text)
    wheelSolute                              0x08002495   Thumb Code   246  chassistask.o(.text)
    chassisControl                           0x0800258b   Thumb Code   232  chassistask.o(.text)
    pidGet                                   0x08002699   Thumb Code   466  pidtask.o(.text)
    refereeConfig                            0x08002881   Thumb Code   450  referee.o(.text)
    mainfoldConfig                           0x08002a43   Thumb Code   316  referee.o(.text)
    DMA1_Stream6_IRQHandler                  0x08002b7f   Thumb Code    42  referee.o(.text)
    New_Send_Data                            0x08002ba9   Thumb Code    54  referee.o(.text)
    send_odm_msg                             0x08002bdf   Thumb Code   190  referee.o(.text)
    send_check                               0x08002c9d   Thumb Code    80  referee.o(.text)
    USART3_IRQHandler                        0x08002ced   Thumb Code    74  referee.o(.text)
    USART2_IRQHandler                        0x08002d37   Thumb Code   696  referee.o(.text)
    Get_CRC16_Check_Sum                      0x08002fef   Thumb Code    46  referee.o(.text)
    Append_CRC16_Check_Sum                   0x0800301d   Thumb Code    44  referee.o(.text)
    Get_CRC8_Check_Sum                       0x08003049   Thumb Code    30  referee.o(.text)
    Append_CRC8_Check_Sum                    0x08003067   Thumb Code    36  referee.o(.text)
    SendtoReferee                            0x0800308b   Thumb Code    46  referee.o(.text)
    Verify_CRC8_Check_Sum                    0x080030b9   Thumb Code   136  referee.o(.text)
    Verify_CRC16_Check_Sum                   0x08003141   Thumb Code    60  referee.o(.text)
    Reset_Handler                            0x08003181   Thumb Code     8  startup_stm32f40_41xxx.o(.text)
    NMI_Handler                              0x08003189   Thumb Code     2  startup_stm32f40_41xxx.o(.text)
    HardFault_Handler                        0x0800318b   Thumb Code     2  startup_stm32f40_41xxx.o(.text)
    MemManage_Handler                        0x0800318d   Thumb Code     2  startup_stm32f40_41xxx.o(.text)
    BusFault_Handler                         0x0800318f   Thumb Code     2  startup_stm32f40_41xxx.o(.text)
    UsageFault_Handler                       0x08003191   Thumb Code     2  startup_stm32f40_41xxx.o(.text)
    SVC_Handler                              0x08003193   Thumb Code     2  startup_stm32f40_41xxx.o(.text)
    DebugMon_Handler                         0x08003195   Thumb Code     2  startup_stm32f40_41xxx.o(.text)
    PendSV_Handler                           0x08003197   Thumb Code     2  startup_stm32f40_41xxx.o(.text)
    SysTick_Handler                          0x08003199   Thumb Code     2  startup_stm32f40_41xxx.o(.text)
    ADC_IRQHandler                           0x0800319b   Thumb Code     0  startup_stm32f40_41xxx.o(.text)
    CAN1_RX0_IRQHandler                      0x0800319b   Thumb Code     0  startup_stm32f40_41xxx.o(.text)
    CAN1_RX1_IRQHandler                      0x0800319b   Thumb Code     0  startup_stm32f40_41xxx.o(.text)
    CAN1_SCE_IRQHandler                      0x0800319b   Thumb Code     0  startup_stm32f40_41xxx.o(.text)
    CAN1_TX_IRQHandler                       0x0800319b   Thumb Code     0  startup_stm32f40_41xxx.o(.text)
    CAN2_RX1_IRQHandler                      0x0800319b   Thumb Code     0  startup_stm32f40_41xxx.o(.text)
    CAN2_SCE_IRQHandler                      0x0800319b   Thumb Code     0  startup_stm32f40_41xxx.o(.text)
    CRYP_IRQHandler                          0x0800319b   Thumb Code     0  startup_stm32f40_41xxx.o(.text)
    DCMI_IRQHandler                          0x0800319b   Thumb Code     0  startup_stm32f40_41xxx.o(.text)
    DMA1_Stream0_IRQHandler                  0x0800319b   Thumb Code     0  startup_stm32f40_41xxx.o(.text)
    DMA1_Stream1_IRQHandler                  0x0800319b   Thumb Code     0  startup_stm32f40_41xxx.o(.text)
    DMA1_Stream2_IRQHandler                  0x0800319b   Thumb Code     0  startup_stm32f40_41xxx.o(.text)
    DMA1_Stream3_IRQHandler                  0x0800319b   Thumb Code     0  startup_stm32f40_41xxx.o(.text)
    DMA1_Stream4_IRQHandler                  0x0800319b   Thumb Code     0  startup_stm32f40_41xxx.o(.text)
    DMA1_Stream5_IRQHandler                  0x0800319b   Thumb Code     0  startup_stm32f40_41xxx.o(.text)
    DMA1_Stream7_IRQHandler                  0x0800319b   Thumb Code     0  startup_stm32f40_41xxx.o(.text)
    DMA2_Stream0_IRQHandler                  0x0800319b   Thumb Code     0  startup_stm32f40_41xxx.o(.text)
    DMA2_Stream1_IRQHandler                  0x0800319b   Thumb Code     0  startup_stm32f40_41xxx.o(.text)
    DMA2_Stream2_IRQHandler                  0x0800319b   Thumb Code     0  startup_stm32f40_41xxx.o(.text)
    DMA2_Stream3_IRQHandler                  0x0800319b   Thumb Code     0  startup_stm32f40_41xxx.o(.text)
    DMA2_Stream4_IRQHandler                  0x0800319b   Thumb Code     0  startup_stm32f40_41xxx.o(.text)
    DMA2_Stream5_IRQHandler                  0x0800319b   Thumb Code     0  startup_stm32f40_41xxx.o(.text)
    DMA2_Stream6_IRQHandler                  0x0800319b   Thumb Code     0  startup_stm32f40_41xxx.o(.text)
    DMA2_Stream7_IRQHandler                  0x0800319b   Thumb Code     0  startup_stm32f40_41xxx.o(.text)
    ETH_IRQHandler                           0x0800319b   Thumb Code     0  startup_stm32f40_41xxx.o(.text)
    ETH_WKUP_IRQHandler                      0x0800319b   Thumb Code     0  startup_stm32f40_41xxx.o(.text)
    EXTI0_IRQHandler                         0x0800319b   Thumb Code     0  startup_stm32f40_41xxx.o(.text)
    EXTI15_10_IRQHandler                     0x0800319b   Thumb Code     0  startup_stm32f40_41xxx.o(.text)
    EXTI1_IRQHandler                         0x0800319b   Thumb Code     0  startup_stm32f40_41xxx.o(.text)
    EXTI2_IRQHandler                         0x0800319b   Thumb Code     0  startup_stm32f40_41xxx.o(.text)
    EXTI3_IRQHandler                         0x0800319b   Thumb Code     0  startup_stm32f40_41xxx.o(.text)
    EXTI4_IRQHandler                         0x0800319b   Thumb Code     0  startup_stm32f40_41xxx.o(.text)
    EXTI9_5_IRQHandler                       0x0800319b   Thumb Code     0  startup_stm32f40_41xxx.o(.text)
    FLASH_IRQHandler                         0x0800319b   Thumb Code     0  startup_stm32f40_41xxx.o(.text)
    FPU_IRQHandler                           0x0800319b   Thumb Code     0  startup_stm32f40_41xxx.o(.text)
    FSMC_IRQHandler                          0x0800319b   Thumb Code     0  startup_stm32f40_41xxx.o(.text)
    HASH_RNG_IRQHandler                      0x0800319b   Thumb Code     0  startup_stm32f40_41xxx.o(.text)
    I2C1_ER_IRQHandler                       0x0800319b   Thumb Code     0  startup_stm32f40_41xxx.o(.text)
    I2C1_EV_IRQHandler                       0x0800319b   Thumb Code     0  startup_stm32f40_41xxx.o(.text)
    I2C2_ER_IRQHandler                       0x0800319b   Thumb Code     0  startup_stm32f40_41xxx.o(.text)
    I2C2_EV_IRQHandler                       0x0800319b   Thumb Code     0  startup_stm32f40_41xxx.o(.text)
    I2C3_ER_IRQHandler                       0x0800319b   Thumb Code     0  startup_stm32f40_41xxx.o(.text)
    I2C3_EV_IRQHandler                       0x0800319b   Thumb Code     0  startup_stm32f40_41xxx.o(.text)
    OTG_FS_IRQHandler                        0x0800319b   Thumb Code     0  startup_stm32f40_41xxx.o(.text)
    OTG_FS_WKUP_IRQHandler                   0x0800319b   Thumb Code     0  startup_stm32f40_41xxx.o(.text)
    OTG_HS_EP1_IN_IRQHandler                 0x0800319b   Thumb Code     0  startup_stm32f40_41xxx.o(.text)
    OTG_HS_EP1_OUT_IRQHandler                0x0800319b   Thumb Code     0  startup_stm32f40_41xxx.o(.text)
    OTG_HS_IRQHandler                        0x0800319b   Thumb Code     0  startup_stm32f40_41xxx.o(.text)
    OTG_HS_WKUP_IRQHandler                   0x0800319b   Thumb Code     0  startup_stm32f40_41xxx.o(.text)
    PVD_IRQHandler                           0x0800319b   Thumb Code     0  startup_stm32f40_41xxx.o(.text)
    RCC_IRQHandler                           0x0800319b   Thumb Code     0  startup_stm32f40_41xxx.o(.text)
    RTC_Alarm_IRQHandler                     0x0800319b   Thumb Code     0  startup_stm32f40_41xxx.o(.text)
    RTC_WKUP_IRQHandler                      0x0800319b   Thumb Code     0  startup_stm32f40_41xxx.o(.text)
    SDIO_IRQHandler                          0x0800319b   Thumb Code     0  startup_stm32f40_41xxx.o(.text)
    SPI1_IRQHandler                          0x0800319b   Thumb Code     0  startup_stm32f40_41xxx.o(.text)
    SPI2_IRQHandler                          0x0800319b   Thumb Code     0  startup_stm32f40_41xxx.o(.text)
    SPI3_IRQHandler                          0x0800319b   Thumb Code     0  startup_stm32f40_41xxx.o(.text)
    TAMP_STAMP_IRQHandler                    0x0800319b   Thumb Code     0  startup_stm32f40_41xxx.o(.text)
    TIM1_BRK_TIM9_IRQHandler                 0x0800319b   Thumb Code     0  startup_stm32f40_41xxx.o(.text)
    TIM1_CC_IRQHandler                       0x0800319b   Thumb Code     0  startup_stm32f40_41xxx.o(.text)
    TIM1_TRG_COM_TIM11_IRQHandler            0x0800319b   Thumb Code     0  startup_stm32f40_41xxx.o(.text)
    TIM1_UP_TIM10_IRQHandler                 0x0800319b   Thumb Code     0  startup_stm32f40_41xxx.o(.text)
    TIM2_IRQHandler                          0x0800319b   Thumb Code     0  startup_stm32f40_41xxx.o(.text)
    TIM3_IRQHandler                          0x0800319b   Thumb Code     0  startup_stm32f40_41xxx.o(.text)
    TIM4_IRQHandler                          0x0800319b   Thumb Code     0  startup_stm32f40_41xxx.o(.text)
    TIM5_IRQHandler                          0x0800319b   Thumb Code     0  startup_stm32f40_41xxx.o(.text)
    TIM6_DAC_IRQHandler                      0x0800319b   Thumb Code     0  startup_stm32f40_41xxx.o(.text)
    TIM7_IRQHandler                          0x0800319b   Thumb Code     0  startup_stm32f40_41xxx.o(.text)
    TIM8_CC_IRQHandler                       0x0800319b   Thumb Code     0  startup_stm32f40_41xxx.o(.text)
    TIM8_TRG_COM_TIM14_IRQHandler            0x0800319b   Thumb Code     0  startup_stm32f40_41xxx.o(.text)
    TIM8_UP_TIM13_IRQHandler                 0x0800319b   Thumb Code     0  startup_stm32f40_41xxx.o(.text)
    UART4_IRQHandler                         0x0800319b   Thumb Code     0  startup_stm32f40_41xxx.o(.text)
    UART5_IRQHandler                         0x0800319b   Thumb Code     0  startup_stm32f40_41xxx.o(.text)
    USART6_IRQHandler                        0x0800319b   Thumb Code     0  startup_stm32f40_41xxx.o(.text)
    WWDG_IRQHandler                          0x0800319b   Thumb Code     0  startup_stm32f40_41xxx.o(.text)
    NVIC_PriorityGroupConfig                 0x080031a5   Thumb Code    10  misc.o(.text)
    NVIC_Init                                0x080031af   Thumb Code   108  misc.o(.text)
    NVIC_SetVectorTable                      0x0800321b   Thumb Code    14  misc.o(.text)
    NVIC_SystemLPConfig                      0x08003229   Thumb Code    34  misc.o(.text)
    SysTick_CLKSourceConfig                  0x0800324b   Thumb Code    40  misc.o(.text)
    CAN_DeInit                               0x08003289   Thumb Code    50  stm32f4xx_can.o(.text)
    CAN_Init                                 0x080032bb   Thumb Code   276  stm32f4xx_can.o(.text)
    CAN_FilterInit                           0x080033cf   Thumb Code   258  stm32f4xx_can.o(.text)
    CAN_StructInit                           0x080034d1   Thumb Code    32  stm32f4xx_can.o(.text)
    CAN_SlaveStartBank                       0x080034f1   Thumb Code    48  stm32f4xx_can.o(.text)
    CAN_DBGFreeze                            0x08003521   Thumb Code    22  stm32f4xx_can.o(.text)
    CAN_TTComModeCmd                         0x08003537   Thumb Code   118  stm32f4xx_can.o(.text)
    CAN_Transmit                             0x080035ad   Thumb Code   304  stm32f4xx_can.o(.text)
    CAN_TransmitStatus                       0x080036dd   Thumb Code   138  stm32f4xx_can.o(.text)
    CAN_CancelTransmit                       0x08003767   Thumb Code    48  stm32f4xx_can.o(.text)
    CAN_Receive                              0x08003797   Thumb Code   240  stm32f4xx_can.o(.text)
    CAN_FIFORelease                          0x08003887   Thumb Code    22  stm32f4xx_can.o(.text)
    CAN_MessagePending                       0x0800389d   Thumb Code    30  stm32f4xx_can.o(.text)
    CAN_OperatingModeRequest                 0x080038bb   Thumb Code   162  stm32f4xx_can.o(.text)
    CAN_Sleep                                0x0800395d   Thumb Code    30  stm32f4xx_can.o(.text)
    CAN_WakeUp                               0x0800397b   Thumb Code    48  stm32f4xx_can.o(.text)
    CAN_GetLastErrorCode                     0x080039ab   Thumb Code    12  stm32f4xx_can.o(.text)
    CAN_GetReceiveErrorCounter               0x080039b7   Thumb Code    10  stm32f4xx_can.o(.text)
    CAN_GetLSBTransmitErrorCounter           0x080039c1   Thumb Code    12  stm32f4xx_can.o(.text)
    CAN_ITConfig                             0x080039cd   Thumb Code    18  stm32f4xx_can.o(.text)
    CAN_GetFlagStatus                        0x080039df   Thumb Code   120  stm32f4xx_can.o(.text)
    CAN_ClearFlag                            0x08003a57   Thumb Code    52  stm32f4xx_can.o(.text)
    CAN_GetITStatus                          0x08003a9b   Thumb Code   308  stm32f4xx_can.o(.text)
    CAN_ClearITPendingBit                    0x08003bcf   Thumb Code   162  stm32f4xx_can.o(.text)
    USART_DeInit                             0x08003c75   Thumb Code   206  stm32f4xx_usart.o(.text)
    USART_Init                               0x08003d43   Thumb Code   204  stm32f4xx_usart.o(.text)
    USART_StructInit                         0x08003e0f   Thumb Code    24  stm32f4xx_usart.o(.text)
    USART_ClockInit                          0x08003e27   Thumb Code    32  stm32f4xx_usart.o(.text)
    USART_ClockStructInit                    0x08003e47   Thumb Code    12  stm32f4xx_usart.o(.text)
    USART_Cmd                                0x08003e53   Thumb Code    24  stm32f4xx_usart.o(.text)
    USART_SetPrescaler                       0x08003e6b   Thumb Code    16  stm32f4xx_usart.o(.text)
    USART_OverSampling8Cmd                   0x08003e7b   Thumb Code    22  stm32f4xx_usart.o(.text)
    USART_OneBitMethodCmd                    0x08003e91   Thumb Code    24  stm32f4xx_usart.o(.text)
    USART_SendData                           0x08003ea9   Thumb Code     8  stm32f4xx_usart.o(.text)
    USART_ReceiveData                        0x08003eb1   Thumb Code    10  stm32f4xx_usart.o(.text)
    USART_SetAddress                         0x08003ebb   Thumb Code    18  stm32f4xx_usart.o(.text)
    USART_ReceiverWakeUpCmd                  0x08003ecd   Thumb Code    24  stm32f4xx_usart.o(.text)
    USART_WakeUpConfig                       0x08003ee5   Thumb Code    18  stm32f4xx_usart.o(.text)
    USART_LINBreakDetectLengthConfig         0x08003ef7   Thumb Code    18  stm32f4xx_usart.o(.text)
    USART_LINCmd                             0x08003f09   Thumb Code    24  stm32f4xx_usart.o(.text)
    USART_SendBreak                          0x08003f21   Thumb Code    10  stm32f4xx_usart.o(.text)
    USART_HalfDuplexCmd                      0x08003f2b   Thumb Code    24  stm32f4xx_usart.o(.text)
    USART_SetGuardTime                       0x08003f43   Thumb Code    16  stm32f4xx_usart.o(.text)
    USART_SmartCardCmd                       0x08003f53   Thumb Code    24  stm32f4xx_usart.o(.text)
    USART_SmartCardNACKCmd                   0x08003f6b   Thumb Code    24  stm32f4xx_usart.o(.text)
    USART_IrDAConfig                         0x08003f83   Thumb Code    18  stm32f4xx_usart.o(.text)
    USART_IrDACmd                            0x08003f95   Thumb Code    24  stm32f4xx_usart.o(.text)
    USART_DMACmd                             0x08003fad   Thumb Code    18  stm32f4xx_usart.o(.text)
    USART_ITConfig                           0x08003fbf   Thumb Code    74  stm32f4xx_usart.o(.text)
    USART_GetFlagStatus                      0x08004009   Thumb Code    26  stm32f4xx_usart.o(.text)
    USART_ClearFlag                          0x08004023   Thumb Code    18  stm32f4xx_usart.o(.text)
    USART_GetITStatus                        0x08004035   Thumb Code   118  stm32f4xx_usart.o(.text)
    USART_ClearITPendingBit                  0x080040ab   Thumb Code    30  stm32f4xx_usart.o(.text)
    SystemInit                               0x080041a3   Thumb Code    90  system_stm32f4xx.o(.text)
    SystemCoreClockUpdate                    0x080041fd   Thumb Code   174  system_stm32f4xx.o(.text)
    GPIO_DeInit                              0x080042d9   Thumb Code   268  stm32f4xx_gpio.o(.text)
    GPIO_Init                                0x080043e5   Thumb Code   144  stm32f4xx_gpio.o(.text)
    GPIO_StructInit                          0x08004475   Thumb Code    18  stm32f4xx_gpio.o(.text)
    GPIO_PinLockConfig                       0x08004487   Thumb Code    34  stm32f4xx_gpio.o(.text)
    GPIO_ReadInputDataBit                    0x080044a9   Thumb Code    18  stm32f4xx_gpio.o(.text)
    GPIO_ReadInputData                       0x080044bb   Thumb Code     8  stm32f4xx_gpio.o(.text)
    GPIO_ReadOutputDataBit                   0x080044c3   Thumb Code    18  stm32f4xx_gpio.o(.text)
    GPIO_ReadOutputData                      0x080044d5   Thumb Code     8  stm32f4xx_gpio.o(.text)
    GPIO_SetBits                             0x080044dd   Thumb Code     4  stm32f4xx_gpio.o(.text)
    GPIO_ResetBits                           0x080044e1   Thumb Code     4  stm32f4xx_gpio.o(.text)
    GPIO_WriteBit                            0x080044e5   Thumb Code    10  stm32f4xx_gpio.o(.text)
    GPIO_Write                               0x080044ef   Thumb Code     4  stm32f4xx_gpio.o(.text)
    GPIO_ToggleBits                          0x080044f3   Thumb Code     8  stm32f4xx_gpio.o(.text)
    GPIO_PinAFConfig                         0x080044fb   Thumb Code    70  stm32f4xx_gpio.o(.text)
    RCC_DeInit                               0x0800456d   Thumb Code    82  stm32f4xx_rcc.o(.text)
    RCC_HSEConfig                            0x080045bf   Thumb Code    14  stm32f4xx_rcc.o(.text)
    RCC_GetFlagStatus                        0x080045cd   Thumb Code    60  stm32f4xx_rcc.o(.text)
    RCC_WaitForHSEStartUp                    0x08004609   Thumb Code    56  stm32f4xx_rcc.o(.text)
    RCC_AdjustHSICalibrationValue            0x08004641   Thumb Code    20  stm32f4xx_rcc.o(.text)
    RCC_HSICmd                               0x08004655   Thumb Code     6  stm32f4xx_rcc.o(.text)
    RCC_LSEConfig                            0x0800465b   Thumb Code    46  stm32f4xx_rcc.o(.text)
    RCC_LSICmd                               0x08004689   Thumb Code     6  stm32f4xx_rcc.o(.text)
    RCC_PLLConfig                            0x0800468f   Thumb Code    32  stm32f4xx_rcc.o(.text)
    RCC_PLLCmd                               0x080046af   Thumb Code     6  stm32f4xx_rcc.o(.text)
    RCC_PLLI2SConfig                         0x080046b5   Thumb Code    14  stm32f4xx_rcc.o(.text)
    RCC_PLLI2SCmd                            0x080046c3   Thumb Code     6  stm32f4xx_rcc.o(.text)
    RCC_PLLSAIConfig                         0x080046c9   Thumb Code    20  stm32f4xx_rcc.o(.text)
    RCC_PLLSAICmd                            0x080046dd   Thumb Code     6  stm32f4xx_rcc.o(.text)
    RCC_ClockSecuritySystemCmd               0x080046e3   Thumb Code     6  stm32f4xx_rcc.o(.text)
    RCC_MCO1Config                           0x080046e9   Thumb Code    28  stm32f4xx_rcc.o(.text)
    RCC_MCO2Config                           0x08004705   Thumb Code    28  stm32f4xx_rcc.o(.text)
    RCC_SYSCLKConfig                         0x08004721   Thumb Code    20  stm32f4xx_rcc.o(.text)
    RCC_GetSYSCLKSource                      0x08004735   Thumb Code    12  stm32f4xx_rcc.o(.text)
    RCC_HCLKConfig                           0x08004741   Thumb Code    20  stm32f4xx_rcc.o(.text)
    RCC_PCLK1Config                          0x08004755   Thumb Code    20  stm32f4xx_rcc.o(.text)
    RCC_PCLK2Config                          0x08004769   Thumb Code    22  stm32f4xx_rcc.o(.text)
    RCC_GetClocksFreq                        0x0800477f   Thumb Code   222  stm32f4xx_rcc.o(.text)
    RCC_RTCCLKConfig                         0x0800485d   Thumb Code    54  stm32f4xx_rcc.o(.text)
    RCC_RTCCLKCmd                            0x08004893   Thumb Code     8  stm32f4xx_rcc.o(.text)
    RCC_BackupResetCmd                       0x0800489b   Thumb Code     8  stm32f4xx_rcc.o(.text)
    RCC_I2SCLKConfig                         0x080048a3   Thumb Code     6  stm32f4xx_rcc.o(.text)
    RCC_SAIPLLI2SClkDivConfig                0x080048a9   Thumb Code    26  stm32f4xx_rcc.o(.text)
    RCC_SAIPLLSAIClkDivConfig                0x080048c3   Thumb Code    28  stm32f4xx_rcc.o(.text)
    RCC_SAIBlockACLKConfig                   0x080048df   Thumb Code    20  stm32f4xx_rcc.o(.text)
    RCC_SAIBlockBCLKConfig                   0x080048f3   Thumb Code    20  stm32f4xx_rcc.o(.text)
    RCC_LTDCCLKDivConfig                     0x08004907   Thumb Code    20  stm32f4xx_rcc.o(.text)
    RCC_TIMCLKPresConfig                     0x0800491b   Thumb Code     6  stm32f4xx_rcc.o(.text)
    RCC_AHB1PeriphClockCmd                   0x08004921   Thumb Code    34  stm32f4xx_rcc.o(.text)
    RCC_AHB2PeriphClockCmd                   0x08004943   Thumb Code    78  stm32f4xx_rcc.o(.text)
    RCC_AHB3PeriphClockCmd                   0x08004991   Thumb Code    34  stm32f4xx_rcc.o(.text)
    RCC_APB1PeriphClockCmd                   0x080049b3   Thumb Code    34  stm32f4xx_rcc.o(.text)
    RCC_APB2PeriphClockCmd                   0x080049d5   Thumb Code    34  stm32f4xx_rcc.o(.text)
    RCC_AHB1PeriphResetCmd                   0x080049f7   Thumb Code    34  stm32f4xx_rcc.o(.text)
    RCC_AHB2PeriphResetCmd                   0x08004a19   Thumb Code    34  stm32f4xx_rcc.o(.text)
    RCC_AHB3PeriphResetCmd                   0x08004a3b   Thumb Code    34  stm32f4xx_rcc.o(.text)
    RCC_APB1PeriphResetCmd                   0x08004a5d   Thumb Code    34  stm32f4xx_rcc.o(.text)
    RCC_APB2PeriphResetCmd                   0x08004a7f   Thumb Code    34  stm32f4xx_rcc.o(.text)
    RCC_AHB1PeriphClockLPModeCmd             0x08004aa1   Thumb Code    34  stm32f4xx_rcc.o(.text)
    RCC_AHB2PeriphClockLPModeCmd             0x08004ac3   Thumb Code    34  stm32f4xx_rcc.o(.text)
    RCC_AHB3PeriphClockLPModeCmd             0x08004ae5   Thumb Code    34  stm32f4xx_rcc.o(.text)
    RCC_APB1PeriphClockLPModeCmd             0x08004b07   Thumb Code    34  stm32f4xx_rcc.o(.text)
    RCC_APB2PeriphClockLPModeCmd             0x08004b29   Thumb Code    34  stm32f4xx_rcc.o(.text)
    RCC_LSEModeConfig                        0x08004b4b   Thumb Code    40  stm32f4xx_rcc.o(.text)
    RCC_ITConfig                             0x08004b73   Thumb Code    34  stm32f4xx_rcc.o(.text)
    RCC_ClearFlag                            0x08004b95   Thumb Code    18  stm32f4xx_rcc.o(.text)
    RCC_GetITStatus                          0x08004ba7   Thumb Code    22  stm32f4xx_rcc.o(.text)
    RCC_ClearITPendingBit                    0x08004bbd   Thumb Code     8  stm32f4xx_rcc.o(.text)
    TIM_DeInit                               0x08004bc9   Thumb Code   346  stm32f4xx_tim.o(.text)
    TIM_TimeBaseInit                         0x08004d23   Thumb Code   104  stm32f4xx_tim.o(.text)
    TIM_TimeBaseStructInit                   0x08004d8b   Thumb Code    18  stm32f4xx_tim.o(.text)
    TIM_PrescalerConfig                      0x08004d9d   Thumb Code     6  stm32f4xx_tim.o(.text)
    TIM_CounterModeConfig                    0x08004da3   Thumb Code    18  stm32f4xx_tim.o(.text)
    TIM_SetCounter                           0x08004db5   Thumb Code     4  stm32f4xx_tim.o(.text)
    TIM_SetAutoreload                        0x08004db9   Thumb Code     4  stm32f4xx_tim.o(.text)
    TIM_GetCounter                           0x08004dbd   Thumb Code     6  stm32f4xx_tim.o(.text)
    TIM_GetPrescaler                         0x08004dc3   Thumb Code     6  stm32f4xx_tim.o(.text)
    TIM_UpdateDisableConfig                  0x08004dc9   Thumb Code    24  stm32f4xx_tim.o(.text)
    TIM_UpdateRequestConfig                  0x08004de1   Thumb Code    24  stm32f4xx_tim.o(.text)
    TIM_ARRPreloadConfig                     0x08004df9   Thumb Code    24  stm32f4xx_tim.o(.text)
    TIM_SelectOnePulseMode                   0x08004e11   Thumb Code    18  stm32f4xx_tim.o(.text)
    TIM_SetClockDivision                     0x08004e23   Thumb Code    18  stm32f4xx_tim.o(.text)
    TIM_Cmd                                  0x08004e35   Thumb Code    24  stm32f4xx_tim.o(.text)
    TIM_OC1Init                              0x08004e4d   Thumb Code   114  stm32f4xx_tim.o(.text)
    TIM_OC2Init                              0x08004ebf   Thumb Code   154  stm32f4xx_tim.o(.text)
    TIM_OC3Init                              0x08004f59   Thumb Code   204  stm32f4xx_tim.o(.text)
    TIM_OC4Init                              0x08005025   Thumb Code   112  stm32f4xx_tim.o(.text)
    TIM_OCStructInit                         0x08005095   Thumb Code    20  stm32f4xx_tim.o(.text)
    TIM_SelectOCxM                           0x080050a9   Thumb Code    86  stm32f4xx_tim.o(.text)
    TIM_SetCompare1                          0x080050ff   Thumb Code     4  stm32f4xx_tim.o(.text)
    TIM_SetCompare2                          0x08005103   Thumb Code     4  stm32f4xx_tim.o(.text)
    TIM_SetCompare3                          0x08005107   Thumb Code     4  stm32f4xx_tim.o(.text)
    TIM_SetCompare4                          0x0800510b   Thumb Code     4  stm32f4xx_tim.o(.text)
    TIM_ForcedOC1Config                      0x0800510f   Thumb Code    18  stm32f4xx_tim.o(.text)
    TIM_ForcedOC2Config                      0x08005121   Thumb Code    26  stm32f4xx_tim.o(.text)
    TIM_ForcedOC3Config                      0x0800513b   Thumb Code    18  stm32f4xx_tim.o(.text)
    TIM_ForcedOC4Config                      0x0800514d   Thumb Code    26  stm32f4xx_tim.o(.text)
    TIM_OC1PreloadConfig                     0x08005167   Thumb Code    18  stm32f4xx_tim.o(.text)
    TIM_OC2PreloadConfig                     0x08005179   Thumb Code    26  stm32f4xx_tim.o(.text)
    TIM_OC3PreloadConfig                     0x08005193   Thumb Code    18  stm32f4xx_tim.o(.text)
    TIM_OC4PreloadConfig                     0x080051a5   Thumb Code    26  stm32f4xx_tim.o(.text)
    TIM_OC1FastConfig                        0x080051bf   Thumb Code    18  stm32f4xx_tim.o(.text)
    TIM_OC2FastConfig                        0x080051d1   Thumb Code    26  stm32f4xx_tim.o(.text)
    TIM_OC3FastConfig                        0x080051eb   Thumb Code    18  stm32f4xx_tim.o(.text)
    TIM_OC4FastConfig                        0x080051fd   Thumb Code    26  stm32f4xx_tim.o(.text)
    TIM_ClearOC1Ref                          0x08005217   Thumb Code    18  stm32f4xx_tim.o(.text)
    TIM_ClearOC2Ref                          0x08005229   Thumb Code    24  stm32f4xx_tim.o(.text)
    TIM_ClearOC3Ref                          0x08005241   Thumb Code    18  stm32f4xx_tim.o(.text)
    TIM_ClearOC4Ref                          0x08005253   Thumb Code    24  stm32f4xx_tim.o(.text)
    TIM_OC1PolarityConfig                    0x0800526b   Thumb Code    18  stm32f4xx_tim.o(.text)
    TIM_OC1NPolarityConfig                   0x0800527d   Thumb Code    18  stm32f4xx_tim.o(.text)
    TIM_OC2PolarityConfig                    0x0800528f   Thumb Code    26  stm32f4xx_tim.o(.text)
    TIM_OC2NPolarityConfig                   0x080052a9   Thumb Code    26  stm32f4xx_tim.o(.text)
    TIM_OC3PolarityConfig                    0x080052c3   Thumb Code    26  stm32f4xx_tim.o(.text)
    TIM_OC3NPolarityConfig                   0x080052dd   Thumb Code    26  stm32f4xx_tim.o(.text)
    TIM_OC4PolarityConfig                    0x080052f7   Thumb Code    26  stm32f4xx_tim.o(.text)
    TIM_CCxCmd                               0x08005311   Thumb Code    30  stm32f4xx_tim.o(.text)
    TIM_CCxNCmd                              0x0800532f   Thumb Code    30  stm32f4xx_tim.o(.text)
    TIM_SetIC4Prescaler                      0x0800534d   Thumb Code    26  stm32f4xx_tim.o(.text)
    TIM_SetIC3Prescaler                      0x080053b7   Thumb Code    18  stm32f4xx_tim.o(.text)
    TIM_SetIC2Prescaler                      0x08005411   Thumb Code    26  stm32f4xx_tim.o(.text)
    TIM_SetIC1Prescaler                      0x08005485   Thumb Code    18  stm32f4xx_tim.o(.text)
    TIM_ICInit                               0x080054d1   Thumb Code   110  stm32f4xx_tim.o(.text)
    TIM_ICStructInit                         0x0800553f   Thumb Code    18  stm32f4xx_tim.o(.text)
    TIM_PWMIConfig                           0x08005551   Thumb Code   124  stm32f4xx_tim.o(.text)
    TIM_GetCapture1                          0x080055cd   Thumb Code     6  stm32f4xx_tim.o(.text)
    TIM_GetCapture2                          0x080055d3   Thumb Code     6  stm32f4xx_tim.o(.text)
    TIM_GetCapture3                          0x080055d9   Thumb Code     6  stm32f4xx_tim.o(.text)
    TIM_GetCapture4                          0x080055df   Thumb Code     6  stm32f4xx_tim.o(.text)
    TIM_BDTRConfig                           0x080055e5   Thumb Code    32  stm32f4xx_tim.o(.text)
    TIM_BDTRStructInit                       0x08005605   Thumb Code    18  stm32f4xx_tim.o(.text)
    TIM_CtrlPWMOutputs                       0x08005617   Thumb Code    30  stm32f4xx_tim.o(.text)
    TIM_SelectCOM                            0x08005635   Thumb Code    24  stm32f4xx_tim.o(.text)
    TIM_CCPreloadControl                     0x0800564d   Thumb Code    24  stm32f4xx_tim.o(.text)
    TIM_ITConfig                             0x08005665   Thumb Code    18  stm32f4xx_tim.o(.text)
    TIM_GenerateEvent                        0x08005677   Thumb Code     4  stm32f4xx_tim.o(.text)
    TIM_GetFlagStatus                        0x0800567b   Thumb Code    18  stm32f4xx_tim.o(.text)
    TIM_ClearFlag                            0x0800568d   Thumb Code     6  stm32f4xx_tim.o(.text)
    TIM_GetITStatus                          0x08005693   Thumb Code    34  stm32f4xx_tim.o(.text)
    TIM_ClearITPendingBit                    0x080056b5   Thumb Code     6  stm32f4xx_tim.o(.text)
    TIM_DMAConfig                            0x080056bb   Thumb Code    10  stm32f4xx_tim.o(.text)
    TIM_DMACmd                               0x080056c5   Thumb Code    18  stm32f4xx_tim.o(.text)
    TIM_SelectCCDMA                          0x080056d7   Thumb Code    24  stm32f4xx_tim.o(.text)
    TIM_InternalClockConfig                  0x080056ef   Thumb Code    12  stm32f4xx_tim.o(.text)
    TIM_SelectInputTrigger                   0x080056fb   Thumb Code    18  stm32f4xx_tim.o(.text)
    TIM_ITRxExternalClockConfig              0x0800570d   Thumb Code    24  stm32f4xx_tim.o(.text)
    TIM_TIxExternalClockConfig               0x08005725   Thumb Code    62  stm32f4xx_tim.o(.text)
    TIM_ETRConfig                            0x08005763   Thumb Code    28  stm32f4xx_tim.o(.text)
    TIM_ETRClockMode1Config                  0x0800577f   Thumb Code    54  stm32f4xx_tim.o(.text)
    TIM_ETRClockMode2Config                  0x080057b5   Thumb Code    32  stm32f4xx_tim.o(.text)
    TIM_SelectOutputTrigger                  0x080057d5   Thumb Code    18  stm32f4xx_tim.o(.text)
    TIM_SelectSlaveMode                      0x080057e7   Thumb Code    18  stm32f4xx_tim.o(.text)
    TIM_SelectMasterSlaveMode                0x080057f9   Thumb Code    18  stm32f4xx_tim.o(.text)
    TIM_EncoderInterfaceConfig               0x0800580b   Thumb Code    66  stm32f4xx_tim.o(.text)
    TIM_SelectHallSensor                     0x0800584d   Thumb Code    24  stm32f4xx_tim.o(.text)
    TIM_RemapConfig                          0x08005865   Thumb Code     6  stm32f4xx_tim.o(.text)
    DMA_DeInit                               0x0800586d   Thumb Code   324  stm32f4xx_dma.o(.text)
    DMA_Init                                 0x080059b1   Thumb Code    82  stm32f4xx_dma.o(.text)
    DMA_StructInit                           0x08005a03   Thumb Code    34  stm32f4xx_dma.o(.text)
    DMA_Cmd                                  0x08005a25   Thumb Code    22  stm32f4xx_dma.o(.text)
    DMA_PeriphIncOffsetSizeConfig            0x08005a3b   Thumb Code    22  stm32f4xx_dma.o(.text)
    DMA_FlowControllerConfig                 0x08005a51   Thumb Code    22  stm32f4xx_dma.o(.text)
    DMA_SetCurrDataCounter                   0x08005a67   Thumb Code     4  stm32f4xx_dma.o(.text)
    DMA_GetCurrDataCounter                   0x08005a6b   Thumb Code     8  stm32f4xx_dma.o(.text)
    DMA_DoubleBufferModeConfig               0x08005a73   Thumb Code    24  stm32f4xx_dma.o(.text)
    DMA_DoubleBufferModeCmd                  0x08005a8b   Thumb Code    22  stm32f4xx_dma.o(.text)
    DMA_MemoryTargetConfig                   0x08005aa1   Thumb Code    10  stm32f4xx_dma.o(.text)
    DMA_GetCurrentMemoryTarget               0x08005aab   Thumb Code    20  stm32f4xx_dma.o(.text)
    DMA_GetCmdStatus                         0x08005abf   Thumb Code    20  stm32f4xx_dma.o(.text)
    DMA_GetFIFOStatus                        0x08005ad3   Thumb Code    12  stm32f4xx_dma.o(.text)
    DMA_GetFlagStatus                        0x08005adf   Thumb Code    54  stm32f4xx_dma.o(.text)
    DMA_ClearFlag                            0x08005b15   Thumb Code    40  stm32f4xx_dma.o(.text)
    DMA_ITConfig                             0x08005b3d   Thumb Code    58  stm32f4xx_dma.o(.text)
    DMA_GetITStatus                          0x08005b77   Thumb Code    82  stm32f4xx_dma.o(.text)
    DMA_ClearITPendingBit                    0x08005bc9   Thumb Code    40  stm32f4xx_dma.o(.text)
    __aeabi_memcpy                           0x08005c11   Thumb Code    36  memcpya.o(.text)
    __aeabi_memcpy4                          0x08005c11   Thumb Code     0  memcpya.o(.text)
    __aeabi_memcpy8                          0x08005c11   Thumb Code     0  memcpya.o(.text)
    __aeabi_memset                           0x08005c35   Thumb Code    14  memseta.o(.text)
    __aeabi_memset4                          0x08005c35   Thumb Code     0  memseta.o(.text)
    __aeabi_memset8                          0x08005c35   Thumb Code     0  memseta.o(.text)
    __aeabi_memclr                           0x08005c43   Thumb Code     4  memseta.o(.text)
    __aeabi_memclr4                          0x08005c43   Thumb Code     0  memseta.o(.text)
    __aeabi_memclr8                          0x08005c43   Thumb Code     0  memseta.o(.text)
    _memset$wrapper                          0x08005c47   Thumb Code    18  memseta.o(.text)
    __aeabi_dadd                             0x08005c59   Thumb Code   322  dadd.o(.text)
    __aeabi_dsub                             0x08005d9b   Thumb Code     6  dadd.o(.text)
    __aeabi_drsub                            0x08005da1   Thumb Code     6  dadd.o(.text)
    __aeabi_dmul                             0x08005da7   Thumb Code   228  dmul.o(.text)
    __aeabi_ddiv                             0x08005e8b   Thumb Code   222  ddiv.o(.text)
    __aeabi_i2d                              0x08005f69   Thumb Code    34  dflti.o(.text)
    __aeabi_d2iz                             0x08005f8b   Thumb Code    62  dfixi.o(.text)
    __aeabi_f2d                              0x08005fc9   Thumb Code    38  f2d.o(.text)
    __aeabi_d2f                              0x08005fef   Thumb Code    56  d2f.o(.text)
    __aeabi_llsl                             0x08006027   Thumb Code    30  llshl.o(.text)
    _ll_shift_l                              0x08006027   Thumb Code     0  llshl.o(.text)
    __aeabi_llsr                             0x08006045   Thumb Code    32  llushr.o(.text)
    _ll_ushift_r                             0x08006045   Thumb Code     0  llushr.o(.text)
    __aeabi_lasr                             0x08006065   Thumb Code    36  llsshr.o(.text)
    _ll_sshift_r                             0x08006065   Thumb Code     0  llsshr.o(.text)
    __I$use$fp                               0x08006089   Thumb Code     0  iusefp.o(.text)
    _float_round                             0x08006089   Thumb Code    18  fepilogue.o(.text)
    _float_epilogue                          0x0800609b   Thumb Code    90  fepilogue.o(.text)
    _double_round                            0x080060f5   Thumb Code    26  depilogue.o(.text)
    _double_epilogue                         0x0800610f   Thumb Code   164  depilogue.o(.text)
    __aeabi_cdcmpeq                          0x080061b5   Thumb Code     0  cdcmple.o(.text)
    __aeabi_cdcmple                          0x080061b5   Thumb Code    38  cdcmple.o(.text)
    __aeabi_cdrcmple                         0x080061dd   Thumb Code    38  cdrcmple.o(.text)
    __scatterload                            0x08006205   Thumb Code    28  init.o(.text)
    __scatterload_rt2                        0x08006205   Thumb Code     0  init.o(.text)
    _dsqrt                                   0x08006229   Thumb Code   162  dsqrt.o(.text)
    __decompress                             0x080062cb   Thumb Code     0  __dczerorl2.o(.text)
    __decompress1                            0x080062cb   Thumb Code    92  __dczerorl2.o(.text)
    __ARM_fpclassify                         0x08006327   Thumb Code    48  fpclassify.o(i.__ARM_fpclassify)
    __hardfp_asin                            0x08006359   Thumb Code   774  asin.o(i.__hardfp_asin)
    __hardfp_atan                            0x080066c9   Thumb Code   636  atan.o(i.__hardfp_atan)
    __hardfp_atan2                           0x080069b1   Thumb Code   416  atan2.o(i.__hardfp_atan2)
    __hardfp_exp                             0x08006b91   Thumb Code   726  exp.o(i.__hardfp_exp)
    __kernel_poly                            0x08006ef9   Thumb Code   248  poly.o(i.__kernel_poly)
    __mathlib_dbl_underflow                  0x08006ff1   Thumb Code    24  dunder.o(i.__mathlib_dbl_underflow)
    __scatterload_copy                       0x08007011   Thumb Code    14  handlers.o(i.__scatterload_copy)
    __scatterload_null                       0x0800701f   Thumb Code     2  handlers.o(i.__scatterload_null)
    __scatterload_zeroinit                   0x08007021   Thumb Code    14  handlers.o(i.__scatterload_zeroinit)
    __set_errno                              0x08007031   Thumb Code     6  errno.o(i.__set_errno)
    atan                                     0x0800703d   Thumb Code    16  atan.o(i.atan)
    fabs                                     0x0800704d   Thumb Code    32  fabs.o(i.fabs)
    sqrt                                     0x0800706d   Thumb Code   110  sqrt.o(i.sqrt)
    CRC8_INIT                                0x080070da   Data           1  referee.o(.constdata)
    CRC8_TAB                                 0x080070db   Data         256  referee.o(.constdata)
    wCRC_Table                               0x080071dc   Data         512  referee.o(.constdata)
    __mathlib_zero                           0x08007520   Data           8  qnan.o(.constdata)
    Region$$Table$$Base                      0x08007528   Number         0  anon$$obj.o(Region$$Table)
    Region$$Table$$Limit                     0x08007548   Number         0  anon$$obj.o(Region$$Table)
    TAddr                                    0x20000008   Data           1  6050.o(.data)
    q0                                       0x20000010   Data           4  imu.o(.data)
    q1                                       0x20000014   Data           4  imu.o(.data)
    q2                                       0x20000018   Data           4  imu.o(.data)
    q3                                       0x2000001c   Data           4  imu.o(.data)
    exInt                                    0x20000020   Data           4  imu.o(.data)
    eyInt                                    0x20000024   Data           4  imu.o(.data)
    ezInt                                    0x20000028   Data           4  imu.o(.data)
    Q                                        0x2000002c   Data           4  imu.o(.data)
    R                                        0x20000030   Data           4  imu.o(.data)
    mpu6050_error_flag                       0x20000034   Data           1  imu.o(.data)
    lastUpdate                               0x20000078   Data           4  imu.o(.data)
    now                                      0x2000007c   Data           4  imu.o(.data)
    sys                                      0x20000080   Data           3  controltask.o(.data)
    output                                   0x20000084   Data           8  controltask.o(.data)
    flag                                     0x2000008c   Data           4  controltask.o(.data)
    duoji_flag                               0x20000090   Data           4  controltask.o(.data)
    speed                                    0x20000094   Data           8  comunicatetask.o(.data)
    wheelpid                                 0x200000a0   Data          28  chassistask.o(.data)
    chassispid_core                          0x200000bc   Data          28  chassistask.o(.data)
    chassispid_shell                         0x200000d8   Data          28  chassistask.o(.data)
    recieveData                              0x200000f4   Data           4  referee.o(.data)
    Flag_Uart_Busy                           0x200000f8   Data           1  referee.o(.data)
    dara                                     0x200000fc   Data           4  referee.o(.data)
    time_count                               0x20000100   Data           4  referee.o(.data)
    CRC_INIT                                 0x20000104   Data           2  referee.o(.data)
    Judgment_02_data                         0x20000110   Data           6  referee.o(.data)
    temp_V                                   0x20000118   Data           4  referee.o(.data)
    temp_A                                   0x2000011c   Data           4  referee.o(.data)
    temp_W                                   0x20000120   Data           4  referee.o(.data)
    temp_J                                   0x20000124   Data           4  referee.o(.data)
    temp_ss                                  0x20000128   Data           4  referee.o(.data)
    temp_sf                                  0x2000012c   Data           4  referee.o(.data)
    temp_bs                                  0x20000130   Data           4  referee.o(.data)
    temp_bf                                  0x20000134   Data           4  referee.o(.data)
    SystemCoreClock                          0x20000138   Data           4  system_stm32f4xx.o(.data)
    AHBPrescTable                            0x2000013c   Data          16  system_stm32f4xx.o(.data)
    Send_data                                0x20000160   Data          20  main.o(.bss)
    sbus_rx_buffer                           0x20000174   Data          18  communication.o(.bss)
    sensor                                   0x20000188   Data          72  6050.o(.bss)
    sensor2                                  0x200001d0   Data          72  6050.o(.bss)
    mpu6050_buffer                           0x20000218   Data          16  6050.o(.bss)
    angle                                    0x20000228   Data          12  imu.o(.bss)
    Gyro_File_Buf                            0x20000234   Data         120  imu.o(.bss)
    key                                      0x200002ac   Data          56  comunicatetask.o(.bss)
    remote                                   0x200002e4   Data          20  comunicatetask.o(.bss)
    canM                                     0x200002f8   Data          40  comunicatetask.o(.bss)
    wheelInfo                                0x20000320   Data         256  chassistask.o(.bss)
    chassisPara                              0x20000420   Data         180  chassistask.o(.bss)
    meta_data                                0x200004d4   Data          80  referee.o(.bss)
    Judgment_01_data                         0x20000524   Data          24  referee.o(.bss)
    Judgment_03_data                         0x2000053c   Data          16  referee.o(.bss)
    Judgment_04_data                         0x2000054c   Data          22  referee.o(.bss)
    Tx_Buf                                   0x20000562   Data          25  referee.o(.bss)
    re_data                                  0x2000057b   Data          25  referee.o(.bss)
    __initial_sp                             0x20000d98   Data           0  startup_stm32f40_41xxx.o(STACK)



==============================================================================

Memory Map of the image

  Image Entry point : 0x08000189

  Load Region LR_IROM1 (Base: 0x08000000, Size: 0x000076a8, Max: 0x00100000, ABSOLUTE, COMPRESSED[0x000075a4])

    Execution Region ER_IROM1 (Base: 0x08000000, Size: 0x00007548, Max: 0x00100000, ABSOLUTE)

    Base Addr    Size         Type   Attr      Idx    E Section Name        Object

    0x08000000   0x00000188   Data   RO          591    RESET               startup_stm32f40_41xxx.o
    0x08000188   0x00000000   Code   RO          904  * .ARM.Collect$$$$00000000  mc_w.l(entry.o)
    0x08000188   0x00000004   Code   RO          968    .ARM.Collect$$$$00000001  mc_w.l(entry2.o)
    0x0800018c   0x00000004   Code   RO          971    .ARM.Collect$$$$00000004  mc_w.l(entry5.o)
    0x08000190   0x00000000   Code   RO          973    .ARM.Collect$$$$00000008  mc_w.l(entry7b.o)
    0x08000190   0x00000000   Code   RO          975    .ARM.Collect$$$$0000000A  mc_w.l(entry8b.o)
    0x08000190   0x00000008   Code   RO          976    .ARM.Collect$$$$0000000B  mc_w.l(entry9a.o)
    0x08000198   0x00000000   Code   RO          978    .ARM.Collect$$$$0000000D  mc_w.l(entry10a.o)
    0x08000198   0x00000000   Code   RO          980    .ARM.Collect$$$$0000000F  mc_w.l(entry11a.o)
    0x08000198   0x00000004   Code   RO          969    .ARM.Collect$$$$00002712  mc_w.l(entry2.o)
    0x0800019c   0x00000024   Code   RO            3    .text               main.o
    0x080001c0   0x00000100   Code   RO          216    .text               delay.o
    0x080002c0   0x0000003a   Code   RO          238    .text               boot.o
    0x080002fa   0x00000002   PAD
    0x080002fc   0x000000d8   Code   RO          258    .text               clock.o
    0x080003d4   0x000003ac   Code   RO          278    .text               communication.o
    0x08000780   0x0000018c   Code   RO          302    .text               myfunc.o
    0x0800090c   0x00000244   Code   RO          345    .text               6050.o
    0x08000b50   0x00000364   Code   RO          372    .text               i2c.o
    0x08000eb4   0x00000e48   Code   RO          392    .text               imu.o
    0x08001cfc   0x00000088   Code   RO          419    .text               controltask.o
    0x08001d84   0x000006b8   Code   RO          445    .text               comunicatetask.o
    0x0800243c   0x0000025c   Code   RO          472    .text               chassistask.o
    0x08002698   0x000001e8   Code   RO          523    .text               pidtask.o
    0x08002880   0x00000900   Code   RO          563    .text               referee.o
    0x08003180   0x00000024   Code   RO          592    .text               startup_stm32f40_41xxx.o
    0x080031a4   0x000000e4   Code   RO          598    .text               misc.o
    0x08003288   0x000009ec   Code   RO          638    .text               stm32f4xx_can.o
    0x08003c74   0x00000454   Code   RO          658    .text               stm32f4xx_usart.o
    0x080040c8   0x00000210   Code   RO          678    .text               system_stm32f4xx.o
    0x080042d8   0x00000294   Code   RO          744    .text               stm32f4xx_gpio.o
    0x0800456c   0x0000065c   Code   RO          784    .text               stm32f4xx_rcc.o
    0x08004bc8   0x00000ca2   Code   RO          826    .text               stm32f4xx_tim.o
    0x0800586a   0x00000002   PAD
    0x0800586c   0x000003a4   Code   RO          846    .text               stm32f4xx_dma.o
    0x08005c10   0x00000024   Code   RO          907    .text               mc_w.l(memcpya.o)
    0x08005c34   0x00000024   Code   RO          909    .text               mc_w.l(memseta.o)
    0x08005c58   0x0000014e   Code   RO          913    .text               mf_w.l(dadd.o)
    0x08005da6   0x000000e4   Code   RO          915    .text               mf_w.l(dmul.o)
    0x08005e8a   0x000000de   Code   RO          917    .text               mf_w.l(ddiv.o)
    0x08005f68   0x00000022   Code   RO          921    .text               mf_w.l(dflti.o)
    0x08005f8a   0x0000003e   Code   RO          923    .text               mf_w.l(dfixi.o)
    0x08005fc8   0x00000026   Code   RO          925    .text               mf_w.l(f2d.o)
    0x08005fee   0x00000038   Code   RO          927    .text               mf_w.l(d2f.o)
    0x08006026   0x0000001e   Code   RO          982    .text               mc_w.l(llshl.o)
    0x08006044   0x00000020   Code   RO          984    .text               mc_w.l(llushr.o)
    0x08006064   0x00000024   Code   RO          986    .text               mc_w.l(llsshr.o)
    0x08006088   0x00000000   Code   RO          995    .text               mc_w.l(iusefp.o)
    0x08006088   0x0000006c   Code   RO          996    .text               mf_w.l(fepilogue.o)
    0x080060f4   0x000000be   Code   RO          998    .text               mf_w.l(depilogue.o)
    0x080061b2   0x00000002   PAD
    0x080061b4   0x00000028   Code   RO         1000    .text               mf_w.l(cdcmple.o)
    0x080061dc   0x00000028   Code   RO         1002    .text               mf_w.l(cdrcmple.o)
    0x08006204   0x00000024   Code   RO         1004    .text               mc_w.l(init.o)
    0x08006228   0x000000a2   Code   RO         1006    .text               mf_w.l(dsqrt.o)
    0x080062ca   0x0000005c   Code   RO         1016    .text               mc_w.l(__dczerorl2.o)
    0x08006326   0x00000030   Code   RO          951    i.__ARM_fpclassify  m_wm.l(fpclassify.o)
    0x08006356   0x00000002   PAD
    0x08006358   0x00000370   Code   RO          864    i.__hardfp_asin     m_wm.l(asin.o)
    0x080066c8   0x000002e8   Code   RO          929    i.__hardfp_atan     m_wm.l(atan.o)
    0x080069b0   0x000001e0   Code   RO          878    i.__hardfp_atan2    m_wm.l(atan2.o)
    0x08006b90   0x00000368   Code   RO          890    i.__hardfp_exp      m_wm.l(exp.o)
    0x08006ef8   0x000000f8   Code   RO          953    i.__kernel_poly     m_wm.l(poly.o)
    0x08006ff0   0x00000020   Code   RO          943    i.__mathlib_dbl_underflow  m_wm.l(dunder.o)
    0x08007010   0x0000000e   Code   RO         1010    i.__scatterload_copy  mc_w.l(handlers.o)
    0x0800701e   0x00000002   Code   RO         1011    i.__scatterload_null  mc_w.l(handlers.o)
    0x08007020   0x0000000e   Code   RO         1012    i.__scatterload_zeroinit  mc_w.l(handlers.o)
    0x0800702e   0x00000002   PAD
    0x08007030   0x0000000c   Code   RO          990    i.__set_errno       mc_w.l(errno.o)
    0x0800703c   0x00000010   Code   RO          931    i.atan              m_wm.l(atan.o)
    0x0800704c   0x00000020   Code   RO          947    i.fabs              m_wm.l(fabs.o)
    0x0800706c   0x0000006e   Code   RO          958    i.sqrt              m_wm.l(sqrt.o)
    0x080070da   0x00000302   Data   RO          565    .constdata          referee.o
    0x080073dc   0x00000004   PAD
    0x080073e0   0x00000050   Data   RO          867    .constdata          m_wm.l(asin.o)
    0x08007430   0x00000058   Data   RO          893    .constdata          m_wm.l(exp.o)
    0x08007488   0x00000098   Data   RO          932    .constdata          m_wm.l(atan.o)
    0x08007520   0x00000008   Data   RO          955    .constdata          m_wm.l(qnan.o)
    0x08007528   0x00000020   Data   RO         1008    Region$$Table       anon$$obj.o


    Execution Region RW_IRAM1 (Base: 0x20000000, Size: 0x00000d98, Max: 0x00020000, ABSOLUTE, COMPRESSED[0x0000005c])

    Base Addr    Size         Type   Attr      Idx    E Section Name        Object

    0x20000000   0x00000004   Data   RW          217    .data               delay.o
    0x20000004   0x00000004   Data   RW          280    .data               communication.o
    0x20000008   0x00000001   Data   RW          347    .data               6050.o
    0x20000009   0x00000007   PAD
    0x20000010   0x00000070   Data   RW          394    .data               imu.o
    0x20000080   0x00000014   Data   RW          420    .data               controltask.o
    0x20000094   0x0000000c   Data   RW          447    .data               comunicatetask.o
    0x200000a0   0x00000054   Data   RW          474    .data               chassistask.o
    0x200000f4   0x00000044   Data   RW          566    .data               referee.o
    0x20000138   0x00000014   Data   RW          679    .data               system_stm32f4xx.o
    0x2000014c   0x00000010   Data   RW          785    .data               stm32f4xx_rcc.o
    0x2000015c   0x00000004   Data   RW          991    .data               mc_w.l(errno.o)
    0x20000160   0x00000014   Zero   RW            4    .bss                main.o
    0x20000174   0x00000012   Zero   RW          279    .bss                communication.o
    0x20000186   0x00000002   PAD
    0x20000188   0x000000a0   Zero   RW          346    .bss                6050.o
    0x20000228   0x00000084   Zero   RW          393    .bss                imu.o
    0x200002ac   0x00000074   Zero   RW          446    .bss                comunicatetask.o
    0x20000320   0x000001b4   Zero   RW          473    .bss                chassistask.o
    0x200004d4   0x000000c0   Zero   RW          564    .bss                referee.o
    0x20000594   0x00000004   PAD
    0x20000598   0x00000800   Zero   RW          589    STACK               startup_stm32f40_41xxx.o


==============================================================================

Image component sizes


      Code (inc. data)   RO Data    RW Data    ZI Data      Debug   Object Name

       580         20          0          1        160       2869   6050.o
        58          0          0          0          0        451   boot.o
       604         38          0         84        436       3279   chassistask.o
       216         14          0          0          0       1042   clock.o
       940         54          0          4         18       2505   communication.o
      1720         48          0         12        116       4606   comunicatetask.o
       136         20          0         20          0       1498   controltask.o
       256          8          0          4          0       1337   delay.o
       868          6          0          0          0       3254   i2c.o
      3656        188          0        112        132       6002   imu.o
        36          4          0          0         20     303987   main.o
       228         22          0          0          0       1717   misc.o
       396          0          0          0          0       2367   myfunc.o
       488         28          0          0          0       1201   pidtask.o
      2304        138        770         68        192       8121   referee.o
        36          8        392          0       2048        784   startup_stm32f40_41xxx.o
      2540         38          0          0          0       7868   stm32f4xx_can.o
       932         32          0          0          0       6193   stm32f4xx_dma.o
       660         44          0          0          0       3997   stm32f4xx_gpio.o
      1628         52          0         16          0      12736   stm32f4xx_rcc.o
      3234         60          0          0          0      22196   stm32f4xx_tim.o
      1108         34          0          0          0       7692   stm32f4xx_usart.o
       528         46          0         20          0       1727   system_stm32f4xx.o

    ----------------------------------------------------------------------
     23156        902       1198        348       3128     407429   Object Totals
         0          0         32          0          0          0   (incl. Generated)
         4          0          4          7          6          0   (incl. Padding)

    ----------------------------------------------------------------------

      Code (inc. data)   RO Data    RW Data    ZI Data      Debug   Library Member Name

       880        106         80          0          0        200   asin.o
       760        108        152          0          0        344   atan.o
       480         64          0          0          0        156   atan2.o
        32          8          0          0          0        124   dunder.o
       872        146         88          0          0        220   exp.o
        32          0          0          0          0        124   fabs.o
        48          0          0          0          0        124   fpclassify.o
       248          0          0          0          0        152   poly.o
         0          0          8          0          0          0   qnan.o
       110          0          0          0          0        148   sqrt.o
        92          0          0          0          0          0   __dczerorl2.o
         0          0          0          0          0          0   entry.o
         0          0          0          0          0          0   entry10a.o
         0          0          0          0          0          0   entry11a.o
         8          4          0          0          0          0   entry2.o
         4          0          0          0          0          0   entry5.o
         0          0          0          0          0          0   entry7b.o
         0          0          0          0          0          0   entry8b.o
         8          4          0          0          0          0   entry9a.o
        12          6          0          4          0         68   errno.o
        30          0          0          0          0          0   handlers.o
        36          8          0          0          0         68   init.o
         0          0          0          0          0          0   iusefp.o
        30          0          0          0          0         68   llshl.o
        36          0          0          0          0         68   llsshr.o
        32          0          0          0          0         68   llushr.o
        36          0          0          0          0         68   memcpya.o
        36          0          0          0          0        108   memseta.o
        40          2          0          0          0         68   cdcmple.o
        40          2          0          0          0         68   cdrcmple.o
        56          0          0          0          0         88   d2f.o
       334          0          0          0          0        148   dadd.o
       222          0          0          0          0        100   ddiv.o
       190          0          0          0          0        176   depilogue.o
        62          0          0          0          0         80   dfixi.o
        34          0          0          0          0         76   dflti.o
       228          0          0          0          0         96   dmul.o
       162          0          0          0          0        100   dsqrt.o
        38          0          0          0          0         68   f2d.o
       108          0          0          0          0        168   fepilogue.o

    ----------------------------------------------------------------------
      5342        458        328          4          0       3344   Library Totals
         6          0          0          0          0          0   (incl. Padding)

    ----------------------------------------------------------------------

      Code (inc. data)   RO Data    RW Data    ZI Data      Debug   Library Name

      3462        432        328          0          0       1592   m_wm.l
       360         22          0          4          0        516   mc_w.l
      1514          4          0          0          0       1236   mf_w.l

    ----------------------------------------------------------------------
      5342        458        328          4          0       3344   Library Totals

    ----------------------------------------------------------------------

==============================================================================


      Code (inc. data)   RO Data    RW Data    ZI Data      Debug   

     28498       1360       1526        352       3128     404841   Grand Totals
     28498       1360       1526         92       3128     404841   ELF Image Totals (compressed)
     28498       1360       1526         92          0          0   ROM Totals

==============================================================================

    Total RO  Size (Code + RO Data)                30024 (  29.32kB)
    Total RW  Size (RW Data + ZI Data)              3480 (   3.40kB)
    Total ROM Size (Code + RO Data + RW Data)      30116 (  29.41kB)

==============================================================================

