<html>
<body>
<pre>
<h1>µVision Build Log</h1>
<h2>Project:</h2>
E:\RM2018\engineer_cpu\Project\engineerVehicle.uvproj
Project File Date:  03/08/2018

<h2>Output:</h2>
Build target 'engineerVehicle'
compiling main.c...
compiling sys.c...
compiling delay.c...
compiling Boot.c...
compiling Clock.c...
compiling Communication.c...
compiling MyFunc.c...
compiling IWDG.c...
compiling 6050.c...
compiling I2C.c...
compiling Imu.c...
..\User\Src\IMU\Imu.c(42): warning:  #177-D: variable "i" was declared but never referenced
..\User\Src\IMU\Imu.c(52): warning:  #177-D: variable "q0q3" was declared but never referenced
..\User\Src\IMU\Imu.c(54): warning:  #177-D: variable "q1q2" was declared but never referenced
..\User\Src\IMU\Imu.c(257): warning:  #177-D: function "KalmanFilter_speed" was declared but never referenced
compiling ControlTask.c...
compiling ComunicateTask.c...
compiling ChassisTask.c...
compiling PidTask.c...
..\User\Src\Task\PidTask.c(11): warning:  #177-D: variable "last_target" was declared but never referenced
compiling holder.c...
..\User\Src\Task\holder.c(1): warning:  #1-D: last line of file ends without a newline
..\User\Inc\Task\Holder.h(7): warning:  #1-D: last line of file ends without a newline
compiling Referee.c...
..\User\Src\Referee\Referee.c(261): warning:  #550-D: variable "this_time_rx_len" was set but never used
..\User\Src\Referee\Referee.c(262): warning:  #177-D: variable "i" was declared but never referenced
..\User\Src\Referee\Referee.c(285): warning:  #550-D: variable "this_time_rx_len" was set but never used
..\User\Src\Referee\Referee.c(286): warning:  #177-D: variable "i" was declared but never referenced
assembling startup_stm32f40_41xxx.s...
compiling misc.c...
compiling stm32f4xx_adc.c...
compiling stm32f4xx_can.c...
compiling stm32f4xx_usart.c...
compiling system_stm32f4xx.c...
..\Libraries\system_stm32f4xx.c(423): warning:  #550-D: variable "a" was set but never used
..\Libraries\system_stm32f4xx.c(423): warning:  #550-D: variable "b" was set but never used
compiling stm32f4xx_iwdg.c...
compiling stm32f4xx_i2c.c...
compiling stm32f4xx_gpio.c...
compiling stm32f4xx_pwr.c...
compiling stm32f4xx_rcc.c...
compiling stm32f4xx_rtc.c...
compiling stm32f4xx_tim.c...
compiling stm32f4xx_dma.c...
linking...
Program Size: Code=28498 RO-data=1526 RW-data=352 ZI-data=3128  
FromELF: creating hex file...
".\Objects\engineer_chassis.axf" - 0 Errors, 13 Warning(s).
