<html>
<body>
<pre>
<h1>µVision Build Log</h1>
<h2>Project:</h2>
E:\RM2018\engineerVehicle\Project\engineerVehicle.uvproj
Project File Date:  03/07/2018

<h2>Output:</h2>
</pre>
</body>
</html>
cle'
linking...
Program Size: Code=28498 RO-data=1526 RW-data=352 ZI-data=3128  
FromELF: creating hex file...
".\Objects\engineer_chassis.axf" - 0 Errors, 0 Warning(s).
Load "E:\\RM2018\\engineerVehicle\\Project\\Objects\\engineer_chassis.axf" 
Clean started: Project: 'engineerVehicle'
   deleting intermediate output files for target 'engineerVehicle'
