<html>
<body>
<pre>
<h1>µVision Build Log</h1>
<h2>Project:</h2>
E:\RM2018\engineer_cpu\Project\engineerVehicle.uvproj
Project File Date:  04/03/2018

<h2>Output:</h2>
Build target 'engineer_cpu'
linking...
Program Size: Code=30844 RO-data=1588 RW-data=488 ZI-data=3368  
FromELF: creating hex file...
".\Objects\engineer_cpu.axf" - 0 Errors, 0 Warning(s).
Build target 'engineer_cpu'
linking...
Program Size: Code=30844 RO-data=1588 RW-data=488 ZI-data=3368  
FromELF: creating hex file...
".\Objects\engineer_cpu.axf" - 0 Errors, 0 Warning(s).
Build target 'engineer_cpu'
compiling ControlTask.c...
linking...
Program Size: Code=30884 RO-data=1588 RW-data=488 ZI-data=3368  
FromELF: creating hex file...
".\Objects\engineer_cpu.axf" - 0 Errors, 0 Warning(s).
Build target 'engineer_cpu'
compiling ControlTask.c...
linking...
Program Size: Code=30892 RO-data=1588 RW-data=488 ZI-data=3368  
FromELF: creating hex file...
".\Objects\engineer_cpu.axf" - 0 Errors, 0 Warning(s).
Load "E:\\RM2018\\engineer_cpu\\Project\\Objects\\engineer_cpu.axf" 
Erase Done.
Programming Done.
Verify OK.
Application running ...
Build target 'engineer_cpu'
compiling ControlTask.c...
linking...
Program Size: Code=30908 RO-data=1588 RW-data=488 ZI-data=3368  
FromELF: creating hex file...
".\Objects\engineer_cpu.axf" - 0 Errors, 0 Warning(s).
Load "E:\\RM2018\\engineer_cpu\\Project\\Objects\\engineer_cpu.axf" 
Erase Done.
Programming Done.
Verify OK.
Application running ...
Build target 'engineer_cpu'
compiling ControlTask.c...
linking...
Program Size: Code=30916 RO-data=1588 RW-data=488 ZI-data=3368  
FromELF: creating hex file...
".\Objects\engineer_cpu.axf" - 0 Errors, 0 Warning(s).
Build target 'engineer_cpu'
linking...
Program Size: Code=30916 RO-data=1588 RW-data=488 ZI-data=3368  
FromELF: creating hex file...
".\Objects\engineer_cpu.axf" - 0 Errors, 0 Warning(s).
Load "E:\\RM2018\\engineer_cpu\\Project\\Objects\\engineer_cpu.axf" 
Erase Done.
Programming Done.
Verify OK.
Application running ...
Build target 'engineer_cpu'
compiling ControlTask.c...
linking...
Program Size: Code=30916 RO-data=1588 RW-data=488 ZI-data=3368  
FromELF: creating hex file...
".\Objects\engineer_cpu.axf" - 0 Errors, 0 Warning(s).
Build target 'engineer_cpu'
linking...
Program Size: Code=30916 RO-data=1588 RW-data=488 ZI-data=3368  
FromELF: creating hex file...
".\Objects\engineer_cpu.axf" - 0 Errors, 0 Warning(s).
Load "E:\\RM2018\\engineer_cpu\\Project\\Objects\\engineer_cpu.axf" 
Erase Done.
Programming Done.
Verify OK.
Application running ...
Build target 'engineer_cpu'
compiling ControlTask.c...
linking...
Program Size: Code=30908 RO-data=1588 RW-data=488 ZI-data=3368  
FromELF: creating hex file...
".\Objects\engineer_cpu.axf" - 0 Errors, 0 Warning(s).
Load "E:\\RM2018\\engineer_cpu\\Project\\Objects\\engineer_cpu.axf" 
Erase Done.
Programming Done.
Verify OK.
Application running ...
Build target 'engineer_cpu'
compiling ControlTask.c...
linking...
Program Size: Code=30908 RO-data=1588 RW-data=488 ZI-data=3368  
FromELF: creating hex file...
".\Objects\engineer_cpu.axf" - 0 Errors, 0 Warning(s).
Load "E:\\RM2018\\engineer_cpu\\Project\\Objects\\engineer_cpu.axf" 
Erase Done.
Programming Done.
Verify OK.
Application running ...
